Archive member included to satisfy reference by file (symbol)

/Users/rouyun/Desktop/IYRC-2026/.arduino/build/unoq/core/core.a(String.cpp.o)
                              /Users/rouyun/Desktop/IYRC-2026/.arduino/build/unoq/sketch/LinkGuard_Arduino.ino.cpp.o (arduino::String::String(arduino::String&&))
/Users/rouyun/Desktop/IYRC-2026/.arduino/build/unoq/core/core.a(itoa.cpp.o)
                              /Users/rouyun/Desktop/IYRC-2026/.arduino/build/unoq/core/core.a(String.cpp.o) (dtostrf)
/Users/rouyun/Desktop/IYRC-2026/.arduino/build/unoq/core/core.a(llext_wrappers.c.o)
                              /Users/rouyun/Desktop/IYRC-2026/.arduino/build/unoq/sketch/LinkGuard_Arduino.ino.cpp.o (memcpy)
/Users/rouyun/Desktop/IYRC-2026/.arduino/build/unoq/core/core.a(main.cpp.o)
                              (main)
/Users/rouyun/Desktop/IYRC-2026/.arduino/build/unoq/core/core.a(new.cpp.o)
                              /Users/rouyun/Desktop/IYRC-2026/.arduino/build/unoq/sketch/LinkGuard_Arduino.ino.cpp.o (operator new(unsigned int))
/Users/rouyun/Desktop/IYRC-2026/.arduino/build/unoq/core/core.a(threads.cpp.o)
                              /Users/rouyun/Desktop/IYRC-2026/.arduino/build/unoq/core/core.a(main.cpp.o) (start_static_threads())
/Users/rouyun/Desktop/IYRC-2026/.arduino/build/unoq/core/core.a(wiring_digital.cpp.o)
                              /Users/rouyun/Desktop/IYRC-2026/.arduino/build/unoq/sketch/LinkGuard_Arduino.ino.cpp.o (pinMode)
/Users/rouyun/Desktop/IYRC-2026/.arduino/build/unoq/core/core.a(zephyrSerial.cpp.o)
                              /Users/rouyun/Desktop/IYRC-2026/.arduino/build/unoq/libraries/Arduino_RouterBridge/singletons.cpp.o (Serial2)
/Users/rouyun/Desktop/IYRC-2026/.arduino/build/unoq/core/core.a(zephyrCommon.cpp.o)
                              /Users/rouyun/Desktop/IYRC-2026/.arduino/build/unoq/core/core.a(zephyrSerial.cpp.o) (yield)
/Users/rouyun/Desktop/IYRC-2026/.arduino/build/unoq/core/core.a(zephyrPinctrl.cpp.o)
                              /Users/rouyun/Desktop/IYRC-2026/.arduino/build/unoq/core/core.a(zephyrSerial.cpp.o) (zephyr::arduino::init_dev_apply_pinctrl(device const*))
/Users/rouyun/Desktop/IYRC-2026/.arduino/data/packages/zephyr/tools/arm-zephyr-eabi/0.16.8/bin/../lib/gcc/arm-zephyr-eabi/12.2.0/../../../../arm-zephyr-eabi/lib/thumb/v8-m.main+fp/hard/libstdc++_nano.a(functexcept.o)
                              /Users/rouyun/Desktop/IYRC-2026/.arduino/build/unoq/sketch/LinkGuard_Arduino.ino.cpp.o (std::__throw_bad_alloc())

Discarded input sections

 .group         0x0000000000000000       0x2c /Users/rouyun/Desktop/IYRC-2026/.arduino/build/unoq/sketch/LinkGuard_Arduino.ino.cpp.o
 .group         0x0000000000000000        0x8 /Users/rouyun/Desktop/IYRC-2026/.arduino/build/unoq/sketch/LinkGuard_Arduino.ino.cpp.o
 .group         0x0000000000000000        0x8 /Users/rouyun/Desktop/IYRC-2026/.arduino/build/unoq/sketch/LinkGuard_Arduino.ino.cpp.o
 .group         0x0000000000000000        0x8 /Users/rouyun/Desktop/IYRC-2026/.arduino/build/unoq/sketch/LinkGuard_Arduino.ino.cpp.o
 .group         0x0000000000000000        0xc /Users/rouyun/Desktop/IYRC-2026/.arduino/build/unoq/sketch/LinkGuard_Arduino.ino.cpp.o
 .group         0x0000000000000000        0x8 /Users/rouyun/Desktop/IYRC-2026/.arduino/build/unoq/sketch/LinkGuard_Arduino.ino.cpp.o
 .group         0x0000000000000000        0xc /Users/rouyun/Desktop/IYRC-2026/.arduino/build/unoq/sketch/LinkGuard_Arduino.ino.cpp.o
 .group         0x0000000000000000        0xc /Users/rouyun/Desktop/IYRC-2026/.arduino/build/unoq/sketch/LinkGuard_Arduino.ino.cpp.o
 .group         0x0000000000000000        0xc /Users/rouyun/Desktop/IYRC-2026/.arduino/build/unoq/sketch/LinkGuard_Arduino.ino.cpp.o
 .group         0x0000000000000000        0xc /Users/rouyun/Desktop/IYRC-2026/.arduino/build/unoq/sketch/LinkGuard_Arduino.ino.cpp.o
 .group         0x0000000000000000        0xc /Users/rouyun/Desktop/IYRC-2026/.arduino/build/unoq/sketch/LinkGuard_Arduino.ino.cpp.o
 .group         0x0000000000000000        0xc /Users/rouyun/Desktop/IYRC-2026/.arduino/build/unoq/sketch/LinkGuard_Arduino.ino.cpp.o
 .group         0x0000000000000000        0xc /Users/rouyun/Desktop/IYRC-2026/.arduino/build/unoq/sketch/LinkGuard_Arduino.ino.cpp.o
 .group         0x0000000000000000        0xc /Users/rouyun/Desktop/IYRC-2026/.arduino/build/unoq/sketch/LinkGuard_Arduino.ino.cpp.o
 .group         0x0000000000000000        0xc /Users/rouyun/Desktop/IYRC-2026/.arduino/build/unoq/sketch/LinkGuard_Arduino.ino.cpp.o
 .group         0x0000000000000000        0xc /Users/rouyun/Desktop/IYRC-2026/.arduino/build/unoq/sketch/LinkGuard_Arduino.ino.cpp.o
 .group         0x0000000000000000        0xc /Users/rouyun/Desktop/IYRC-2026/.arduino/build/unoq/sketch/LinkGuard_Arduino.ino.cpp.o
 .group         0x0000000000000000        0xc /Users/rouyun/Desktop/IYRC-2026/.arduino/build/unoq/sketch/LinkGuard_Arduino.ino.cpp.o
[...]
Memory Configuration

Name             Origin             Length             Attributes
*default*        0x0000000000000000 0xffffffffffffffff

Linker script and memory map

LOAD /Users/rouyun/Desktop/IYRC-2026/.arduino/data/packages/zephyr/tools/arm-zephyr-eabi/0.16.8/bin/../lib/gcc/arm-zephyr-eabi/12.2.0/../../../../arm-zephyr-eabi/lib/thumb/v8-m.main+fp/hard/libstdc++_nano.a
LOAD /Users/rouyun/Desktop/IYRC-2026/.arduino/data/packages/zephyr/tools/arm-zephyr-eabi/0.16.8/bin/../lib/gcc/arm-zephyr-eabi/12.2.0/../../../../arm-zephyr-eabi/lib/thumb/v8-m.main+fp/hard/libsupc++_nano.a
LOAD /Users/rouyun/Desktop/IYRC-2026/.arduino/data/packages/zephyr/tools/arm-zephyr-eabi/0.16.8/bin/../lib/gcc/arm-zephyr-eabi/12.2.0/../../../../arm-zephyr-eabi/lib/thumb/v8-m.main+fp/hard/libnosys.a
LOAD /Users/rouyun/Desktop/IYRC-2026/.arduino/build/unoq/sketch/LinkGuard_Arduino.ino.cpp.o
LOAD /Users/rouyun/Desktop/IYRC-2026/.arduino/build/unoq/libraries/Arduino_RouterBridge/singletons.cpp.o
LOAD /Users/rouyun/Desktop/IYRC-2026/.arduino/build/unoq/core/analogReference.cpp.o
LOAD /Users/rouyun/Desktop/IYRC-2026/.arduino/build/unoq/core/tls-syms.S.o
START GROUP
LOAD /Users/rouyun/Desktop/IYRC-2026/.arduino/build/unoq/core/core.a
LOAD /Users/rouyun/Desktop/IYRC-2026/.arduino/data/packages/zephyr/tools/arm-zephyr-eabi/0.16.8/bin/../lib/gcc/arm-zephyr-eabi/12.2.0/../../../../arm-zephyr-eabi/lib/thumb/v8-m.main+fp/hard/libstdc++_nano.a
LOAD /Users/rouyun/Desktop/IYRC-2026/.arduino/data/packages/zephyr/tools/arm-zephyr-eabi/0.16.8/bin/../lib/gcc/arm-zephyr-eabi/12.2.0/../../../../arm-zephyr-eabi/lib/thumb/v8-m.main+fp/hard/libsupc++_nano.a
LOAD /Users/rouyun/Desktop/IYRC-2026/.arduino/data/packages/zephyr/tools/arm-zephyr-eabi/0.16.8/bin/../lib/gcc/arm-zephyr-eabi/12.2.0/../../../../arm-zephyr-eabi/lib/thumb/v8-m.main+fp/hard/libm_nano.a
END GROUP

.rodata         0x0000000000000000      0x490
 *(.rodata._ZN6zephyr7arduinoL11pinctrl_mapE)
 .rodata._ZN6zephyr7arduinoL11pinctrl_mapE
                0x0000000000000000       0x88 /Users/rouyun/Desktop/IYRC-2026/.arduino/build/unoq/core/core.a(zephyrPinctrl.cpp.o)
 *(.rodata._ZN6zephyr7arduinoL12arduino_pinsE)
 .rodata._ZN6zephyr7arduinoL12arduino_pinsE
                0x0000000000000088      0x230 /Users/rouyun/Desktop/IYRC-2026/.arduino/build/unoq/core/core.a(wiring_digital.cpp.o)
 *(.rodata._ZN6zephyr7arduinoL35__pinctrl_states__device_dts_ord_17E)
 .rodata._ZN6zephyr7arduinoL35__pinctrl_states__device_dts_ord_17E
                0x00000000000002b8       0x18 /Users/rouyun/Desktop/IYRC-2026/.arduino/build/unoq/core/core.a(zephyrPinctrl.cpp.o)
 *(.rodata._ZN6zephyr7arduinoL35__pinctrl_states__device_dts_ord_25E)
 .rodata._ZN6zephyr7arduinoL35__pinctrl_states__device_dts_ord_25E
                0x00000000000002d0        0x8 /Users/rouyun/Desktop/IYRC-2026/.arduino/build/unoq/core/core.a(zephyrPinctrl.cpp.o)
 *(.rodata._ZN6zephyr7arduinoL35__pinctrl_states__device_dts_ord_29E)
 .rodata._ZN6zephyr7arduinoL35__pinctrl_states__device_dts_ord_29E
                0x00000000000002d8        0x8 /Users/rouyun/Desktop/IYRC-2026/.arduino/build/unoq/core/core.a(zephyrPinctrl.cpp.o)
 *(.rodata._ZN6zephyr7arduinoL35__pinctrl_states__device_dts_ord_35E)
 .rodata._ZN6zephyr7arduinoL35__pinctrl_states__device_dts_ord_35E
                0x00000000000002e0       0x10 /Users/rouyun/Desktop/IYRC-2026/.arduino/build/unoq/core/core.a(zephyrPinctrl.cpp.o)
 *(.rodata._ZN6zephyr7arduinoL35__pinctrl_states__device_dts_ord_55E)
 .rodata._ZN6zephyr7arduinoL35__pinctrl_states__device_dts_ord_55E
                0x00000000000002f0        0x8 /Users/rouyun/Desktop/IYRC-2026/.arduino/build/unoq/core/core.a(zephyrPinctrl.cpp.o)
 *(.rodata._ZN6zephyr7arduinoL35__pinctrl_states__device_dts_ord_64E)
 .rodata._ZN6zephyr7arduinoL35__pinctrl_states__device_dts_ord_64E
                0x00000000000002f8        0x8 /Users/rouyun/Desktop/IYRC-2026/.arduino/build/unoq/core/core.a(zephyrPinctrl.cpp.o)
 *(.rodata._ZN6zephyr7arduinoL35__pinctrl_states__device_dts_ord_67E)
 .rodata._ZN6zephyr7arduinoL35__pinctrl_states__device_dts_ord_67E
                0x0000000000000300        0x8 /Users/rouyun/Desktop/IYRC-2026/.arduino/build/unoq/core/core.a(zephyrPinctrl.cpp.o)
 *(.rodata._ZN6zephyr7arduinoL35__pinctrl_states__device_dts_ord_72E)
 .rodata._ZN6zephyr7arduinoL35__pinctrl_states__device_dts_ord_72E
                0x0000000000000308        0x8 /Users/rouyun/Desktop/IYRC-2026/.arduino/build/unoq/core/core.a(zephyrPinctrl.cpp.o)
 *(.rodata._ZN6zephyr7arduinoL35__pinctrl_states__device_dts_ord_80E)
 .rodata._ZN6zephyr7arduinoL35__pinctrl_states__device_dts_ord_80E
                0x0000000000000310       0x10 /Users/rouyun/Desktop/IYRC-2026/.arduino/build/unoq/core/core.a(zephyrPinctrl.cpp.o)
 *(.rodata._ZN6zephyr7arduinoL35__pinctrl_states__device_dts_ord_85E)
 .rodata._ZN6zephyr7arduinoL35__pinctrl_states__device_dts_ord_85E
                0x0000000000000320        0x8 /Users/rouyun/Desktop/IYRC-2026/.arduino/build/unoq/core/core.a(zephyrPinctrl.cpp.o)
 *(.rodata._ZN6zephyr7arduinoL35__pinctrl_states__device_dts_ord_97E)
 .rodata._ZN6zephyr7arduinoL35__pinctrl_states__device_dts_ord_97E
                0x0000000000000328       0x18 /Users/rouyun/Desktop/IYRC-2026/.arduino/build/unoq/core/core.a(zephyrPinctrl.cpp.o)
 *(.rodata._ZN6zephyr7arduinoL36__pinctrl_states__device_dts_ord_102E)
 .rodata._ZN6zephyr7arduinoL36__pinctrl_states__device_dts_ord_102E
                0x0000000000000340       0x18 /Users/rouyun/Desktop/IYRC-2026/.arduino/build/unoq/core/core.a(zephyrPinctrl.cpp.o)
 *(.rodata._ZN6zephyr7arduinoL36__pinctrl_states__device_dts_ord_106E)
 .rodata._ZN6zephyr7arduinoL36__pinctrl_states__device_dts_ord_106E
                0x0000000000000358       0x18 /Users/rouyun/Desktop/IYRC-2026/.arduino/build/unoq/core/core.a(zephyrPinctrl.cpp.o)
 *(.rodata._ZN6zephyr7arduinoL36__pinctrl_states__device_dts_ord_111E)
 .rodata._ZN6zephyr7arduinoL36__pinctrl_states__device_dts_ord_111E
                0x0000000000000370       0x18 /Users/rouyun/Desktop/IYRC-2026/.arduino/build/unoq/core/core.a(zephyrPinctrl.cpp.o)
 *(.rodata._ZN6zephyr7arduinoL36__pinctrl_states__device_dts_ord_117E)
 .rodata._ZN6zephyr7arduinoL36__pinctrl_states__device_dts_ord_117E
                0x0000000000000388       0x18 /Users/rouyun/Desktop/IYRC-2026/.arduino/build/unoq/core/core.a(zephyrPinctrl.cpp.o)
 *(.rodata._ZN6zephyr7arduinoL36__pinctrl_states__device_dts_ord_120E)
 .rodata._ZN6zephyr7arduinoL36__pinctrl_states__device_dts_ord_120E
                0x00000000000003a0       0x18 /Users/rouyun/Desktop/IYRC-2026/.arduino/build/unoq/core/core.a(zephyrPinctrl.cpp.o)
 *(.rodata._ZN6zephyr7arduinoL39__pinctrl_dev_config__device_dts_ord_17E)
 .rodata._ZN6zephyr7arduinoL39__pinctrl_dev_config__device_dts_ord_17E
                0x00000000000003b8        0x8 /Users/rouyun/Desktop/IYRC-2026/.arduino/build/unoq/core/core.a(zephyrPinctrl.cpp.o)
 *(.rodata._ZN6zephyr7arduinoL39__pinctrl_dev_config__device_dts_ord_25E)
 .rodata._ZN6zephyr7arduinoL39__pinctrl_dev_config__device_dts_ord_25E
                0x00000000000003c0        0x8 /Users/rouyun/Desktop/IYRC-2026/.arduino/build/unoq/core/core.a(zephyrPinctrl.cpp.o)
 *(.rodata._ZN6zephyr7arduinoL39__pinctrl_dev_config__device_dts_ord_29E)
 .rodata._ZN6zephyr7arduinoL39__pinctrl_dev_config__device_dts_ord_29E
                0x00000000000003c8        0x8 /Users/rouyun/Desktop/IYRC-2026/.arduino/build/unoq/core/core.a(zephyrPinctrl.cpp.o)
 *(.rodata._ZN6zephyr7arduinoL39__pinctrl_dev_config__device_dts_ord_35E)
 .rodata._ZN6zephyr7arduinoL39__pinctrl_dev_config__device_dts_ord_35E
                0x00000000000003d0        0x8 /Users/rouyun/Desktop/IYRC-2026/.arduino/build/unoq/core/core.a(zephyrPinctrl.cpp.o)
 *(.rodata._ZN6zephyr7arduinoL39__pinctrl_dev_config__device_dts_ord_55E)
 .rodata._ZN6zephyr7arduinoL39__pinctrl_dev_config__device_dts_ord_55E
                0x00000000000003d8        0x8 /Users/rouyun/Desktop/IYRC-2026/.arduino/build/unoq/core/core.a(zephyrPinctrl.cpp.o)
 *(.rodata._ZN6zephyr7arduinoL39__pinctrl_dev_config__device_dts_ord_64E)
 .rodata._ZN6zephyr7arduinoL39__pinctrl_dev_config__device_dts_ord_64E
                0x00000000000003e0        0x8 /Users/rouyun/Desktop/IYRC-2026/.arduino/build/unoq/core/core.a(zephyrPinctrl.cpp.o)
 *(.rodata._ZN6zephyr7arduinoL39__pinctrl_dev_config__device_dts_ord_67E)
 .rodata._ZN6zephyr7arduinoL39__pinctrl_dev_config__device_dts_ord_67E
                0x00000000000003e8        0x8 /Users/rouyun/Desktop/IYRC-2026/.arduino/build/unoq/core/core.a(zephyrPinctrl.cpp.o)
 *(.rodata._ZN6zephyr7arduinoL39__pinctrl_dev_config__device_dts_ord_72E)
 .rodata._ZN6zephyr7arduinoL39__pinctrl_dev_config__device_dts_ord_72E
                0x00000000000003f0        0x8 /Users/rouyun/Desktop/IYRC-2026/.arduino/build/unoq/core/core.a(zephyrPinctrl.cpp.o)
 *(.rodata._ZN6zephyr7arduinoL39__pinctrl_dev_config__device_dts_ord_80E)
 .rodata._ZN6zephyr7arduinoL39__pinctrl_dev_config__device_dts_ord_80E
                0x00000000000003f8        0x8 /Users/rouyun/Desktop/IYRC-2026/.arduino/build/unoq/core/core.a(zephyrPinctrl.cpp.o)
 *(.rodata._ZN6zephyr7arduinoL39__pinctrl_dev_config__device_dts_ord_85E)
 .rodata._ZN6zephyr7arduinoL39__pinctrl_dev_config__device_dts_ord_85E
                0x0000000000000400        0x8 /Users/rouyun/Desktop/IYRC-2026/.arduino/build/unoq/core/core.a(zephyrPinctrl.cpp.o)
 *(.rodata._ZN6zephyr7arduinoL39__pinctrl_dev_config__device_dts_ord_97E)
 .rodata._ZN6zephyr7arduinoL39__pinctrl_dev_config__device_dts_ord_97E
                0x0000000000000408        0x8 /Users/rouyun/Desktop/IYRC-2026/.arduino/build/unoq/core/core.a(zephyrPinctrl.cpp.o)
 *(.rodata._ZN6zephyr7arduinoL40__pinctrl_dev_config__device_dts_ord_102E)
 .rodata._ZN6zephyr7arduinoL40__pinctrl_dev_config__device_dts_ord_102E
                0x0000000000000410        0x8 /Users/rouyun/Desktop/IYRC-2026/.arduino/build/unoq/core/core.a(zephyrPinctrl.cpp.o)
 *(.rodata._ZN6zephyr7arduinoL40__pinctrl_dev_config__device_dts_ord_106E)
 .rodata._ZN6zephyr7arduinoL40__pinctrl_dev_config__device_dts_ord_106E
                0x0000000000000418        0x8 /Users/rouyun/Desktop/IYRC-2026/.arduino/build/unoq/core/core.a(zephyrPinctrl.cpp.o)
 *(.rodata._ZN6zephyr7arduinoL40__pinctrl_dev_config__device_dts_ord_111E)
 .rodata._ZN6zephyr7arduinoL40__pinctrl_dev_config__device_dts_ord_111E
                0x0000000000000420        0x8 /Users/rouyun/Desktop/IYRC-2026/.arduino/build/unoq/core/core.a(zephyrPinctrl.cpp.o)
 *(.rodata._ZN6zephyr7arduinoL40__pinctrl_dev_config__device_dts_ord_117E)
 .rodata._ZN6zephyr7arduinoL40__pinctrl_dev_config__device_dts_ord_117E
                0x0000000000000428        0x8 /Users/rouyun/Desktop/IYRC-2026/.arduino/build/unoq/core/core.a(zephyrPinctrl.cpp.o)
 *(.rodata._ZN6zephyr7arduinoL40__pinctrl_dev_config__device_dts_ord_120E)
 .rodata._ZN6zephyr7arduinoL40__pinctrl_dev_config__device_dts_ord_120E
                0x0000000000000430        0x8 /Users/rouyun/Desktop/IYRC-2026/.arduino/build/unoq/core/core.a(zephyrPinctrl.cpp.o)
 *(.rodata._ZTV13BridgeMonitorILj512EE)
 .rodata._ZTV13BridgeMonitorILj512EE
                0x0000000000000438       0x24 /Users/rouyun/Desktop/IYRC-2026/.arduino/build/unoq/libraries/Arduino_RouterBridge/singletons.cpp.o
                0x0000000000000438                vtable for BridgeMonitor<512u>
 *(.rodata._ZTVN7arduino12ZephyrSerialE)
 .rodata._ZTVN7arduino12ZephyrSerialE
                0x000000000000045c       0x34 /Users/rouyun/Desktop/IYRC-2026/.arduino/build/unoq/core/core.a(zephyrSerial.cpp.o)
                0x000000000000045c                vtable for arduino::ZephyrSerial

.llext.rodata.noreloc
                0x0000000000000490      0x32b
 *(.rodata._ZN10RpcDecoderILj1024EE12get_responseIN7arduino7msgpack6object5nil_tEEEbjRT_R8RpcError.str1.1)
 .rodata._ZN10RpcDecoderILj1024EE12get_responseIN7arduino7msgpack6object5nil_tEEEbjRT_R8RpcError.str1.1
                0x0000000000000490       0x7b /Users/rouyun/Desktop/IYRC-2026/.arduino/build/unoq/libraries/Arduino_RouterBridge/singletons.cpp.o
 *(.rodata._ZN11BridgeClass11update_safeEv.str1.1)
 .rodata._ZN11BridgeClass11update_safeEv.str1.1
                0x000000000000050b        0x9 /Users/rouyun/Desktop/IYRC-2026/.arduino/build/unoq/sketch/LinkGuard_Arduino.ino.cpp.o
 *(.rodata._ZN13BridgeMonitorILj512EE5_readEj.str1.1)
 .rodata._ZN13BridgeMonitorILj512EE5_readEj.str1.1
                0x0000000000000514        0x9 /Users/rouyun/Desktop/IYRC-2026/.arduino/build/unoq/libraries/Arduino_RouterBridge/singletons.cpp.o
 *(.rodata._ZN13BridgeMonitorILj512EE5writeEPKhj.str1.1)
 .rodata._ZN13BridgeMonitorILj512EE5writeEPKhj.str1.1
                0x000000000000051d        0xa /Users/rouyun/Desktop/IYRC-2026/.arduino/build/unoq/libraries/Arduino_RouterBridge/singletons.cpp.o
 *(.rodata._ZN13BridgeMonitorILj512EEcvbEv.str1.1)
 .rodata._ZN13BridgeMonitorILj512EEcvbEv.str1.1
                0x0000000000000527       0x4d /Users/rouyun/Desktop/IYRC-2026/.arduino/build/unoq/libraries/Arduino_RouterBridge/singletons.cpp.o
 *(.rodata._ZN6zephyr7arduinoL41__pinctrl_state_pins_0__device_dts_ord_17E)
 .rodata._ZN6zephyr7arduinoL41__pinctrl_state_pins_0__device_dts_ord_17E
                0x0000000000000574        0x0 /Users/rouyun/Desktop/IYRC-2026/.arduino/build/unoq/core/core.a(zephyrPinctrl.cpp.o)
 *(.rodata._ZN6zephyr7arduinoL41__pinctrl_state_pins_0__device_dts_ord_25E)
 .rodata._ZN6zephyr7arduinoL41__pinctrl_state_pins_0__device_dts_ord_25E
                0x0000000000000574       0x10 /Users/rouyun/Desktop/IYRC-2026/.arduino/build/unoq/core/core.a(zephyrPinctrl.cpp.o)
 *(.rodata._ZN6zephyr7arduinoL41__pinctrl_state_pins_0__device_dts_ord_29E)
 .rodata._ZN6zephyr7arduinoL41__pinctrl_state_pins_0__device_dts_ord_29E
                0x0000000000000584       0x10 /Users/rouyun/Desktop/IYRC-2026/.arduino/build/unoq/core/core.a(zephyrPinctrl.cpp.o)
 *(.rodata._ZN6zephyr7arduinoL41__pinctrl_state_pins_0__device_dts_ord_35E)
 .rodata._ZN6zephyr7arduinoL41__pinctrl_state_pins_0__device_dts_ord_35E
                0x0000000000000594       0x10 /Users/rouyun/Desktop/IYRC-2026/.arduino/build/unoq/core/core.a(zephyrPinctrl.cpp.o)
 *(.rodata._ZN6zephyr7arduinoL41__pinctrl_state_pins_0__device_dts_ord_55E)
 .rodata._ZN6zephyr7arduinoL41__pinctrl_state_pins_0__device_dts_ord_55E
                0x00000000000005a4       0x10 /Users/rouyun/Desktop/IYRC-2026/.arduino/build/unoq/core/core.a(zephyrPinctrl.cpp.o)
 *(.rodata._ZN6zephyr7arduinoL41__pinctrl_state_pins_0__device_dts_ord_64E)
 .rodata._ZN6zephyr7arduinoL41__pinctrl_state_pins_0__device_dts_ord_64E
                0x00000000000005b4       0x10 /Users/rouyun/Desktop/IYRC-2026/.arduino/build/unoq/core/core.a(zephyrPinctrl.cpp.o)
 *(.rodata._ZN6zephyr7arduinoL41__pinctrl_state_pins_0__device_dts_ord_67E)
 .rodata._ZN6zephyr7arduinoL41__pinctrl_state_pins_0__device_dts_ord_67E
                0x00000000000005c4       0x10 /Users/rouyun/Desktop/IYRC-2026/.arduino/build/unoq/core/core.a(zephyrPinctrl.cpp.o)
 *(.rodata._ZN6zephyr7arduinoL41__pinctrl_state_pins_0__device_dts_ord_72E)
 .rodata._ZN6zephyr7arduinoL41__pinctrl_state_pins_0__device_dts_ord_72E
                0x00000000000005d4       0x20 /Users/rouyun/Desktop/IYRC-2026/.arduino/build/unoq/core/core.a(zephyrPinctrl.cpp.o)
 *(.rodata._ZN6zephyr7arduinoL41__pinctrl_state_pins_0__device_dts_ord_80E)
 .rodata._ZN6zephyr7arduinoL41__pinctrl_state_pins_0__device_dts_ord_80E
                0x00000000000005f4       0x20 /Users/rouyun/Desktop/IYRC-2026/.arduino/build/unoq/core/core.a(zephyrPinctrl.cpp.o)
 *(.rodata._ZN6zephyr7arduinoL41__pinctrl_state_pins_0__device_dts_ord_85E)
 .rodata._ZN6zephyr7arduinoL41__pinctrl_state_pins_0__device_dts_ord_85E
                0x0000000000000614       0x20 /Users/rouyun/Desktop/IYRC-2026/.arduino/build/unoq/core/core.a(zephyrPinctrl.cpp.o)
 *(.rodata._ZN6zephyr7arduinoL41__pinctrl_state_pins_0__device_dts_ord_97E)
 .rodata._ZN6zephyr7arduinoL41__pinctrl_state_pins_0__device_dts_ord_97E
                0x0000000000000634        0x0 /Users/rouyun/Desktop/IYRC-2026/.arduino/build/unoq/core/core.a(zephyrPinctrl.cpp.o)
 *(.rodata._ZN6zephyr7arduinoL41__pinctrl_state_pins_1__device_dts_ord_17E)
 .rodata._ZN6zephyr7arduinoL41__pinctrl_state_pins_1__device_dts_ord_17E
                0x0000000000000634        0x0 /Users/rouyun/Desktop/IYRC-2026/.arduino/build/unoq/core/core.a(zephyrPinctrl.cpp.o)
 *(.rodata._ZN6zephyr7arduinoL41__pinctrl_state_pins_1__device_dts_ord_35E)
 .rodata._ZN6zephyr7arduinoL41__pinctrl_state_pins_1__device_dts_ord_35E
                0x0000000000000634       0x10 /Users/rouyun/Desktop/IYRC-2026/.arduino/build/unoq/core/core.a(zephyrPinctrl.cpp.o)
 *(.rodata._ZN6zephyr7arduinoL41__pinctrl_state_pins_1__device_dts_ord_80E)
 .rodata._ZN6zephyr7arduinoL41__pinctrl_state_pins_1__device_dts_ord_80E
                0x0000000000000644       0x18 /Users/rouyun/Desktop/IYRC-2026/.arduino/build/unoq/core/core.a(zephyrPinctrl.cpp.o)
 *(.rodata._ZN6zephyr7arduinoL41__pinctrl_state_pins_1__device_dts_ord_97E)
 .rodata._ZN6zephyr7arduinoL41__pinctrl_state_pins_1__device_dts_ord_97E
                0x000000000000065c        0x0 /Users/rouyun/Desktop/IYRC-2026/.arduino/build/unoq/core/core.a(zephyrPinctrl.cpp.o)
 *(.rodata._ZN6zephyr7arduinoL41__pinctrl_state_pins_2__device_dts_ord_17E)
 .rodata._ZN6zephyr7arduinoL41__pinctrl_state_pins_2__device_dts_ord_17E
                0x000000000000065c       0x30 /Users/rouyun/Desktop/IYRC-2026/.arduino/build/unoq/core/core.a(zephyrPinctrl.cpp.o)
 *(.rodata._ZN6zephyr7arduinoL41__pinctrl_state_pins_2__device_dts_ord_97E)
 .rodata._ZN6zephyr7arduinoL41__pinctrl_state_pins_2__device_dts_ord_97E
                0x000000000000068c       0x18 /Users/rouyun/Desktop/IYRC-2026/.arduino/build/unoq/core/core.a(zephyrPinctrl.cpp.o)
 *(.rodata._ZN6zephyr7arduinoL42__pinctrl_state_pins_0__device_dts_ord_102E)
 .rodata._ZN6zephyr7arduinoL42__pinctrl_state_pins_0__device_dts_ord_102E
                0x00000000000006a4        0x0 /Users/rouyun/Desktop/IYRC-2026/.arduino/build/unoq/core/core.a(zephyrPinctrl.cpp.o)
 *(.rodata._ZN6zephyr7arduinoL42__pinctrl_state_pins_0__device_dts_ord_106E)
 .rodata._ZN6zephyr7arduinoL42__pinctrl_state_pins_0__device_dts_ord_106E
                0x00000000000006a4        0x0 /Users/rouyun/Desktop/IYRC-2026/.arduino/build/unoq/core/core.a(zephyrPinctrl.cpp.o)
 *(.rodata._ZN6zephyr7arduinoL42__pinctrl_state_pins_0__device_dts_ord_111E)
 .rodata._ZN6zephyr7arduinoL42__pinctrl_state_pins_0__device_dts_ord_111E
                0x00000000000006a4        0x0 /Users/rouyun/Desktop/IYRC-2026/.arduino/build/unoq/core/core.a(zephyrPinctrl.cpp.o)
 *(.rodata._ZN6zephyr7arduinoL42__pinctrl_state_pins_0__device_dts_ord_117E)
 .rodata._ZN6zephyr7arduinoL42__pinctrl_state_pins_0__device_dts_ord_117E
                0x00000000000006a4        0x0 /Users/rouyun/Desktop/IYRC-2026/.arduino/build/unoq/core/core.a(zephyrPinctrl.cpp.o)
 *(.rodata._ZN6zephyr7arduinoL42__pinctrl_state_pins_0__device_dts_ord_120E)
 .rodata._ZN6zephyr7arduinoL42__pinctrl_state_pins_0__device_dts_ord_120E
                0x00000000000006a4        0x0 /Users/rouyun/Desktop/IYRC-2026/.arduino/build/unoq/core/core.a(zephyrPinctrl.cpp.o)
 *(.rodata._ZN6zephyr7arduinoL42__pinctrl_state_pins_1__device_dts_ord_102E)
 .rodata._ZN6zephyr7arduinoL42__pinctrl_state_pins_1__device_dts_ord_102E
                0x00000000000006a4        0x0 /Users/rouyun/Desktop/IYRC-2026/.arduino/build/unoq/core/core.a(zephyrPinctrl.cpp.o)
 *(.rodata._ZN6zephyr7arduinoL42__pinctrl_state_pins_1__device_dts_ord_106E)
 .rodata._ZN6zephyr7arduinoL42__pinctrl_state_pins_1__device_dts_ord_106E
                0x00000000000006a4        0x0 /Users/rouyun/Desktop/IYRC-2026/.arduino/build/unoq/core/core.a(zephyrPinctrl.cpp.o)
 *(.rodata._ZN6zephyr7arduinoL42__pinctrl_state_pins_1__device_dts_ord_111E)
 .rodata._ZN6zephyr7arduinoL42__pinctrl_state_pins_1__device_dts_ord_111E
                0x00000000000006a4        0x0 /Users/rouyun/Desktop/IYRC-2026/.arduino/build/unoq/core/core.a(zephyrPinctrl.cpp.o)
 *(.rodata._ZN6zephyr7arduinoL42__pinctrl_state_pins_1__device_dts_ord_117E)
 .rodata._ZN6zephyr7arduinoL42__pinctrl_state_pins_1__device_dts_ord_117E
                0x00000000000006a4        0x0 /Users/rouyun/Desktop/IYRC-2026/.arduino/build/unoq/core/core.a(zephyrPinctrl.cpp.o)
 *(.rodata._ZN6zephyr7arduinoL42__pinctrl_state_pins_1__device_dts_ord_120E)
 .rodata._ZN6zephyr7arduinoL42__pinctrl_state_pins_1__device_dts_ord_120E
                0x00000000000006a4        0x0 /Users/rouyun/Desktop/IYRC-2026/.arduino/build/unoq/core/core.a(zephyrPinctrl.cpp.o)
 *(.rodata._ZN6zephyr7arduinoL42__pinctrl_state_pins_2__device_dts_ord_102E)
 .rodata._ZN6zephyr7arduinoL42__pinctrl_state_pins_2__device_dts_ord_102E
                0x00000000000006a4       0x18 /Users/rouyun/Desktop/IYRC-2026/.arduino/build/unoq/core/core.a(zephyrPinctrl.cpp.o)
 *(.rodata._ZN6zephyr7arduinoL42__pinctrl_state_pins_2__device_dts_ord_106E)
 .rodata._ZN6zephyr7arduinoL42__pinctrl_state_pins_2__device_dts_ord_106E
                0x00000000000006bc       0x10 /Users/rouyun/Desktop/IYRC-2026/.arduino/build/unoq/core/core.a(zephyrPinctrl.cpp.o)
 *(.rodata._ZN6zephyr7arduinoL42__pinctrl_state_pins_2__device_dts_ord_111E)
 .rodata._ZN6zephyr7arduinoL42__pinctrl_state_pins_2__device_dts_ord_111E
                0x00000000000006cc       0x18 /Users/rouyun/Desktop/IYRC-2026/.arduino/build/unoq/core/core.a(zephyrPinctrl.cpp.o)
 *(.rodata._ZN6zephyr7arduinoL42__pinctrl_state_pins_2__device_dts_ord_117E)
 .rodata._ZN6zephyr7arduinoL42__pinctrl_state_pins_2__device_dts_ord_117E
                0x00000000000006e4       0x20 /Users/rouyun/Desktop/IYRC-2026/.arduino/build/unoq/core/core.a(zephyrPinctrl.cpp.o)
 *(.rodata._ZN6zephyr7arduinoL42__pinctrl_state_pins_2__device_dts_ord_120E)
 .rodata._ZN6zephyr7arduinoL42__pinctrl_state_pins_2__device_dts_ord_120E
                0x0000000000000704        0x8 /Users/rouyun/Desktop/IYRC-2026/.arduino/build/unoq/core/core.a(zephyrPinctrl.cpp.o)
 *(.rodata._ZN7arduino7msgpack6object3extC2EaPKhj.str1.1)
 .rodata._ZN7arduino7msgpack6object3extC2EaPKhj.str1.1
                0x000000000000070c       0x28 /Users/rouyun/Desktop/IYRC-2026/.arduino/build/unoq/sketch/LinkGuard_Arduino.ino.cpp.o
 *(.rodata._ZN7arduino7msgpack8Unpacker11deserializeINS_6StringEJEEEbRT_DpOT0_.str1.1)
 .rodata._ZN7arduino7msgpack8Unpacker11deserializeINS_6StringEJEEEbRT_DpOT0_.str1.1
                0x0000000000000734        0x1 /Users/rouyun/Desktop/IYRC-2026/.arduino/build/unoq/sketch/LinkGuard_Arduino.ino.cpp.o
 *(.rodata._ZN8RpcErrorC2Ev.str1.1)
 .rodata._ZN8RpcErrorC2Ev.str1.1
                0x0000000000000735        0x1 /Users/rouyun/Desktop/IYRC-2026/.arduino/build/unoq/libraries/Arduino_RouterBridge/singletons.cpp.o
 *(.rodata._ZNSt6vectorIjSaIjEE17_M_realloc_insertIJRjEEEvN9__gnu_cxx17__normal_iteratorIPjS1_EEDpOT_.str1.1)
 .rodata._ZNSt6vectorIjSaIjEE17_M_realloc_insertIJRjEEEvN9__gnu_cxx17__normal_iteratorIPjS1_EEDpOT_.str1.1
                0x0000000000000736       0x1a /Users/rouyun/Desktop/IYRC-2026/.arduino/build/unoq/sketch/LinkGuard_Arduino.ino.cpp.o
 .rodata._ZNSt6vectorIjSaIjEE17_M_realloc_insertIJRjEEEvN9__gnu_cxx17__normal_iteratorIPjS1_EEDpOT_.str1.1
                0x0000000000000750       0x1a /Users/rouyun/Desktop/IYRC-2026/.arduino/build/unoq/libraries/Arduino_RouterBridge/singletons.cpp.o
 *(.rodata.str1.1)
 .rodata.str1.1
                0x000000000000076a       0x51 /Users/rouyun/Desktop/IYRC-2026/.arduino/build/unoq/core/core.a(main.cpp.o)

.rel.rodata
 *(.rel.rodata)
 *(.rel.rodata.*)

.rela.rodata
 *(.rela.rodata)
 *(.rela.rodata.*)

/DISCARD/
 *(.ARM.attributes)
 *(.ARM.attributes.*)
 *(.ARM.exidx)
 *(.ARM.exidx.*)
 *(.ARM.extidx)
 *(.ARM.extidx.*)
 *(.ARM.extab)
 *(.ARM.extab.*)
 *(.comment)
 *(.comment.*)
 *(.llvmbc)
 *(.llvmcmd)
 *(.eh_frame)
 *stdexcept.o()
 *eh_*.o()
 *cow-stdexcept.o()
 *cow-string-inst.o()

.text           0x0000000000000000     0x4ce0
 *(.text)
 *(.stub)
 *(.text*)
 .text.__tcf_0  0x0000000000000000       0x10 /Users/rouyun/Desktop/IYRC-2026/.arduino/build/unoq/sketch/LinkGuard_Arduino.ino.cpp.o
 .text._ZSt14__relocate_a_1IhhENSt9enable_ifIXsrSt24__is_bitwise_relocatableIT_vE5valueEPS2_E4typeES4_S4_S4_RSaIT0_E.isra.0
                0x0000000000000010       0x20 /Users/rouyun/Desktop/IYRC-2026/.arduino/build/unoq/sketch/LinkGuard_Arduino.ino.cpp.o
 .text._ZNSt12_Vector_baseIhSaIhEE11_M_allocateEj.isra.0
                0x0000000000000030       0x20 /Users/rouyun/Desktop/IYRC-2026/.arduino/build/unoq/sketch/LinkGuard_Arduino.ino.cpp.o
 .text.k_mutex_unlock.isra.0
                0x0000000000000050        0x8 /Users/rouyun/Desktop/IYRC-2026/.arduino/build/unoq/sketch/LinkGuard_Arduino.ino.cpp.o
 .text.k_sleep.isra.0
                0x0000000000000058        0x8 /Users/rouyun/Desktop/IYRC-2026/.arduino/build/unoq/sketch/LinkGuard_Arduino.ino.cpp.o
 .text._ZN7arduino7msgpack8Unpacker11deserializeEv
                0x0000000000000060       0x16 /Users/rouyun/Desktop/IYRC-2026/.arduino/build/unoq/sketch/LinkGuard_Arduino.ino.cpp.o
                0x0000000000000060                arduino::msgpack::Unpacker::deserialize()
 .text._ZN7arduino7msgpack8Unpacker5clearEv
                0x0000000000000076       0x14 /Users/rouyun/Desktop/IYRC-2026/.arduino/build/unoq/sketch/LinkGuard_Arduino.ino.cpp.o
                0x0000000000000076                arduino::msgpack::Unpacker::clear()
 .text._ZNK7arduino7msgpack8Unpacker13getRawBytePtrEjj
                0x000000000000008a       0x1e /Users/rouyun/Desktop/IYRC-2026/.arduino/build/unoq/sketch/LinkGuard_Arduino.ino.cpp.o
                0x000000000000008a                arduino::msgpack::Unpacker::getRawBytePtr(unsigned int, unsigned int) const
 .text.setup    0x00000000000000a8       0x44 /Users/rouyun/Desktop/IYRC-2026/.arduino/build/unoq/sketch/LinkGuard_Arduino.ino.cpp.o
                0x00000000000000a8                setup
 .text.loop     0x00000000000000ec       0x94 /Users/rouyun/Desktop/IYRC-2026/.arduino/build/unoq/sketch/LinkGuard_Arduino.ino.cpp.o
                0x00000000000000ec                loop
 .text._ZNSt12_Vector_baseIhSaIhEED2Ev
                0x0000000000000180       0x18 /Users/rouyun/Desktop/IYRC-2026/.arduino/build/unoq/sketch/LinkGuard_Arduino.ino.cpp.o
                0x0000000000000180                std::_Vector_base<unsigned char, std::allocator<unsigned char> >::~_Vector_base()
                0x0000000000000180                std::_Vector_base<unsigned char, std::allocator<unsigned char> >::~_Vector_base()
 .text.__tcf_2  0x0000000000000198       0x14 /Users/rouyun/Desktop/IYRC-2026/.arduino/build/unoq/sketch/LinkGuard_Arduino.ino.cpp.o
 .text.__tcf_1  0x00000000000001ac       0x14 /Users/rouyun/Desktop/IYRC-2026/.arduino/build/unoq/sketch/LinkGuard_Arduino.ino.cpp.o
 .text._ZNSt6vectorIhSaIhEE14_M_move_assignEOS1_St17integral_constantIbLb1EE.isra.0
                0x00000000000001c0       0x34 /Users/rouyun/Desktop/IYRC-2026/.arduino/build/unoq/sketch/LinkGuard_Arduino.ino.cpp.o
 .text._ZNK7arduino7msgpack8Unpacker11getRawBytesIhEET_jj
                0x00000000000001f4       0x1e /Users/rouyun/Desktop/IYRC-2026/.arduino/build/unoq/sketch/LinkGuard_Arduino.ino.cpp.o
                0x00000000000001f4                unsigned char arduino::msgpack::Unpacker::getRawBytes<unsigned char>(unsigned int, unsigned int) const
 *fill*         0x0000000000000212        0x2 
 .text._ZNK7arduino7msgpack8Unpacker7getTypeEj
                0x0000000000000214       0x58 /Users/rouyun/Desktop/IYRC-2026/.arduino/build/unoq/sketch/LinkGuard_Arduino.ino.cpp.o
                0x0000000000000214                arduino::msgpack::Unpacker::getType(unsigned int) const
 .text._ZNK7arduino7msgpack8Unpacker7getTypeEv
                0x000000000000026c       0x10 /Users/rouyun/Desktop/IYRC-2026/.arduino/build/unoq/sketch/LinkGuard_Arduino.ino.cpp.o
                0x000000000000026c                arduino::msgpack::Unpacker::getType() const
 .text._ZN7arduino7msgpack8Unpacker11unpackInt32Ev
                0x000000000000027c       0x58 /Users/rouyun/Desktop/IYRC-2026/.arduino/build/unoq/sketch/LinkGuard_Arduino.ino.cpp.o
                0x000000000000027c                arduino::msgpack::Unpacker::unpackInt32()
 .text._ZN7arduino7msgpack8Unpacker11unpackInt64Ev
                0x00000000000002d4       0x60 /Users/rouyun/Desktop/IYRC-2026/.arduino/build/unoq/sketch/LinkGuard_Arduino.ino.cpp.o
                0x00000000000002d4                arduino::msgpack::Unpacker::unpackInt64()
 .text._ZNK7arduino7msgpack8Unpacker7isArrayEv
                0x0000000000000334       0x20 /Users/rouyun/Desktop/IYRC-2026/.arduino/build/unoq/sketch/LinkGuard_Arduino.ino.cpp.o
                0x0000000000000334                arduino::msgpack::Unpacker::isArray() const
 .text._ZNK7arduino7msgpack8Unpacker5isMapEv
                0x0000000000000354       0x20 /Users/rouyun/Desktop/IYRC-2026/.arduino/build/unoq/sketch/LinkGuard_Arduino.ino.cpp.o
                0x0000000000000354                arduino::msgpack::Unpacker::isMap() const
 .text._ZN7arduino7msgpack8Unpacker11unpackInt16Ev
                0x0000000000000374       0x4c /Users/rouyun/Desktop/IYRC-2026/.arduino/build/unoq/sketch/LinkGuard_Arduino.ino.cpp.o
                0x0000000000000374                arduino::msgpack::Unpacker::unpackInt16()
 .text._ZN7arduino7msgpack8Unpacker13unpackFloat32Ev
                0x00000000000003c0       0x60 /Users/rouyun/Desktop/IYRC-2026/.arduino/build/unoq/sketch/LinkGuard_Arduino.ino.cpp.o
                0x00000000000003c0                arduino::msgpack::Unpacker::unpackFloat32()
 .text._ZN7arduino7msgpack8Unpacker13unpackFloat64Ev
                0x0000000000000420       0x6c /Users/rouyun/Desktop/IYRC-2026/.arduino/build/unoq/sketch/LinkGuard_Arduino.ino.cpp.o
                0x0000000000000420                arduino::msgpack::Unpacker::unpackFloat64()
 .text._ZN7arduino7msgpack8Unpacker10unpackInt5Ev
                0x000000000000048c       0x4c /Users/rouyun/Desktop/IYRC-2026/.arduino/build/unoq/sketch/LinkGuard_Arduino.ino.cpp.o
                0x000000000000048c                arduino::msgpack::Unpacker::unpackInt5()
 .text._ZN7arduino7msgpack8Unpacker11unpackUInt7Ev
                0x00000000000004d8       0x48 /Users/rouyun/Desktop/IYRC-2026/.arduino/build/unoq/sketch/LinkGuard_Arduino.ino.cpp.o
                0x00000000000004d8                arduino::msgpack::Unpacker::unpackUInt7()
 .text._ZN7arduino7msgpack8Unpacker11unpackUInt8Ev
                0x0000000000000520       0x48 /Users/rouyun/Desktop/IYRC-2026/.arduino/build/unoq/sketch/LinkGuard_Arduino.ino.cpp.o
                0x0000000000000520                arduino::msgpack::Unpacker::unpackUInt8()
 .text._ZNK7arduino7msgpack8Unpacker11getRawBytesItEET_jj
                0x0000000000000568       0x26 /Users/rouyun/Desktop/IYRC-2026/.arduino/build/unoq/sketch/LinkGuard_Arduino.ino.cpp.o
                0x0000000000000568                unsigned short arduino::msgpack::Unpacker::getRawBytes<unsigned short>(unsigned int, unsigned int) const
 *fill*         0x000000000000058e        0x2 
 .text._ZN7arduino7msgpack8Unpacker12unpackUInt16Ev
                0x0000000000000590       0x48 /Users/rouyun/Desktop/IYRC-2026/.arduino/build/unoq/sketch/LinkGuard_Arduino.ino.cpp.o
                0x0000000000000590                arduino::msgpack::Unpacker::unpackUInt16()
 .text._ZNK7arduino7msgpack8Unpacker11getRawBytesIjEET_jj
                0x00000000000005d8       0x34 /Users/rouyun/Desktop/IYRC-2026/.arduino/build/unoq/sketch/LinkGuard_Arduino.ino.cpp.o
                0x00000000000005d8                unsigned int arduino::msgpack::Unpacker::getRawBytes<unsigned int>(unsigned int, unsigned int) const
 .text._ZNK7arduino7msgpack8Unpacker14getElementSizeEj
                0x000000000000060c      0x11c /Users/rouyun/Desktop/IYRC-2026/.arduino/build/unoq/sketch/LinkGuard_Arduino.ino.cpp.o
                0x000000000000060c                arduino::msgpack::Unpacker::getElementSize(unsigned int) const
 .text._ZN7arduino7msgpack8Unpacker15unpackArraySizeEv
                0x0000000000000728       0x78 /Users/rouyun/Desktop/IYRC-2026/.arduino/build/unoq/sketch/LinkGuard_Arduino.ino.cpp.o
                0x0000000000000728                arduino::msgpack::Unpacker::unpackArraySize()
 .text._ZN7arduino7msgpack8Unpacker12unpackUInt32Ev
                0x00000000000007a0       0x48 /Users/rouyun/Desktop/IYRC-2026/.arduino/build/unoq/sketch/LinkGuard_Arduino.ino.cpp.o
                0x00000000000007a0                arduino::msgpack::Unpacker::unpackUInt32()
 .text._ZN7arduino7msgpack8Unpacker13unpackMapSizeEv
                0x00000000000007e8       0x78 /Users/rouyun/Desktop/IYRC-2026/.arduino/build/unoq/sketch/LinkGuard_Arduino.ino.cpp.o
                0x00000000000007e8                arduino::msgpack::Unpacker::unpackMapSize()
 .text._ZNK7arduino7msgpack8Unpacker11getRawBytesIyEET_jj
                0x0000000000000860       0x3a /Users/rouyun/Desktop/IYRC-2026/.arduino/build/unoq/sketch/LinkGuard_Arduino.ino.cpp.o
                0x0000000000000860                unsigned long long arduino::msgpack::Unpacker::getRawBytes<unsigned long long>(unsigned int, unsigned int) const
 *fill*         0x000000000000089a        0x2 
 .text._ZN7arduino7msgpack8Unpacker12unpackUInt64Ev
                0x000000000000089c       0x4c /Users/rouyun/Desktop/IYRC-2026/.arduino/build/unoq/sketch/LinkGuard_Arduino.ino.cpp.o
                0x000000000000089c                arduino::msgpack::Unpacker::unpackUInt64()
 .text._ZNK7arduino7msgpack8Unpacker11getRawBytesIaEET_jj
                0x00000000000008e8       0x1e /Users/rouyun/Desktop/IYRC-2026/.arduino/build/unoq/sketch/LinkGuard_Arduino.ino.cpp.o
                0x00000000000008e8                signed char arduino::msgpack::Unpacker::getRawBytes<signed char>(unsigned int, unsigned int) const
 *fill*         0x0000000000000906        0x2 
 .text._ZN7arduino7msgpack8Unpacker10unpackInt8Ev
                0x0000000000000908       0x48 /Users/rouyun/Desktop/IYRC-2026/.arduino/build/unoq/sketch/LinkGuard_Arduino.ino.cpp.o
                0x0000000000000908                arduino::msgpack::Unpacker::unpackInt8()
 .text._ZNK7arduino7msgpack8Unpacker13isTimestamp32Ev
                0x0000000000000950       0x2c /Users/rouyun/Desktop/IYRC-2026/.arduino/build/unoq/sketch/LinkGuard_Arduino.ino.cpp.o
                0x0000000000000950                arduino::msgpack::Unpacker::isTimestamp32() const
 .text._ZNK7arduino7msgpack8Unpacker13isTimestamp64Ev
                0x000000000000097c       0x2c /Users/rouyun/Desktop/IYRC-2026/.arduino/build/unoq/sketch/LinkGuard_Arduino.ino.cpp.o
                0x000000000000097c                arduino::msgpack::Unpacker::isTimestamp64() const
 .text._ZNK7arduino7msgpack8Unpacker13isTimestamp96Ev
                0x00000000000009a8       0x40 /Users/rouyun/Desktop/IYRC-2026/.arduino/build/unoq/sketch/LinkGuard_Arduino.ino.cpp.o
                0x00000000000009a8                arduino::msgpack::Unpacker::isTimestamp96() const
 .text._ZNK7arduino7msgpack8Unpacker11getRawBytesIcEET_jj
                0x00000000000009e8       0x1e /Users/rouyun/Desktop/IYRC-2026/.arduino/build/unoq/sketch/LinkGuard_Arduino.ino.cpp.o
                0x00000000000009e8                char arduino::msgpack::Unpacker::getRawBytes<char>(unsigned int, unsigned int) const
 *fill*         0x0000000000000a06        0x2 
 .text._ZN7arduino7msgpack8Unpacker11deserializeINS0_4type9ArraySizeEJEEEbRT_DpOT0_
                0x0000000000000a08       0x40 /Users/rouyun/Desktop/IYRC-2026/.arduino/build/unoq/sketch/LinkGuard_Arduino.ino.cpp.o
                0x0000000000000a08                bool arduino::msgpack::Unpacker::deserialize<arduino::msgpack::type::ArraySize>(arduino::msgpack::type::ArraySize&)
 .text._ZN7arduino7msgpack8Unpacker11deserializeINS_6StringEJEEEbRT_DpOT0_
                0x0000000000000a48      0x174 /Users/rouyun/Desktop/IYRC-2026/.arduino/build/unoq/sketch/LinkGuard_Arduino.ino.cpp.o
                0x0000000000000a48                bool arduino::msgpack::Unpacker::deserialize<arduino::String>(arduino::String&)
 .text._ZN7arduino7msgpack8Unpacker11deserializeINS0_6object8timespecEJEEEbRT_DpOT0_
                0x0000000000000bbc       0xc4 /Users/rouyun/Desktop/IYRC-2026/.arduino/build/unoq/sketch/LinkGuard_Arduino.ino.cpp.o
                0x0000000000000bbc                bool arduino::msgpack::Unpacker::deserialize<arduino::msgpack::object::timespec>(arduino::msgpack::object::timespec&)
 .text._ZNSt12_Vector_baseIjSaIjEED2Ev
                0x0000000000000c80       0x18 /Users/rouyun/Desktop/IYRC-2026/.arduino/build/unoq/sketch/LinkGuard_Arduino.ino.cpp.o
                0x0000000000000c80                std::_Vector_base<unsigned int, std::allocator<unsigned int> >::~_Vector_base()
                0x0000000000000c80                std::_Vector_base<unsigned int, std::allocator<unsigned int> >::~_Vector_base()
 .text._ZN10RPCRequestILj256EED2Ev
                0x0000000000000c98       0x2c /Users/rouyun/Desktop/IYRC-2026/.arduino/build/unoq/sketch/LinkGuard_Arduino.ino.cpp.o
                0x0000000000000c98                RPCRequest<256u>::~RPCRequest()
                0x0000000000000c98                RPCRequest<256u>::~RPCRequest()
 .text._ZNSt6vectorIjSaIjEE17_M_realloc_insertIJRjEEEvN9__gnu_cxx17__normal_iteratorIPjS1_EEDpOT_
                0x0000000000000cc4       0xdc /Users/rouyun/Desktop/IYRC-2026/.arduino/build/unoq/sketch/LinkGuard_Arduino.ino.cpp.o
                0x0000000000000cc4                void std::vector<unsigned int, std::allocator<unsigned int> >::_M_realloc_insert<unsigned int&>(__gnu_cxx::__normal_iterator<unsigned int*, std::vector<unsigned int, std::allocator<unsigned int> > >, unsigned int&)
 .text._ZN7arduino7msgpack8Unpacker4feedEPKhj
                0x0000000000000da0       0x78 /Users/rouyun/Desktop/IYRC-2026/.arduino/build/unoq/sketch/LinkGuard_Arduino.ino.cpp.o
                0x0000000000000da0                arduino::msgpack::Unpacker::feed(unsigned char const*, unsigned int)
 .text._ZNKSt6vectorIhSaIhEE12_M_check_lenEjPKc
                0x0000000000000e18       0x38 /Users/rouyun/Desktop/IYRC-2026/.arduino/build/unoq/sketch/LinkGuard_Arduino.ino.cpp.o
                0x0000000000000e18                std::vector<unsigned char, std::allocator<unsigned char> >::_M_check_len(unsigned int, char const*) const
 .text._ZNSt6vectorIhSaIhEE12emplace_backIJhEEERhDpOT_.isra.0
                0x0000000000000e50       0x90 /Users/rouyun/Desktop/IYRC-2026/.arduino/build/unoq/sketch/LinkGuard_Arduino.ino.cpp.o
 .text._ZN7arduino7msgpack6Packer11packRawByteERKNS0_4TypeE.isra.0
                0x0000000000000ee0       0x18 /Users/rouyun/Desktop/IYRC-2026/.arduino/build/unoq/sketch/LinkGuard_Arduino.ino.cpp.o
 .text._ZNSt6vectorIhSaIhEE12emplace_backIJRKhEEERhDpOT_.isra.0
                0x0000000000000ef8       0x90 /Users/rouyun/Desktop/IYRC-2026/.arduino/build/unoq/sketch/LinkGuard_Arduino.ino.cpp.o
 .text._ZN7arduino7msgpack6Packer9packUInt8Eh
                0x0000000000000f88       0x2c /Users/rouyun/Desktop/IYRC-2026/.arduino/build/unoq/sketch/LinkGuard_Arduino.ino.cpp.o
                0x0000000000000f88                arduino::msgpack::Packer::packUInt8(unsigned char)
 .text._ZNSt6vectorIhSaIhEE12emplace_backIJRhEEES3_DpOT_.isra.0
                0x0000000000000fb4       0x90 /Users/rouyun/Desktop/IYRC-2026/.arduino/build/unoq/sketch/LinkGuard_Arduino.ino.cpp.o
 .text._ZN7arduino7msgpack6Packer15packRawReversedIjEEvRKT_
                0x0000000000001044       0x1c /Users/rouyun/Desktop/IYRC-2026/.arduino/build/unoq/sketch/LinkGuard_Arduino.ino.cpp.o
                0x0000000000001044                void arduino::msgpack::Packer::packRawReversed<unsigned int>(unsigned int const&)
 .text._ZN7arduino7msgpack6Packer10packUInt32Ej
                0x0000000000001060       0x28 /Users/rouyun/Desktop/IYRC-2026/.arduino/build/unoq/sketch/LinkGuard_Arduino.ino.cpp.o
                0x0000000000001060                arduino::msgpack::Packer::packUInt32(unsigned int)
 .text._ZN7arduino7msgpack6Packer15packRawReversedItEEvRKT_
                0x0000000000001088       0x1c /Users/rouyun/Desktop/IYRC-2026/.arduino/build/unoq/sketch/LinkGuard_Arduino.ino.cpp.o
                0x0000000000001088                void arduino::msgpack::Packer::packRawReversed<unsigned short>(unsigned short const&)
 .text._ZN7arduino7msgpack6Packer13packArraySizeEj
                0x00000000000010a4       0x58 /Users/rouyun/Desktop/IYRC-2026/.arduino/build/unoq/sketch/LinkGuard_Arduino.ino.cpp.o
                0x00000000000010a4                arduino::msgpack::Packer::packArraySize(unsigned int)
 .text._ZN7arduino7msgpack6Packer10packUInt16Et
                0x00000000000010fc       0x2c /Users/rouyun/Desktop/IYRC-2026/.arduino/build/unoq/sketch/LinkGuard_Arduino.ino.cpp.o
                0x00000000000010fc                arduino::msgpack::Packer::packUInt16(unsigned short)
 .text._ZN7arduino7msgpack6Packer11packIntegerIiEENSt9enable_ifIXaaaaaasrSt13is_arithmeticIT_E5valuesrSt11is_integralIS5_E5valuentsrSt7is_sameIS5_bE5valuentsrS9_INSt9remove_cvIS5_E4typeEPcE5valueEvE4typeERKS5_.isra.0
                0x0000000000001128       0xb8 /Users/rouyun/Desktop/IYRC-2026/.arduino/build/unoq/sketch/LinkGuard_Arduino.ino.cpp.o
 .text._ZN7arduino7msgpack6Packer12packRawBytesEPKcj
                0x00000000000011e0       0x9c /Users/rouyun/Desktop/IYRC-2026/.arduino/build/unoq/sketch/LinkGuard_Arduino.ino.cpp.o
                0x00000000000011e0                arduino::msgpack::Packer::packRawBytes(char const*, unsigned int)
 .text._ZN7arduino7msgpack8Unpacker9unpackIntIiEENSt9enable_ifIXaaaaaaaasrSt13is_arithmeticIT_E5valuesrSt11is_integralIS5_E5valuentsrSt7is_sameIS5_bE5valuentsrS9_INSt9remove_cvIS5_E4typeEPcE5valuesrSt9is_signedIS5_E5valueES5_E4typeEv
                0x000000000000127c       0xd0 /Users/rouyun/Desktop/IYRC-2026/.arduino/build/unoq/sketch/LinkGuard_Arduino.ino.cpp.o
                0x000000000000127c                std::enable_if<(((std::is_arithmetic<int>::value&&std::is_integral<int>::value)&&(!std::is_same<int, bool>::value))&&(!std::is_same<std::remove_cv<int>::type, char*>::value))&&std::is_signed<int>::value, int>::type arduino::msgpack::Unpacker::unpackInt<int>()
 .text._ZN7arduino7msgpack8Unpacker11deserializeIiJEEEbRT_DpOT0_
                0x000000000000134c       0x40 /Users/rouyun/Desktop/IYRC-2026/.arduino/build/unoq/sketch/LinkGuard_Arduino.ino.cpp.o
                0x000000000000134c                bool arduino::msgpack::Unpacker::deserialize<int>(int&)
 .text._ZN7arduino7msgpack8Unpacker11unpackFloatIfEENSt9enable_ifIXaasrSt13is_arithmeticIT_E5valuesrSt17is_floating_pointIS5_E5valueES5_E4typeEv
                0x000000000000138c      0x118 /Users/rouyun/Desktop/IYRC-2026/.arduino/build/unoq/sketch/LinkGuard_Arduino.ino.cpp.o
                0x000000000000138c                std::enable_if<std::is_arithmetic<float>::value&&std::is_floating_point<float>::value, float>::type arduino::msgpack::Unpacker::unpackFloat<float>()
 *fill*         0x00000000000014a4        0x4 
 .text._ZN7arduino7msgpack8Unpacker11unpackFloatIdEENSt9enable_ifIXaasrSt13is_arithmeticIT_E5valuesrSt17is_floating_pointIS5_E5valueES5_E4typeEv
                0x00000000000014a8      0x118 /Users/rouyun/Desktop/IYRC-2026/.arduino/build/unoq/sketch/LinkGuard_Arduino.ino.cpp.o
                0x00000000000014a8                std::enable_if<std::is_arithmetic<double>::value&&std::is_floating_point<double>::value, double>::type arduino::msgpack::Unpacker::unpackFloat<double>()
 .text._ZN7arduino7msgpack8Unpacker12unpackBinaryIhEENSt9enable_ifIXoosrSt7is_sameIT_cE5valuesrS4_IS5_hE5valueESt6vectorINS3_IXoosrS7_5valuesrS6_5valueES5_E4typeESaIS5_EEE4typeEv
                0x00000000000015c0      0x114 /Users/rouyun/Desktop/IYRC-2026/.arduino/build/unoq/sketch/LinkGuard_Arduino.ino.cpp.o
                0x00000000000015c0                std::enable_if<std::is_same<unsigned char, char>::value||std::is_same<unsigned char, unsigned char>::value, std::vector<std::enable_if<std::is_same<unsigned char, unsigned char>::value||std::is_same<unsigned char, char>::value, unsigned char>::type, std::allocator<unsigned char> > >::type arduino::msgpack::Unpacker::unpackBinary<unsigned char>()
 .text._ZN7arduino7msgpack8Unpacker11deserializeINS0_4type9ArraySizeEJRiEEEbRT_DpOT0_
                0x00000000000016d4       0x44 /Users/rouyun/Desktop/IYRC-2026/.arduino/build/unoq/sketch/LinkGuard_Arduino.ino.cpp.o
                0x00000000000016d4                bool arduino::msgpack::Unpacker::deserialize<arduino::msgpack::type::ArraySize, int&>(arduino::msgpack::type::ArraySize&, int&)
 .text._ZN7arduino7msgpack8Unpacker11deserializeIjJRNS_6StringEEEEbRT_DpOT0_
                0x0000000000001718       0xa0 /Users/rouyun/Desktop/IYRC-2026/.arduino/build/unoq/sketch/LinkGuard_Arduino.ino.cpp.o
                0x0000000000001718                bool arduino::msgpack::Unpacker::deserialize<unsigned int, arduino::String&>(unsigned int&, arduino::String&)
 .text._ZN10RPCRequestILj256EE22unpack_request_headersEv
                0x00000000000017b8       0xb8 /Users/rouyun/Desktop/IYRC-2026/.arduino/build/unoq/sketch/LinkGuard_Arduino.ino.cpp.o
                0x00000000000017b8                RPCRequest<256u>::unpack_request_headers()
 .text._ZN9RPCServer15process_requestILj256EEEvR10RPCRequestIXT_EE
                0x0000000000001870      0x1ec /Users/rouyun/Desktop/IYRC-2026/.arduino/build/unoq/sketch/LinkGuard_Arduino.ino.cpp.o
                0x0000000000001870                void RPCServer::process_request<256u>(RPCRequest<256u>&)
 .text._ZN10RpcDecoderILj1024EE7consumeEjj
                0x0000000000001a5c       0x50 /Users/rouyun/Desktop/IYRC-2026/.arduino/build/unoq/sketch/LinkGuard_Arduino.ino.cpp.o
                0x0000000000001a5c                RpcDecoder<1024u>::consume(unsigned int, unsigned int)
 .text._ZN10RpcDecoderILj1024EE7discardEv
                0x0000000000001aac       0x2c /Users/rouyun/Desktop/IYRC-2026/.arduino/build/unoq/sketch/LinkGuard_Arduino.ino.cpp.o
                0x0000000000001aac                RpcDecoder<1024u>::discard()
 .text._ZN10RpcDecoderILj1024EE16fetch_rpc_methodEv
                0x0000000000001ad8       0xec /Users/rouyun/Desktop/IYRC-2026/.arduino/build/unoq/sketch/LinkGuard_Arduino.ino.cpp.o
                0x0000000000001ad8                RpcDecoder<1024u>::fetch_rpc_method()
 .text._ZNSt11__copy_moveILb0ELb1ESt26random_access_iterator_tagE8__copy_mIhEEPT_PKS3_S6_S4_
                0x0000000000001bc4       0x1c /Users/rouyun/Desktop/IYRC-2026/.arduino/build/unoq/sketch/LinkGuard_Arduino.ino.cpp.o
                0x0000000000001bc4                unsigned char* std::__copy_move<false, true, std::random_access_iterator_tag>::__copy_m<unsigned char>(unsigned char const*, unsigned char const*, unsigned char*)
 .text._ZNSt11__copy_moveILb1ELb1ESt26random_access_iterator_tagE8__copy_mIhEEPT_PKS3_S6_S4_
                0x0000000000001be0       0x1c /Users/rouyun/Desktop/IYRC-2026/.arduino/build/unoq/sketch/LinkGuard_Arduino.ino.cpp.o
                0x0000000000001be0                unsigned char* std::__copy_move<true, true, std::random_access_iterator_tag>::__copy_m<unsigned char>(unsigned char const*, unsigned char const*, unsigned char*)
 .text._ZN7arduino7msgpack6object3extC2EaPKhj
                0x0000000000001bfc      0x104 /Users/rouyun/Desktop/IYRC-2026/.arduino/build/unoq/sketch/LinkGuard_Arduino.ino.cpp.o
                0x0000000000001bfc                arduino::msgpack::object::ext::ext(signed char, unsigned char const*, unsigned int)
                0x0000000000001bfc                arduino::msgpack::object::ext::ext(signed char, unsigned char const*, unsigned int)
 .text._ZN7arduino7msgpack8Unpacker9unpackExtEv
                0x0000000000001d00      0x178 /Users/rouyun/Desktop/IYRC-2026/.arduino/build/unoq/sketch/LinkGuard_Arduino.ino.cpp.o
                0x0000000000001d00                arduino::msgpack::Unpacker::unpackExt()
 .text._ZN8RpcUtils6detail12unpackObjectERN7arduino7msgpack8UnpackerE
                0x0000000000001e78      0x310 /Users/rouyun/Desktop/IYRC-2026/.arduino/build/unoq/sketch/LinkGuard_Arduino.ino.cpp.o
                0x0000000000001e78                RpcUtils::detail::unpackObject(arduino::msgpack::Unpacker&)
 .text._ZN10RpcDecoderILj1024EE12parse_packetEv
                0x0000000000002188      0x140 /Users/rouyun/Desktop/IYRC-2026/.arduino/build/unoq/sketch/LinkGuard_Arduino.ino.cpp.o
                0x0000000000002188                RpcDecoder<1024u>::parse_packet()
 .text._ZN9RPCServer7get_rpcILj256EEEbR10RPCRequestIXT_EEN7arduino6StringE
                0x00000000000022c8      0x104 /Users/rouyun/Desktop/IYRC-2026/.arduino/build/unoq/sketch/LinkGuard_Arduino.ino.cpp.o
                0x00000000000022c8                bool RPCServer::get_rpc<256u>(RPCRequest<256u>&, arduino::String)
 .text._ZN11BridgeClass11update_safeEv
                0x00000000000023cc      0x110 /Users/rouyun/Desktop/IYRC-2026/.arduino/build/unoq/sketch/LinkGuard_Arduino.ino.cpp.o
                0x00000000000023cc                BridgeClass::update_safe()
 .text._Z10__loopHookv
                0x00000000000024dc       0x44 /Users/rouyun/Desktop/IYRC-2026/.arduino/build/unoq/sketch/LinkGuard_Arduino.ino.cpp.o
                0x00000000000024dc                __loopHook()
 .text._ZN8RpcUtils6detail9unpackMapERN7arduino7msgpack8UnpackerERj
                0x0000000000002520       0x80 /Users/rouyun/Desktop/IYRC-2026/.arduino/build/unoq/sketch/LinkGuard_Arduino.ino.cpp.o
                0x0000000000002520                RpcUtils::detail::unpackMap(arduino::msgpack::Unpacker&, unsigned int&)
 .text._GLOBAL__sub_I_setup
                0x00000000000025a0       0x2c /Users/rouyun/Desktop/IYRC-2026/.arduino/build/unoq/sketch/LinkGuard_Arduino.ino.cpp.o
 .text._GLOBAL__sub_D_setup
                0x00000000000025cc       0x20 /Users/rouyun/Desktop/IYRC-2026/.arduino/build/unoq/sketch/LinkGuard_Arduino.ino.cpp.o
 .text._ZN7arduino5Print17availableForWriteEv
                0x00000000000025ec        0x4 /Users/rouyun/Desktop/IYRC-2026/.arduino/build/unoq/libraries/Arduino_RouterBridge/singletons.cpp.o
                0x00000000000025ec                arduino::Print::availableForWrite()
 .text._ZN7arduino5Print5flushEv
                0x00000000000025f0        0x2 /Users/rouyun/Desktop/IYRC-2026/.arduino/build/unoq/libraries/Arduino_RouterBridge/singletons.cpp.o
                0x00000000000025f0                arduino::Print::flush()
 .text._ZN13BridgeMonitorILj512EE5writeEh
                0x00000000000025f2       0x18 /Users/rouyun/Desktop/IYRC-2026/.arduino/build/unoq/libraries/Arduino_RouterBridge/singletons.cpp.o
                0x00000000000025f2                BridgeMonitor<512u>::write(unsigned char)
 *fill*         0x000000000000260a        0x2 
 .text.k_yield  0x000000000000260c        0x8 /Users/rouyun/Desktop/IYRC-2026/.arduino/build/unoq/libraries/Arduino_RouterBridge/singletons.cpp.o
 .text.k_mutex_lock
                0x0000000000002614        0x8 /Users/rouyun/Desktop/IYRC-2026/.arduino/build/unoq/libraries/Arduino_RouterBridge/singletons.cpp.o
 .text._ZSt14__relocate_a_1IhhENSt9enable_ifIXsrSt24__is_bitwise_relocatableIT_vE5valueEPS2_E4typeES4_S4_S4_RSaIT0_E.isra.0
                0x000000000000261c       0x20 /Users/rouyun/Desktop/IYRC-2026/.arduino/build/unoq/libraries/Arduino_RouterBridge/singletons.cpp.o
 .text._ZNSt12_Vector_baseIhSaIhEE11_M_allocateEj.isra.0
                0x000000000000263c       0x20 /Users/rouyun/Desktop/IYRC-2026/.arduino/build/unoq/libraries/Arduino_RouterBridge/singletons.cpp.o
 .text.k_mutex_unlock.isra.0
                0x000000000000265c        0x8 /Users/rouyun/Desktop/IYRC-2026/.arduino/build/unoq/libraries/Arduino_RouterBridge/singletons.cpp.o
 .text._ZN7RpcCallIJEE7isErrorEv.isra.0
                0x0000000000002664       0x28 /Users/rouyun/Desktop/IYRC-2026/.arduino/build/unoq/libraries/Arduino_RouterBridge/singletons.cpp.o
 .text._ZN7RpcCallIJRN7arduino6StringEEE7isErrorEv.isra.0
                0x000000000000268c       0x28 /Users/rouyun/Desktop/IYRC-2026/.arduino/build/unoq/libraries/Arduino_RouterBridge/singletons.cpp.o
 .text._ZN13BridgeMonitorILj512EE4readEv
                0x00000000000026b4       0x68 /Users/rouyun/Desktop/IYRC-2026/.arduino/build/unoq/libraries/Arduino_RouterBridge/singletons.cpp.o
                0x00000000000026b4                BridgeMonitor<512u>::read()
 .text._ZN13BridgeMonitorILj512EE4peekEv
                0x000000000000271c       0x44 /Users/rouyun/Desktop/IYRC-2026/.arduino/build/unoq/libraries/Arduino_RouterBridge/singletons.cpp.o
                0x000000000000271c                BridgeMonitor<512u>::peek()
 .text.k_msleep.constprop.0.isra.0
                0x0000000000002760        0xc /Users/rouyun/Desktop/IYRC-2026/.arduino/build/unoq/libraries/Arduino_RouterBridge/singletons.cpp.o
 .text._ZN8RpcErrorC2Ev
                0x000000000000276c       0x2c /Users/rouyun/Desktop/IYRC-2026/.arduino/build/unoq/libraries/Arduino_RouterBridge/singletons.cpp.o
                0x000000000000276c                RpcError::RpcError()
                0x000000000000276c                RpcError::RpcError()
 .text._ZN7arduino7msgpack8UnpackerC2Ev
                0x0000000000002798       0x10 /Users/rouyun/Desktop/IYRC-2026/.arduino/build/unoq/libraries/Arduino_RouterBridge/singletons.cpp.o
                0x0000000000002798                arduino::msgpack::Unpacker::Unpacker()
                0x0000000000002798                arduino::msgpack::Unpacker::Unpacker()
 .text._ZNSt6vectorIhSaIhEE14_M_move_assignEOS1_St17integral_constantIbLb1EE.isra.0
                0x00000000000027a8       0x34 /Users/rouyun/Desktop/IYRC-2026/.arduino/build/unoq/libraries/Arduino_RouterBridge/singletons.cpp.o
 .text._ZN7arduino7msgpack8Unpacker9unpackNilEv
                0x00000000000027dc       0x3c /Users/rouyun/Desktop/IYRC-2026/.arduino/build/unoq/libraries/Arduino_RouterBridge/singletons.cpp.o
                0x00000000000027dc                arduino::msgpack::Unpacker::unpackNil()
 .text._ZN7arduino7msgpack8Unpacker11deserializeINS0_6object5nil_tEJEEEbRT_DpOT0_
                0x0000000000002818       0x40 /Users/rouyun/Desktop/IYRC-2026/.arduino/build/unoq/libraries/Arduino_RouterBridge/singletons.cpp.o
                0x0000000000002818                bool arduino::msgpack::Unpacker::deserialize<arduino::msgpack::object::nil_t>(arduino::msgpack::object::nil_t&)
 .text._ZN7arduino7msgpack8Unpacker11deserializeIbJEEEbRT_DpOT0_
                0x0000000000002858       0x68 /Users/rouyun/Desktop/IYRC-2026/.arduino/build/unoq/libraries/Arduino_RouterBridge/singletons.cpp.o
                0x0000000000002858                bool arduino::msgpack::Unpacker::deserialize<bool>(bool&)
 .text._ZN7RpcCallIJEE8setErrorEiN7arduino6StringE
                0x00000000000028c0       0x40 /Users/rouyun/Desktop/IYRC-2026/.arduino/build/unoq/libraries/Arduino_RouterBridge/singletons.cpp.o
                0x00000000000028c0                RpcCall<>::setError(int, arduino::String)
 .text._ZNSt6vectorIhSaIhEE12emplace_backIJRKhEEERhDpOT_.isra.0
                0x0000000000002900       0x90 /Users/rouyun/Desktop/IYRC-2026/.arduino/build/unoq/libraries/Arduino_RouterBridge/singletons.cpp.o
 .text._ZNSt6vectorIhSaIhEE12emplace_backIJhEEERhDpOT_.isra.0
                0x0000000000002990       0x90 /Users/rouyun/Desktop/IYRC-2026/.arduino/build/unoq/libraries/Arduino_RouterBridge/singletons.cpp.o
 .text._ZN7arduino7msgpack8Unpacker11deserializeISt6vectorIhSaIhEEJEEEbRT_DpOT0_
                0x0000000000002a20      0x13c /Users/rouyun/Desktop/IYRC-2026/.arduino/build/unoq/libraries/Arduino_RouterBridge/singletons.cpp.o
                0x0000000000002a20                bool arduino::msgpack::Unpacker::deserialize<std::vector<unsigned char, std::allocator<unsigned char> >>(std::vector<unsigned char, std::allocator<unsigned char> >&)
 .text._ZN7arduino7msgpack6Packer11packRawByteERKNS0_4TypeE.isra.0
                0x0000000000002b5c       0x18 /Users/rouyun/Desktop/IYRC-2026/.arduino/build/unoq/libraries/Arduino_RouterBridge/singletons.cpp.o
 .text._ZNSt6vectorIhSaIhEE12emplace_backIJRhEEES3_DpOT_.isra.0
                0x0000000000002b74       0x90 /Users/rouyun/Desktop/IYRC-2026/.arduino/build/unoq/libraries/Arduino_RouterBridge/singletons.cpp.o
 .text._ZN7arduino7msgpack6Packer11packIntegerIjEENSt9enable_ifIXaaaaaasrSt13is_arithmeticIT_E5valuesrSt11is_integralIS5_E5valuentsrSt7is_sameIS5_bE5valuentsrS9_INSt9remove_cvIS5_E4typeEPcE5valueEvE4typeERKS5_.isra.0
                0x0000000000002c04       0x50 /Users/rouyun/Desktop/IYRC-2026/.arduino/build/unoq/libraries/Arduino_RouterBridge/singletons.cpp.o
 .text._ZN7arduino7msgpack6Packer11packIntegerIiEENSt9enable_ifIXaaaaaasrSt13is_arithmeticIT_E5valuesrSt11is_integralIS5_E5valuentsrSt7is_sameIS5_bE5valuentsrS9_INSt9remove_cvIS5_E4typeEPcE5valueEvE4typeERKS5_.isra.0
                0x0000000000002c54       0xb8 /Users/rouyun/Desktop/IYRC-2026/.arduino/build/unoq/libraries/Arduino_RouterBridge/singletons.cpp.o
 .text._ZN7arduino7msgpack6Packer4packERKNS_6StringE
                0x0000000000002d0c       0x7c /Users/rouyun/Desktop/IYRC-2026/.arduino/build/unoq/libraries/Arduino_RouterBridge/singletons.cpp.o
                0x0000000000002d0c                arduino::msgpack::Packer::pack(arduino::String const&)
 .text._ZN7arduino7msgpack6Packer9serializeIJRKiRjRKNS_6StringEEEEvRKNS0_4type9ArraySizeEDpOT_.isra.0
                0x0000000000002d88       0x38 /Users/rouyun/Desktop/IYRC-2026/.arduino/build/unoq/libraries/Arduino_RouterBridge/singletons.cpp.o
 .text._ZNK10RpcDecoderILj1024EE4sendEPKhj
                0x0000000000002dc0       0x22 /Users/rouyun/Desktop/IYRC-2026/.arduino/build/unoq/libraries/Arduino_RouterBridge/singletons.cpp.o
                0x0000000000002dc0                RpcDecoder<1024u>::send(unsigned char const*, unsigned int) const
 *fill*         0x0000000000002de2        0x2 
 .text._ZN9RPCClient8send_rpcIJEEEbRKN7arduino6StringERjDpOT_.isra.0
                0x0000000000002de4       0x74 /Users/rouyun/Desktop/IYRC-2026/.arduino/build/unoq/libraries/Arduino_RouterBridge/singletons.cpp.o
 .text._ZN9RPCClient8send_rpcIJRKN7arduino6StringEEEEbS4_RjDpOT_.isra.0
                0x0000000000002e58       0x84 /Users/rouyun/Desktop/IYRC-2026/.arduino/build/unoq/libraries/Arduino_RouterBridge/singletons.cpp.o
 .text._ZN9RPCClient8send_rpcIJRKjEEEbRKN7arduino6StringERjDpOT_.isra.0
                0x0000000000002edc       0x84 /Users/rouyun/Desktop/IYRC-2026/.arduino/build/unoq/libraries/Arduino_RouterBridge/singletons.cpp.o
 .text._ZN7arduino7msgpack8Unpacker11deserializeI8RpcErrorJRNS0_6object5nil_tEEEEbRT_DpOT0_
                0x0000000000002f60       0x90 /Users/rouyun/Desktop/IYRC-2026/.arduino/build/unoq/libraries/Arduino_RouterBridge/singletons.cpp.o
                0x0000000000002f60                bool arduino::msgpack::Unpacker::deserialize<RpcError, arduino::msgpack::object::nil_t&>(RpcError&, arduino::msgpack::object::nil_t&)
 .text._ZN7arduino7msgpack8Unpacker10unpackUIntIjEENSt9enable_ifIXaaaaaaaasrSt13is_arithmeticIT_E5valuesrSt11is_integralIS5_E5valuentsrSt7is_sameIS5_bE5valuentsrS9_INSt9remove_cvIS5_E4typeEPcE5valuentsrSt9is_signedIS5_E5valueES5_E4typeEv
                0x0000000000002ff0       0x80 /Users/rouyun/Desktop/IYRC-2026/.arduino/build/unoq/libraries/Arduino_RouterBridge/singletons.cpp.o
                0x0000000000002ff0                std::enable_if<(((std::is_arithmetic<unsigned int>::value&&std::is_integral<unsigned int>::value)&&(!std::is_same<unsigned int, bool>::value))&&(!std::is_same<std::remove_cv<unsigned int>::type, char*>::value))&&(!std::is_signed<unsigned int>::value), unsigned int>::type arduino::msgpack::Unpacker::unpackUInt<unsigned int>()
 .text._ZN7arduino7msgpack8Unpacker11deserializeIjJEEEbRT_DpOT0_
                0x0000000000003070       0x40 /Users/rouyun/Desktop/IYRC-2026/.arduino/build/unoq/libraries/Arduino_RouterBridge/singletons.cpp.o
                0x0000000000003070                bool arduino::msgpack::Unpacker::deserialize<unsigned int>(unsigned int&)
 .text._ZN7arduino7msgpack8Unpacker11deserializeINS0_4type9ArraySizeEJRiRjEEEbRT_DpOT0_
                0x00000000000030b0       0x78 /Users/rouyun/Desktop/IYRC-2026/.arduino/build/unoq/libraries/Arduino_RouterBridge/singletons.cpp.o
                0x00000000000030b0                bool arduino::msgpack::Unpacker::deserialize<arduino::msgpack::type::ArraySize, int&, unsigned int&>(arduino::msgpack::type::ArraySize&, int&, unsigned int&)
 .text._ZN10RpcDecoderILj1024EE12get_responseIN7arduino7msgpack6object5nil_tEEEbjRT_R8RpcError
                0x0000000000003128      0x17c /Users/rouyun/Desktop/IYRC-2026/.arduino/build/unoq/libraries/Arduino_RouterBridge/singletons.cpp.o
                0x0000000000003128                bool RpcDecoder<1024u>::get_response<arduino::msgpack::object::nil_t>(unsigned int, arduino::msgpack::object::nil_t&, RpcError&)
 .text._ZN10RpcDecoderILj1024EE12get_responseIbEEbjRT_R8RpcError
                0x00000000000032a4      0x17c /Users/rouyun/Desktop/IYRC-2026/.arduino/build/unoq/libraries/Arduino_RouterBridge/singletons.cpp.o
                0x00000000000032a4                bool RpcDecoder<1024u>::get_response<bool>(unsigned int, bool&, RpcError&)
 .text._ZN10RpcDecoderILj1024EE6decodeEv
                0x0000000000003420       0x40 /Users/rouyun/Desktop/IYRC-2026/.arduino/build/unoq/libraries/Arduino_RouterBridge/singletons.cpp.o
                0x0000000000003420                RpcDecoder<1024u>::decode()
 .text._ZN9RPCClient12get_responseIN7arduino7msgpack6object5nil_tEEEbjRT_R8RpcError
                0x0000000000003460       0x40 /Users/rouyun/Desktop/IYRC-2026/.arduino/build/unoq/libraries/Arduino_RouterBridge/singletons.cpp.o
                0x0000000000003460                bool RPCClient::get_response<arduino::msgpack::object::nil_t>(unsigned int, arduino::msgpack::object::nil_t&, RpcError&)
 .text._ZN13BridgeMonitorILj512EEcvbEv
                0x00000000000034a0      0x28c /Users/rouyun/Desktop/IYRC-2026/.arduino/build/unoq/libraries/Arduino_RouterBridge/singletons.cpp.o
                0x00000000000034a0                BridgeMonitor<512u>::operator bool()
 .text._ZN11BridgeClass6notifyIJRN7arduino6StringEEEEvS2_DpOT_
                0x000000000000372c       0xac /Users/rouyun/Desktop/IYRC-2026/.arduino/build/unoq/libraries/Arduino_RouterBridge/singletons.cpp.o
                0x000000000000372c                void BridgeClass::notify<arduino::String&>(arduino::String, arduino::String&)
 .text._ZN7RpcCallIJRN7arduino6StringEEE8setErrorEiS1_
                0x00000000000037d8       0x40 /Users/rouyun/Desktop/IYRC-2026/.arduino/build/unoq/libraries/Arduino_RouterBridge/singletons.cpp.o
                0x00000000000037d8                RpcCall<arduino::String&>::setError(int, arduino::String)
 .text._ZN7RpcCallIJRN7arduino6StringEEED2Ev
                0x0000000000003818      0x118 /Users/rouyun/Desktop/IYRC-2026/.arduino/build/unoq/libraries/Arduino_RouterBridge/singletons.cpp.o
                0x0000000000003818                RpcCall<arduino::String&>::~RpcCall()
                0x0000000000003818                RpcCall<arduino::String&>::~RpcCall()
 .text._ZN10RpcDecoderILj1024EE12get_responseIjEEbjRT_R8RpcError
                0x0000000000003930      0x17c /Users/rouyun/Desktop/IYRC-2026/.arduino/build/unoq/libraries/Arduino_RouterBridge/singletons.cpp.o
                0x0000000000003930                bool RpcDecoder<1024u>::get_response<unsigned int>(unsigned int, unsigned int&, RpcError&)
 .text._ZN13BridgeMonitorILj512EE5writeEPKhj
                0x0000000000003aac      0x1fc /Users/rouyun/Desktop/IYRC-2026/.arduino/build/unoq/libraries/Arduino_RouterBridge/singletons.cpp.o
                0x0000000000003aac                BridgeMonitor<512u>::write(unsigned char const*, unsigned int)
 .text._ZN7RpcCallIJRjEE8setErrorEiN7arduino6StringE
                0x0000000000003ca8       0x40 /Users/rouyun/Desktop/IYRC-2026/.arduino/build/unoq/libraries/Arduino_RouterBridge/singletons.cpp.o
                0x0000000000003ca8                RpcCall<unsigned int&>::setError(int, arduino::String)
 .text._ZN7RpcCallIJRjEE7isErrorEv
                0x0000000000003ce8       0x34 /Users/rouyun/Desktop/IYRC-2026/.arduino/build/unoq/libraries/Arduino_RouterBridge/singletons.cpp.o
                0x0000000000003ce8                RpcCall<unsigned int&>::isError()
 .text._ZN7RpcCallIJRjEED2Ev
                0x0000000000003d1c      0x118 /Users/rouyun/Desktop/IYRC-2026/.arduino/build/unoq/libraries/Arduino_RouterBridge/singletons.cpp.o
                0x0000000000003d1c                RpcCall<unsigned int&>::~RpcCall()
                0x0000000000003d1c                RpcCall<unsigned int&>::~RpcCall()
 .text._ZN10RpcDecoderILj1024EE12get_responseISt6vectorIhSaIhEEEEbjRT_R8RpcError
                0x0000000000003e34      0x17c /Users/rouyun/Desktop/IYRC-2026/.arduino/build/unoq/libraries/Arduino_RouterBridge/singletons.cpp.o
                0x0000000000003e34                bool RpcDecoder<1024u>::get_response<std::vector<unsigned char, std::allocator<unsigned char> > >(unsigned int, std::vector<unsigned char, std::allocator<unsigned char> >&, RpcError&)
 .text._ZN7RpcCallIJRjEE6resultISt6vectorIhSaIhEEEEbRT_
                0x0000000000003fb0      0x134 /Users/rouyun/Desktop/IYRC-2026/.arduino/build/unoq/libraries/Arduino_RouterBridge/singletons.cpp.o
                0x0000000000003fb0                bool RpcCall<unsigned int&>::result<std::vector<unsigned char, std::allocator<unsigned char> > >(std::vector<unsigned char, std::allocator<unsigned char> >&)
 .text._ZN13BridgeMonitorILj512EE5_readEj
                0x00000000000040e4      0x120 /Users/rouyun/Desktop/IYRC-2026/.arduino/build/unoq/libraries/Arduino_RouterBridge/singletons.cpp.o
                0x00000000000040e4                BridgeMonitor<512u>::_read(unsigned int)
 .text._ZN13BridgeMonitorILj512EE9availableEv
                0x0000000000004204       0x44 /Users/rouyun/Desktop/IYRC-2026/.arduino/build/unoq/libraries/Arduino_RouterBridge/singletons.cpp.o
                0x0000000000004204                BridgeMonitor<512u>::available()
 .text._GLOBAL__sub_I_Bridge
                0x0000000000004248       0xc0 /Users/rouyun/Desktop/IYRC-2026/.arduino/build/unoq/libraries/Arduino_RouterBridge/singletons.cpp.o
 .text._GLOBAL__sub_D_Bridge
                0x0000000000004308       0x20 /Users/rouyun/Desktop/IYRC-2026/.arduino/build/unoq/libraries/Arduino_RouterBridge/singletons.cpp.o
 .text._ZN7arduino6StringC2EOS0_
                0x0000000000004328       0x16 /Users/rouyun/Desktop/IYRC-2026/.arduino/build/unoq/core/core.a(String.cpp.o)
                0x0000000000004328                arduino::String::String(arduino::String&&)
                0x0000000000004328                arduino::String::String(arduino::String&&)
 *fill*         0x000000000000433e        0x2 
 .text._ZN7arduino6StringD2Ev
                0x0000000000004340       0x14 /Users/rouyun/Desktop/IYRC-2026/.arduino/build/unoq/core/core.a(String.cpp.o)
                0x0000000000004340                arduino::String::~String()
                0x0000000000004340                arduino::String::~String()
 .text._ZN7arduino6String10invalidateEv
                0x0000000000004354       0x1c /Users/rouyun/Desktop/IYRC-2026/.arduino/build/unoq/core/core.a(String.cpp.o)
                0x0000000000004354                arduino::String::invalidate()
 .text._ZN7arduino6String12changeBufferEj
                0x0000000000004370       0x1c /Users/rouyun/Desktop/IYRC-2026/.arduino/build/unoq/core/core.a(String.cpp.o)
                0x0000000000004370                arduino::String::changeBuffer(unsigned int)
 .text._ZN7arduino6String7reserveEj
                0x000000000000438c       0x28 /Users/rouyun/Desktop/IYRC-2026/.arduino/build/unoq/core/core.a(String.cpp.o)
                0x000000000000438c                arduino::String::reserve(unsigned int)
 .text._ZN7arduino6String4copyEPKcj
                0x00000000000043b4       0x3c /Users/rouyun/Desktop/IYRC-2026/.arduino/build/unoq/core/core.a(String.cpp.o)
                0x00000000000043b4                arduino::String::copy(char const*, unsigned int)
 .text._ZN7arduino6StringC2EPKc
                0x00000000000043f0       0x2c /Users/rouyun/Desktop/IYRC-2026/.arduino/build/unoq/core/core.a(String.cpp.o)
                0x00000000000043f0                arduino::String::String(char const*)
                0x00000000000043f0                arduino::String::String(char const*)
 .text._ZN7arduino6String4moveERS0_
                0x000000000000441c       0x2c /Users/rouyun/Desktop/IYRC-2026/.arduino/build/unoq/core/core.a(String.cpp.o)
                0x000000000000441c                arduino::String::move(arduino::String&)
 .text._ZN7arduino6StringaSERKS0_
                0x0000000000004448       0x28 /Users/rouyun/Desktop/IYRC-2026/.arduino/build/unoq/core/core.a(String.cpp.o)
                0x0000000000004448                arduino::String::operator=(arduino::String const&)
 .text._ZN7arduino6StringC2ERKS0_
                0x0000000000004470       0x18 /Users/rouyun/Desktop/IYRC-2026/.arduino/build/unoq/core/core.a(String.cpp.o)
                0x0000000000004470                arduino::String::String(arduino::String const&)
                0x0000000000004470                arduino::String::String(arduino::String const&)
 .text._ZN7arduino6StringaSEOS0_
                0x0000000000004488       0x10 /Users/rouyun/Desktop/IYRC-2026/.arduino/build/unoq/core/core.a(String.cpp.o)
                0x0000000000004488                arduino::String::operator=(arduino::String&&)
 .text._ZN7arduino6StringaSEPKc
                0x0000000000004498       0x30 /Users/rouyun/Desktop/IYRC-2026/.arduino/build/unoq/core/core.a(String.cpp.o)
                0x0000000000004498                arduino::String::operator=(char const*)
 .text._ZN7arduino6String6concatEPKcj
                0x00000000000044c8       0x40 /Users/rouyun/Desktop/IYRC-2026/.arduino/build/unoq/core/core.a(String.cpp.o)
                0x00000000000044c8                arduino::String::concat(char const*, unsigned int)
 .text._ZN7arduino6String6concatEc
                0x0000000000004508       0x1c /Users/rouyun/Desktop/IYRC-2026/.arduino/build/unoq/core/core.a(String.cpp.o)
                0x0000000000004508                arduino::String::concat(char)
 .text._ZNK7arduino6String9compareToERKS0_
                0x0000000000004524       0x30 /Users/rouyun/Desktop/IYRC-2026/.arduino/build/unoq/core/core.a(String.cpp.o)
                0x0000000000004524                arduino::String::compareTo(arduino::String const&) const
 .text._ZNK7arduino6String6equalsERKS0_
                0x0000000000004554       0x20 /Users/rouyun/Desktop/IYRC-2026/.arduino/build/unoq/core/core.a(String.cpp.o)
                0x0000000000004554                arduino::String::equals(arduino::String const&) const
 .text._ZNK7arduino6String6equalsEPKc
                0x0000000000004574       0x28 /Users/rouyun/Desktop/IYRC-2026/.arduino/build/unoq/core/core.a(String.cpp.o)
                0x0000000000004574                arduino::String::equals(char const*) const
 .text.memcpy   0x000000000000459c        0x8 /Users/rouyun/Desktop/IYRC-2026/.arduino/build/unoq/core/core.a(llext_wrappers.c.o)
                0x000000000000459c                memcpy
 .text.memmove  0x00000000000045a4        0x8 /Users/rouyun/Desktop/IYRC-2026/.arduino/build/unoq/core/core.a(llext_wrappers.c.o)
                0x00000000000045a4                memmove
 .text.strlen   0x00000000000045ac        0x8 /Users/rouyun/Desktop/IYRC-2026/.arduino/build/unoq/core/core.a(llext_wrappers.c.o)
                0x00000000000045ac                strlen
 .text.strcmp   0x00000000000045b4        0x8 /Users/rouyun/Desktop/IYRC-2026/.arduino/build/unoq/core/core.a(llext_wrappers.c.o)
                0x00000000000045b4                strcmp
 .text.memset   0x00000000000045bc        0x8 /Users/rouyun/Desktop/IYRC-2026/.arduino/build/unoq/core/core.a(llext_wrappers.c.o)
                0x00000000000045bc                memset
 .text.malloc   0x00000000000045c4        0x8 /Users/rouyun/Desktop/IYRC-2026/.arduino/build/unoq/core/core.a(llext_wrappers.c.o)
                0x00000000000045c4                malloc
 .text.realloc  0x00000000000045cc        0x8 /Users/rouyun/Desktop/IYRC-2026/.arduino/build/unoq/core/core.a(llext_wrappers.c.o)
                0x00000000000045cc                realloc
 .text.free     0x00000000000045d4        0x8 /Users/rouyun/Desktop/IYRC-2026/.arduino/build/unoq/core/core.a(llext_wrappers.c.o)
                0x00000000000045d4                free
 .text.__aeabi_i2d
                0x00000000000045dc        0xa /Users/rouyun/Desktop/IYRC-2026/.arduino/build/unoq/core/core.a(llext_wrappers.c.o)
                0x00000000000045dc                __aeabi_i2d
 .text.__aeabi_ui2d
                0x00000000000045e6        0xa /Users/rouyun/Desktop/IYRC-2026/.arduino/build/unoq/core/core.a(llext_wrappers.c.o)
                0x00000000000045e6                __aeabi_ui2d
 .text.__aeabi_l2d
                0x00000000000045f0        0xa /Users/rouyun/Desktop/IYRC-2026/.arduino/build/unoq/core/core.a(llext_wrappers.c.o)
                0x00000000000045f0                __aeabi_l2d
 .text.__aeabi_ul2d
                0x00000000000045fa        0xa /Users/rouyun/Desktop/IYRC-2026/.arduino/build/unoq/core/core.a(llext_wrappers.c.o)
                0x00000000000045fa                __aeabi_ul2d
 .text.__aeabi_d2f
                0x0000000000004604        0xa /Users/rouyun/Desktop/IYRC-2026/.arduino/build/unoq/core/core.a(llext_wrappers.c.o)
                0x0000000000004604                __aeabi_d2f
 .text.__aeabi_f2d
                0x000000000000460e        0xa /Users/rouyun/Desktop/IYRC-2026/.arduino/build/unoq/core/core.a(llext_wrappers.c.o)
                0x000000000000460e                __aeabi_f2d
 .text.__aeabi_l2f
                0x0000000000004618        0xa /Users/rouyun/Desktop/IYRC-2026/.arduino/build/unoq/core/core.a(llext_wrappers.c.o)
                0x0000000000004618                __aeabi_l2f
 .text.__aeabi_ul2f
                0x0000000000004622        0xa /Users/rouyun/Desktop/IYRC-2026/.arduino/build/unoq/core/core.a(llext_wrappers.c.o)
                0x0000000000004622                __aeabi_ul2f
 .text.atexit   0x000000000000462c        0x8 /Users/rouyun/Desktop/IYRC-2026/.arduino/build/unoq/core/core.a(llext_wrappers.c.o)
                0x000000000000462c                atexit
 .text.abort    0x0000000000004634        0xc /Users/rouyun/Desktop/IYRC-2026/.arduino/build/unoq/core/core.a(llext_wrappers.c.o)
                0x0000000000004634                abort
 .text.initVariant
                0x0000000000004640        0x2 /Users/rouyun/Desktop/IYRC-2026/.arduino/build/unoq/core/core.a(main.cpp.o)
                0x0000000000004640                initVariant
 *fill*         0x0000000000004642        0x2 
 .text.main     0x0000000000004644       0x2c /Users/rouyun/Desktop/IYRC-2026/.arduino/build/unoq/core/core.a(main.cpp.o)
                0x0000000000004644                main
 .text._ZL10new_helperj
                0x0000000000004670       0x10 /Users/rouyun/Desktop/IYRC-2026/.arduino/build/unoq/core/core.a(new.cpp.o)
 .text._Znwj    0x0000000000004680        0x8 /Users/rouyun/Desktop/IYRC-2026/.arduino/build/unoq/core/core.a(new.cpp.o)
                0x0000000000004680                operator new(unsigned int)
 .text._ZnwjPv  0x0000000000004688        0x4 /Users/rouyun/Desktop/IYRC-2026/.arduino/build/unoq/core/core.a(new.cpp.o)
                0x0000000000004688                operator new(unsigned int, void*)
 .text._ZdlPvj  0x000000000000468c        0x8 /Users/rouyun/Desktop/IYRC-2026/.arduino/build/unoq/core/core.a(new.cpp.o)
                0x000000000000468c                operator delete(void*, unsigned int)
 .text._Z20start_static_threadsv
                0x0000000000004694       0x6c /Users/rouyun/Desktop/IYRC-2026/.arduino/build/unoq/core/core.a(threads.cpp.o)
                0x0000000000004694                start_static_threads()
 .text.gpio_pin_configure_dt.isra.0
                0x0000000000004700       0x2a /Users/rouyun/Desktop/IYRC-2026/.arduino/build/unoq/core/core.a(wiring_digital.cpp.o)
 *fill*         0x000000000000472a        0x2 
 .text.pinMode  0x000000000000472c       0x40 /Users/rouyun/Desktop/IYRC-2026/.arduino/build/unoq/core/core.a(wiring_digital.cpp.o)
                0x000000000000472c                pinMode
 .text.digitalWrite
                0x000000000000476c       0x3c /Users/rouyun/Desktop/IYRC-2026/.arduino/build/unoq/core/core.a(wiring_digital.cpp.o)
                0x000000000000476c                digitalWrite
 .text.z_impl_uart_irq_tx_enable
                0x00000000000047a8        0xa /Users/rouyun/Desktop/IYRC-2026/.arduino/build/unoq/core/core.a(zephyrSerial.cpp.o)
 .text._ZN7arduino12ZephyrSerial5beginEm
                0x00000000000047b2        0xa /Users/rouyun/Desktop/IYRC-2026/.arduino/build/unoq/core/core.a(zephyrSerial.cpp.o)
                0x00000000000047b2                arduino::ZephyrSerial::begin(unsigned long)
 .text._ZN7arduino12ZephyrSerial5writeEh
                0x00000000000047bc       0x18 /Users/rouyun/Desktop/IYRC-2026/.arduino/build/unoq/core/core.a(zephyrSerial.cpp.o)
                0x00000000000047bc                arduino::ZephyrSerial::write(unsigned char)
 .text._ZN7arduino12ZephyrSerialcvbEv
                0x00000000000047d4        0x4 /Users/rouyun/Desktop/IYRC-2026/.arduino/build/unoq/core/core.a(zephyrSerial.cpp.o)
                0x00000000000047d4                arduino::ZephyrSerial::operator bool()
 .text.k_sem_give
                0x00000000000047d8        0x8 /Users/rouyun/Desktop/IYRC-2026/.arduino/build/unoq/core/core.a(zephyrSerial.cpp.o)
 .text.k_sem_take.isra.0
                0x00000000000047e0        0x8 /Users/rouyun/Desktop/IYRC-2026/.arduino/build/unoq/core/core.a(zephyrSerial.cpp.o)
 .text._ZN7arduino12ZephyrSerial4readEv
                0x00000000000047e8       0x48 /Users/rouyun/Desktop/IYRC-2026/.arduino/build/unoq/core/core.a(zephyrSerial.cpp.o)
                0x00000000000047e8                arduino::ZephyrSerial::read()
 .text._ZN7arduino12ZephyrSerial4peekEv
                0x0000000000004830       0x48 /Users/rouyun/Desktop/IYRC-2026/.arduino/build/unoq/core/core.a(zephyrSerial.cpp.o)
                0x0000000000004830                arduino::ZephyrSerial::peek()
 .text._ZN7arduino12ZephyrSerial17availableForWriteEv
                0x0000000000004878       0x34 /Users/rouyun/Desktop/IYRC-2026/.arduino/build/unoq/core/core.a(zephyrSerial.cpp.o)
                0x0000000000004878                arduino::ZephyrSerial::availableForWrite()
 .text._ZN7arduino12ZephyrSerial9availableEv
                0x00000000000048ac       0x34 /Users/rouyun/Desktop/IYRC-2026/.arduino/build/unoq/core/core.a(zephyrSerial.cpp.o)
                0x00000000000048ac                arduino::ZephyrSerial::available()
 .text._ZN7arduino12ZephyrSerial5beginEmt
                0x00000000000048e0       0xc4 /Users/rouyun/Desktop/IYRC-2026/.arduino/build/unoq/core/core.a(zephyrSerial.cpp.o)
                0x00000000000048e0                arduino::ZephyrSerial::begin(unsigned long, unsigned short)
 .text._ZN7arduino12ZephyrSerial3endEv
                0x00000000000049a4        0xc /Users/rouyun/Desktop/IYRC-2026/.arduino/build/unoq/core/core.a(zephyrSerial.cpp.o)
                0x00000000000049a4                arduino::ZephyrSerial::end()
 .text._ZN7arduino12ZephyrSerial5flushEv
                0x00000000000049b0       0x2c /Users/rouyun/Desktop/IYRC-2026/.arduino/build/unoq/core/core.a(zephyrSerial.cpp.o)
                0x00000000000049b0                arduino::ZephyrSerial::flush()
 .text._ZN7arduino12ZephyrSerial5writeEPKhj
                0x00000000000049dc       0x70 /Users/rouyun/Desktop/IYRC-2026/.arduino/build/unoq/core/core.a(zephyrSerial.cpp.o)
                0x00000000000049dc                arduino::ZephyrSerial::write(unsigned char const*, unsigned int)
 .text._ZN7arduino12ZephyrSerial10IrqHandlerEv
                0x0000000000004a4c       0xec /Users/rouyun/Desktop/IYRC-2026/.arduino/build/unoq/core/core.a(zephyrSerial.cpp.o)
                0x0000000000004a4c                arduino::ZephyrSerial::IrqHandler()
 .text._ZN7arduino12ZephyrSerial11IrqDispatchEPK6devicePv
                0x0000000000004b38        0xc /Users/rouyun/Desktop/IYRC-2026/.arduino/build/unoq/core/core.a(zephyrSerial.cpp.o)
                0x0000000000004b38                arduino::ZephyrSerial::IrqDispatch(device const*, void*)
 .text._ZN7arduino12ZephyrSerial18ZephyrSerialBufferILi64EEC2Ev
                0x0000000000004b44       0x28 /Users/rouyun/Desktop/IYRC-2026/.arduino/build/unoq/core/core.a(zephyrSerial.cpp.o)
                0x0000000000004b44                arduino::ZephyrSerial::ZephyrSerialBuffer<64>::ZephyrSerialBuffer()
                0x0000000000004b44                arduino::ZephyrSerial::ZephyrSerialBuffer<64>::ZephyrSerialBuffer()
 .text._GLOBAL__sub_I__ZN7arduino12ZephyrSerial5beginEmt
                0x0000000000004b6c       0x7c /Users/rouyun/Desktop/IYRC-2026/.arduino/build/unoq/core/core.a(zephyrSerial.cpp.o)
 .text.yield    0x0000000000004be8        0x8 /Users/rouyun/Desktop/IYRC-2026/.arduino/build/unoq/core/core.a(zephyrCommon.cpp.o)
                0x0000000000004be8                yield
 .text._ZN6zephyr7arduinoL29init_device_with_dependenciesEPK6device
                0x0000000000004bf0       0xd4 /Users/rouyun/Desktop/IYRC-2026/.arduino/build/unoq/core/core.a(zephyrPinctrl.cpp.o)
 .text._ZN6zephyr7arduino22init_dev_apply_pinctrlEPK6device
                0x0000000000004cc4       0x10 /Users/rouyun/Desktop/IYRC-2026/.arduino/build/unoq/core/core.a(zephyrPinctrl.cpp.o)
                0x0000000000004cc4                zephyr::arduino::init_dev_apply_pinctrl(device const*)
 .text.unlikely._ZSt17__throw_bad_allocv
                0x0000000000004cd4        0x6 /Users/rouyun/Desktop/IYRC-2026/.arduino/data/packages/zephyr/tools/arm-zephyr-eabi/0.16.8/bin/../lib/gcc/arm-zephyr-eabi/12.2.0/../../../../arm-zephyr-eabi/lib/thumb/v8-m.main+fp/hard/libstdc++_nano.a(functexcept.o)
                0x0000000000004cd4                std::__throw_bad_alloc()
 .text.unlikely._ZSt20__throw_length_errorPKc
                0x0000000000004cda        0x6 /Users/rouyun/Desktop/IYRC-2026/.arduino/data/packages/zephyr/tools/arm-zephyr-eabi/0.16.8/bin/../lib/gcc/arm-zephyr-eabi/12.2.0/../../../../arm-zephyr-eabi/lib/thumb/v8-m.main+fp/hard/libstdc++_nano.a(functexcept.o)
                0x0000000000004cda                std::__throw_length_error(char const*)
 *(.text.*)
 *(.text._*)
 *(.init)
 *(.ctors)
 *(.dtors)
 *(.fini)

.static_thread_data_area
                0x0000000000004ce0        0x0
                0x0000000000004ce0                __static_thread_data_list_start = .
 *(.static_thread_data_area SORT_BY_NAME(.__static_thread_data.*))
                0x0000000000004ce0                __static_thread_data_list_end = .

.data
 *(.data .data.*)

.bss            0x0000000000004ce0      0x6fc
 *(.bss .bss.* COMMON)
 .bss._ZGVN12RouterBridge3HCIE
                0x0000000000004ce0        0x4 /Users/rouyun/Desktop/IYRC-2026/.arduino/build/unoq/sketch/LinkGuard_Arduino.ino.cpp.o
                0x0000000000004ce0                guard variable for RouterBridge::HCI
 .bss._ZN12RouterBridge3HCIE
                0x0000000000004ce4       0x28 /Users/rouyun/Desktop/IYRC-2026/.arduino/build/unoq/sketch/LinkGuard_Arduino.ino.cpp.o
                0x0000000000004ce4                RouterBridge::HCI
 *fill*         0x0000000000004d0c        0x4 
 .bss._ZZN8RpcUtils6detail12unpackObjectERN7arduino7msgpack8UnpackerEE1t
                0x0000000000004d10       0x10 /Users/rouyun/Desktop/IYRC-2026/.arduino/build/unoq/sketch/LinkGuard_Arduino.ino.cpp.o
                0x0000000000004d10                RpcUtils::detail::unpackObject(arduino::msgpack::Unpacker&)::t
 .bss._ZGVZN8RpcUtils6detail12unpackObjectERN7arduino7msgpack8UnpackerEE1e
                0x0000000000004d20        0x4 /Users/rouyun/Desktop/IYRC-2026/.arduino/build/unoq/sketch/LinkGuard_Arduino.ino.cpp.o
                0x0000000000004d20                guard variable for RpcUtils::detail::unpackObject(arduino::msgpack::Unpacker&)::e
 .bss._ZZN8RpcUtils6detail12unpackObjectERN7arduino7msgpack8UnpackerEE1e
                0x0000000000004d24        0xc /Users/rouyun/Desktop/IYRC-2026/.arduino/build/unoq/sketch/LinkGuard_Arduino.ino.cpp.o
                0x0000000000004d24                RpcUtils::detail::unpackObject(arduino::msgpack::Unpacker&)::e
 .bss._ZZN8RpcUtils6detail12unpackObjectERN7arduino7msgpack8UnpackerEE6map_sz
                0x0000000000004d30        0x4 /Users/rouyun/Desktop/IYRC-2026/.arduino/build/unoq/sketch/LinkGuard_Arduino.ino.cpp.o
                0x0000000000004d30                RpcUtils::detail::unpackObject(arduino::msgpack::Unpacker&)::map_sz
 .bss._ZZN8RpcUtils6detail12unpackObjectERN7arduino7msgpack8UnpackerEE6arr_sz
                0x0000000000004d34        0x4 /Users/rouyun/Desktop/IYRC-2026/.arduino/build/unoq/sketch/LinkGuard_Arduino.ino.cpp.o
                0x0000000000004d34                RpcUtils::detail::unpackObject(arduino::msgpack::Unpacker&)::arr_sz
 .bss._ZGVZN8RpcUtils6detail12unpackObjectERN7arduino7msgpack8UnpackerEE5bytes
                0x0000000000004d38        0x4 /Users/rouyun/Desktop/IYRC-2026/.arduino/build/unoq/sketch/LinkGuard_Arduino.ino.cpp.o
                0x0000000000004d38                guard variable for RpcUtils::detail::unpackObject(arduino::msgpack::Unpacker&)::bytes
 .bss._ZZN8RpcUtils6detail12unpackObjectERN7arduino7msgpack8UnpackerEE5bytes
                0x0000000000004d3c        0xc /Users/rouyun/Desktop/IYRC-2026/.arduino/build/unoq/sketch/LinkGuard_Arduino.ino.cpp.o
                0x0000000000004d3c                RpcUtils::detail::unpackObject(arduino::msgpack::Unpacker&)::bytes
 .bss._ZGVZN8RpcUtils6detail12unpackObjectERN7arduino7msgpack8UnpackerEE6string
                0x0000000000004d48        0x4 /Users/rouyun/Desktop/IYRC-2026/.arduino/build/unoq/sketch/LinkGuard_Arduino.ino.cpp.o
                0x0000000000004d48                guard variable for RpcUtils::detail::unpackObject(arduino::msgpack::Unpacker&)::string
 .bss._ZZN8RpcUtils6detail12unpackObjectERN7arduino7msgpack8UnpackerEE6string
                0x0000000000004d4c        0xc /Users/rouyun/Desktop/IYRC-2026/.arduino/build/unoq/sketch/LinkGuard_Arduino.ino.cpp.o
                0x0000000000004d4c                RpcUtils::detail::unpackObject(arduino::msgpack::Unpacker&)::string
 .bss._ZZN8RpcUtils6detail12unpackObjectERN7arduino7msgpack8UnpackerEE5num64
                0x0000000000004d58        0x8 /Users/rouyun/Desktop/IYRC-2026/.arduino/build/unoq/sketch/LinkGuard_Arduino.ino.cpp.o
                0x0000000000004d58                RpcUtils::detail::unpackObject(arduino::msgpack::Unpacker&)::num64
 .bss._ZZN8RpcUtils6detail12unpackObjectERN7arduino7msgpack8UnpackerEE5num32
                0x0000000000004d60        0x4 /Users/rouyun/Desktop/IYRC-2026/.arduino/build/unoq/sketch/LinkGuard_Arduino.ino.cpp.o
                0x0000000000004d60                RpcUtils::detail::unpackObject(arduino::msgpack::Unpacker&)::num32
 .bss._ZZN8RpcUtils6detail12unpackObjectERN7arduino7msgpack8UnpackerEE7integer
                0x0000000000004d64        0x4 /Users/rouyun/Desktop/IYRC-2026/.arduino/build/unoq/sketch/LinkGuard_Arduino.ino.cpp.o
                0x0000000000004d64                RpcUtils::detail::unpackObject(arduino::msgpack::Unpacker&)::integer
 .bss._ZZN8RpcUtils6detail12unpackObjectERN7arduino7msgpack8UnpackerEE1b
                0x0000000000004d68        0x1 /Users/rouyun/Desktop/IYRC-2026/.arduino/build/unoq/sketch/LinkGuard_Arduino.ino.cpp.o
                0x0000000000004d68                RpcUtils::detail::unpackObject(arduino::msgpack::Unpacker&)::b
 .bss._ZZN8RpcUtils6detail12unpackObjectERN7arduino7msgpack8UnpackerEE3nil
                0x0000000000004d69        0x1 /Users/rouyun/Desktop/IYRC-2026/.arduino/build/unoq/sketch/LinkGuard_Arduino.ino.cpp.o
                0x0000000000004d69                RpcUtils::detail::unpackObject(arduino::msgpack::Unpacker&)::nil
 *fill*         0x0000000000004d6a        0x2 
 .bss._ZGVZN7arduino7msgpack8Unpacker10from_arrayIJRiRNS_6StringEEEEbDpOT_E2sz
                0x0000000000004d6c        0x4 /Users/rouyun/Desktop/IYRC-2026/.arduino/build/unoq/libraries/Arduino_RouterBridge/singletons.cpp.o
                0x0000000000004d6c                guard variable for arduino::msgpack::Unpacker::from_array<int&, arduino::String&>(int&, arduino::String&)::sz
 .bss._ZZN7arduino7msgpack8Unpacker10from_arrayIJRiRNS_6StringEEEEbDpOT_E2sz
                0x0000000000004d70        0x4 /Users/rouyun/Desktop/IYRC-2026/.arduino/build/unoq/libraries/Arduino_RouterBridge/singletons.cpp.o
                0x0000000000004d70                arduino::msgpack::Unpacker::from_array<int&, arduino::String&>(int&, arduino::String&)::sz
 .bss.Monitor   0x0000000000004d74      0x238 /Users/rouyun/Desktop/IYRC-2026/.arduino/build/unoq/libraries/Arduino_RouterBridge/singletons.cpp.o
                0x0000000000004d74                Serial
                0x0000000000004d74                Monitor
 *fill*         0x0000000000004fac        0x4 
 .bss.Bridge    0x0000000000004fb0      0x168 /Users/rouyun/Desktop/IYRC-2026/.arduino/build/unoq/libraries/Arduino_RouterBridge/singletons.cpp.o
                0x0000000000004fb0                Bridge
 .bss.Serial3   0x0000000000005118       0xec /Users/rouyun/Desktop/IYRC-2026/.arduino/build/unoq/core/core.a(zephyrSerial.cpp.o)
                0x0000000000005118                Serial3
 .bss.Serial2   0x0000000000005204       0xec /Users/rouyun/Desktop/IYRC-2026/.arduino/build/unoq/core/core.a(zephyrSerial.cpp.o)
                0x0000000000005204                Serial2
 .bss.Serial1   0x00000000000052f0       0xec /Users/rouyun/Desktop/IYRC-2026/.arduino/build/unoq/core/core.a(zephyrSerial.cpp.o)
                0x00000000000052f0                Serial1
 *(.noinit .noinit.*)

.exported_sym   0x00000000000053dc        0x8
 *(.exported_sym)
 .exported_sym  0x00000000000053dc        0x8 /Users/rouyun/Desktop/IYRC-2026/.arduino/build/unoq/core/core.a(main.cpp.o)
 *(.exported_sym.*)

.init_array     0x00000000000053e4        0xc
 *(.init_array)
 .init_array    0x00000000000053e4        0x4 /Users/rouyun/Desktop/IYRC-2026/.arduino/build/unoq/sketch/LinkGuard_Arduino.ino.cpp.o
 .init_array    0x00000000000053e8        0x4 /Users/rouyun/Desktop/IYRC-2026/.arduino/build/unoq/libraries/Arduino_RouterBridge/singletons.cpp.o
 .init_array    0x00000000000053ec        0x4 /Users/rouyun/Desktop/IYRC-2026/.arduino/build/unoq/core/core.a(zephyrSerial.cpp.o)

.fini_array     0x00000000000053f0        0x8
 *(.fini_array)
 .fini_array    0x00000000000053f0        0x4 /Users/rouyun/Desktop/IYRC-2026/.arduino/build/unoq/sketch/LinkGuard_Arduino.ino.cpp.o
 .fini_array    0x00000000000053f4        0x4 /Users/rouyun/Desktop/IYRC-2026/.arduino/build/unoq/libraries/Arduino_RouterBridge/singletons.cpp.o

.symtab
 *(.symtab)

.strtab
 *(.strtab)

.shstrtab
 *(.shstrtab)

.got
 *(.got .got.* .got.plt .got.plt*)
OUTPUT(/Users/rouyun/Desktop/IYRC-2026/.arduino/build/unoq/LinkGuard_Arduino.ino_debug.elf elf32-littlearm)
LOAD linker stubs

.debug_info     0x0000000000000000    0x62b84
 .debug_info    0x0000000000000000    0x22844 /Users/rouyun/Desktop/IYRC-2026/.arduino/build/unoq/sketch/LinkGuard_Arduino.ino.cpp.o
 .debug_info    0x0000000000022844    0x2be0d /Users/rouyun/Desktop/IYRC-2026/.arduino/build/unoq/libraries/Arduino_RouterBridge/singletons.cpp.o
 .debug_info    0x000000000004e651     0x3e0e /Users/rouyun/Desktop/IYRC-2026/.arduino/build/unoq/core/core.a(String.cpp.o)
 .debug_info    0x000000000005245f     0x1e60 /Users/rouyun/Desktop/IYRC-2026/.arduino/build/unoq/core/core.a(llext_wrappers.c.o)
 .debug_info    0x00000000000542bf     0x1e2d /Users/rouyun/Desktop/IYRC-2026/.arduino/build/unoq/core/core.a(main.cpp.o)
 .debug_info    0x00000000000560ec      0x7b1 /Users/rouyun/Desktop/IYRC-2026/.arduino/build/unoq/core/core.a(new.cpp.o)
 .debug_info    0x000000000005689d     0x1f7c /Users/rouyun/Desktop/IYRC-2026/.arduino/build/unoq/core/core.a(threads.cpp.o)
 .debug_info    0x0000000000058819     0x24db /Users/rouyun/Desktop/IYRC-2026/.arduino/build/unoq/core/core.a(wiring_digital.cpp.o)
 .debug_info    0x000000000005acf4     0x3ac3 /Users/rouyun/Desktop/IYRC-2026/.arduino/build/unoq/core/core.a(zephyrSerial.cpp.o)
 .debug_info    0x000000000005e7b7     0x1ba0 /Users/rouyun/Desktop/IYRC-2026/.arduino/build/unoq/core/core.a(zephyrCommon.cpp.o)
 .debug_info    0x0000000000060357     0x282d /Users/rouyun/Desktop/IYRC-2026/.arduino/build/unoq/core/core.a(zephyrPinctrl.cpp.o)

.debug_abbrev   0x0000000000000000     0x54b9
 .debug_abbrev  0x0000000000000000     0x11cc /Users/rouyun/Desktop/IYRC-2026/.arduino/build/unoq/sketch/LinkGuard_Arduino.ino.cpp.o
 .debug_abbrev  0x00000000000011cc     0x1380 /Users/rouyun/Desktop/IYRC-2026/.arduino/build/unoq/libraries/Arduino_RouterBridge/singletons.cpp.o
 .debug_abbrev  0x000000000000254c      0x5d4 /Users/rouyun/Desktop/IYRC-2026/.arduino/build/unoq/core/core.a(String.cpp.o)
 .debug_abbrev  0x0000000000002b20      0x24b /Users/rouyun/Desktop/IYRC-2026/.arduino/build/unoq/core/core.a(llext_wrappers.c.o)
 .debug_abbrev  0x0000000000002d6b      0x538 /Users/rouyun/Desktop/IYRC-2026/.arduino/build/unoq/core/core.a(main.cpp.o)
 .debug_abbrev  0x00000000000032a3      0x234 /Users/rouyun/Desktop/IYRC-2026/.arduino/build/unoq/core/core.a(new.cpp.o)
 .debug_abbrev  0x00000000000034d7      0x4d6 /Users/rouyun/Desktop/IYRC-2026/.arduino/build/unoq/core/core.a(threads.cpp.o)
 .debug_abbrev  0x00000000000039ad      0x5b8 /Users/rouyun/Desktop/IYRC-2026/.arduino/build/unoq/core/core.a(wiring_digital.cpp.o)
 .debug_abbrev  0x0000000000003f65      0x959 /Users/rouyun/Desktop/IYRC-2026/.arduino/build/unoq/core/core.a(zephyrSerial.cpp.o)
 .debug_abbrev  0x00000000000048be      0x56c /Users/rouyun/Desktop/IYRC-2026/.arduino/build/unoq/core/core.a(zephyrCommon.cpp.o)
 .debug_abbrev  0x0000000000004e2a      0x68f /Users/rouyun/Desktop/IYRC-2026/.arduino/build/unoq/core/core.a(zephyrPinctrl.cpp.o)

.debug_loclists
                0x0000000000000000    0x13093
 .debug_loclists