Archive member included to satisfy reference by file (symbol)

/Users/rouyun/Desktop/IYRC-2026/.arduino/build/unoq/core/core.a(String.cpp.o)
                              /Users/rouyun/Desktop/IYRC-2026/.arduino/build/unoq/sketch/LinkGuard_Arduino.ino.cpp.o (arduino::String::String(arduino::String&&))
/Users/rouyun/Desktop/IYRC-2026/.arduino/build/unoq/core/core.a(itoa.cpp.o)
                              /Users/rouyun/Desktop/IYRC-2026/.arduino/build/unoq/core/core.a(String.cpp.o) (dtostrf)
/Users/rouyun/Desktop/IYRC-2026/.arduino/build/unoq/core/core.a(llext_wrappers.c.o)
                              /Users/rouyun/Desktop/IYRC-2026/.arduino/build/unoq/sketch/LinkGuard_Arduino.ino.cpp.o (memcpy)
/Users/rouyun/Desktop/IYRC-2026/.arduino/build/unoq/core/core.a(main.cpp.o)
                              (main)
/Users/rouyun/Desktop/IYRC-2026/.arduino/build/unoq/core/core.a(new.cpp.o)
                              /Users/rouyun/Desktop/IYRC-2026/.arduino/build/unoq/sketch/LinkGuard_Arduino.ino.cpp.o (operator new(unsigned int))
/Users/rouyun/Desktop/IYRC-2026/.arduino/build/unoq/core/core.a(threads.cpp.o)
                              /Users/rouyun/Desktop/IYRC-2026/.arduino/build/unoq/core/core.a(main.cpp.o) (start_static_threads())
/Users/rouyun/Desktop/IYRC-2026/.arduino/build/unoq/core/core.a(wiring_analog.cpp.o)
                              /Users/rouyun/Desktop/IYRC-2026/.arduino/build/unoq/sketch/LinkGuard_Arduino.ino.cpp.o (analogWrite)
/Users/rouyun/Desktop/IYRC-2026/.arduino/build/unoq/core/core.a(wiring_digital.cpp.o)
                              /Users/rouyun/Desktop/IYRC-2026/.arduino/build/unoq/sketch/LinkGuard_Arduino.ino.cpp.o (pinMode)
/Users/rouyun/Desktop/IYRC-2026/.arduino/build/unoq/core/core.a(zephyrPinctrl.cpp.o)
                              /Users/rouyun/Desktop/IYRC-2026/.arduino/build/unoq/core/core.a(wiring_analog.cpp.o) (zephyr::arduino::init_dev_apply_channel_pinctrl(device const*, unsigned int))
/Users/rouyun/Desktop/IYRC-2026/.arduino/build/unoq/core/core.a(zephyrSerial.cpp.o)
                              /Users/rouyun/Desktop/IYRC-2026/.arduino/build/unoq/libraries/Arduino_RouterBridge/singletons.cpp.o (Serial2)
/Users/rouyun/Desktop/IYRC-2026/.arduino/build/unoq/core/core.a(Common.cpp.o)
                              /Users/rouyun/Desktop/IYRC-2026/.arduino/build/unoq/core/core.a(wiring_analog.cpp.o) (map(long, long, long, long, long))
/Users/rouyun/Desktop/IYRC-2026/.arduino/build/unoq/core/core.a(zephyrCommon.cpp.o)
                              /Users/rouyun/Desktop/IYRC-2026/.arduino/build/unoq/core/core.a(zephyrSerial.cpp.o) (yield)
/Users/rouyun/Desktop/IYRC-2026/.arduino/data/packages/zephyr/tools/arm-zephyr-eabi/0.16.8/bin/../lib/gcc/arm-zephyr-eabi/12.2.0/../../../../arm-zephyr-eabi/lib/thumb/v8-m.main+fp/hard/libstdc++_nano.a(functexcept.o)
                              /Users/rouyun/Desktop/IYRC-2026/.arduino/build/unoq/sketch/LinkGuard_Arduino.ino.cpp.o (std::__throw_bad_alloc())

Discarded input sections

 .group         0x0000000000000000       0x2c /Users/rouyun/Desktop/IYRC-2026/.arduino/build/unoq/sketch/LinkGuard_Arduino.ino.cpp.o
 .group         0x0000000000000000        0x8 /Users/rouyun/Desktop/IYRC-2026/.arduino/build/unoq/sketch/LinkGuard_Arduino.ino.cpp.o
 .group         0x0000000000000000        0x8 /Users/rouyun/Desktop/IYRC-2026/.arduino/build/unoq/sketch/LinkGuard_Arduino.ino.cpp.o
 .group         0x0000000000000000        0x8 /Users/rouyun/Desktop/IYRC-2026/.arduino/build/unoq/sketch/LinkGuard_Arduino.ino.cpp.o
 .group         0x0000000000000000        0xc /Users/rouyun/Desktop/IYRC-2026/.arduino/build/unoq/sketch/LinkGuard_Arduino.ino.cpp.o
 .group         0x0000000000000000        0x8 /Users/rouyun/Desktop/IYRC-2026/.arduino/build/unoq/sketch/LinkGuard_Arduino.ino.cpp.o
 .group         0x0000000000000000        0xc /Users/rouyun/Desktop/IYRC-2026/.arduino/build/unoq/sketch/LinkGuard_Arduino.ino.cpp.o
 .group         0x0000000000000000        0xc /Users/rouyun/Desktop/IYRC-2026/.arduino/build/unoq/sketch/LinkGuard_Arduino.ino.cpp.o
 .group         0x0000000000000000        0xc /Users/rouyun/Desktop/IYRC-2026/.arduino/build/unoq/sketch/LinkGuard_Arduino.ino.cpp.o
 .group         0x0000000000000000        0xc /Users/rouyun/Desktop/IYRC-2026/.arduino/build/unoq/sketch/LinkGuard_Arduino.ino.cpp.o
 .group         0x0000000000000000        0xc /Users/rouyun/Desktop/IYRC-2026/.arduino/build/unoq/sketch/LinkGuard_Arduino.ino.cpp.o
 .group         0x0000000000000000        0xc /Users/rouyun/Desktop/IYRC-2026/.arduino/build/unoq/sketch/LinkGuard_Arduino.ino.cpp.o
 .group         0x0000000000000000        0xc /Users/rouyun/Desktop/IYRC-2026/.arduino/build/unoq/sketch/LinkGuard_Arduino.ino.cpp.o
 .group         0x0000000000000000        0xc /Users/rouyun/Desktop/IYRC-2026/.arduino/build/unoq/sketch/LinkGuard_Arduino.ino.cpp.o
[...]
Memory Configuration

Name             Origin             Length             Attributes
*default*        0x0000000000000000 0xffffffffffffffff

Linker script and memory map

LOAD /Users/rouyun/Desktop/IYRC-2026/.arduino/data/packages/zephyr/tools/arm-zephyr-eabi/0.16.8/bin/../lib/gcc/arm-zephyr-eabi/12.2.0/../../../../arm-zephyr-eabi/lib/thumb/v8-m.main+fp/hard/libstdc++_nano.a
LOAD /Users/rouyun/Desktop/IYRC-2026/.arduino/data/packages/zephyr/tools/arm-zephyr-eabi/0.16.8/bin/../lib/gcc/arm-zephyr-eabi/12.2.0/../../../../arm-zephyr-eabi/lib/thumb/v8-m.main+fp/hard/libsupc++_nano.a
LOAD /Users/rouyun/Desktop/IYRC-2026/.arduino/data/packages/zephyr/tools/arm-zephyr-eabi/0.16.8/bin/../lib/gcc/arm-zephyr-eabi/12.2.0/../../../../arm-zephyr-eabi/lib/thumb/v8-m.main+fp/hard/libnosys.a
LOAD /Users/rouyun/Desktop/IYRC-2026/.arduino/build/unoq/sketch/LinkGuard_Arduino.ino.cpp.o
LOAD /Users/rouyun/Desktop/IYRC-2026/.arduino/build/unoq/libraries/Arduino_RouterBridge/singletons.cpp.o
LOAD /Users/rouyun/Desktop/IYRC-2026/.arduino/build/unoq/core/analogReference.cpp.o
LOAD /Users/rouyun/Desktop/IYRC-2026/.arduino/build/unoq/core/tls-syms.S.o
START GROUP
LOAD /Users/rouyun/Desktop/IYRC-2026/.arduino/build/unoq/core/core.a
LOAD /Users/rouyun/Desktop/IYRC-2026/.arduino/data/packages/zephyr/tools/arm-zephyr-eabi/0.16.8/bin/../lib/gcc/arm-zephyr-eabi/12.2.0/../../../../arm-zephyr-eabi/lib/thumb/v8-m.main+fp/hard/libstdc++_nano.a
LOAD /Users/rouyun/Desktop/IYRC-2026/.arduino/data/packages/zephyr/tools/arm-zephyr-eabi/0.16.8/bin/../lib/gcc/arm-zephyr-eabi/12.2.0/../../../../arm-zephyr-eabi/lib/thumb/v8-m.main+fp/hard/libsupc++_nano.a
LOAD /Users/rouyun/Desktop/IYRC-2026/.arduino/data/packages/zephyr/tools/arm-zephyr-eabi/0.16.8/bin/../lib/gcc/arm-zephyr-eabi/12.2.0/../../../../arm-zephyr-eabi/lib/thumb/v8-m.main+fp/hard/libm_nano.a
END GROUP

.rodata         0x0000000000000000      0x590
 *(.rodata._ZN12_GLOBAL__N_1L11arduino_pwmE)
 .rodata._ZN12_GLOBAL__N_1L11arduino_pwmE
                0x0000000000000000      0x100 /Users/rouyun/Desktop/IYRC-2026/.arduino/build/unoq/core/core.a(wiring_analog.cpp.o)
 *(.rodata._ZN6zephyr7arduinoL11pinctrl_mapE)
 .rodata._ZN6zephyr7arduinoL11pinctrl_mapE
                0x0000000000000100       0x88 /Users/rouyun/Desktop/IYRC-2026/.arduino/build/unoq/core/core.a(zephyrPinctrl.cpp.o)
 *(.rodata._ZN6zephyr7arduinoL12arduino_pinsE)
 .rodata._ZN6zephyr7arduinoL12arduino_pinsE
                0x0000000000000188      0x230 /Users/rouyun/Desktop/IYRC-2026/.arduino/build/unoq/core/core.a(wiring_digital.cpp.o)
 *(.rodata._ZN6zephyr7arduinoL35__pinctrl_states__device_dts_ord_17E)
 .rodata._ZN6zephyr7arduinoL35__pinctrl_states__device_dts_ord_17E
                0x00000000000003b8       0x18 /Users/rouyun/Desktop/IYRC-2026/.arduino/build/unoq/core/core.a(zephyrPinctrl.cpp.o)
 *(.rodata._ZN6zephyr7arduinoL35__pinctrl_states__device_dts_ord_25E)
 .rodata._ZN6zephyr7arduinoL35__pinctrl_states__device_dts_ord_25E
                0x00000000000003d0        0x8 /Users/rouyun/Desktop/IYRC-2026/.arduino/build/unoq/core/core.a(zephyrPinctrl.cpp.o)
 *(.rodata._ZN6zephyr7arduinoL35__pinctrl_states__device_dts_ord_29E)
 .rodata._ZN6zephyr7arduinoL35__pinctrl_states__device_dts_ord_29E
                0x00000000000003d8        0x8 /Users/rouyun/Desktop/IYRC-2026/.arduino/build/unoq/core/core.a(zephyrPinctrl.cpp.o)
 *(.rodata._ZN6zephyr7arduinoL35__pinctrl_states__device_dts_ord_35E)
 .rodata._ZN6zephyr7arduinoL35__pinctrl_states__device_dts_ord_35E
                0x00000000000003e0       0x10 /Users/rouyun/Desktop/IYRC-2026/.arduino/build/unoq/core/core.a(zephyrPinctrl.cpp.o)
 *(.rodata._ZN6zephyr7arduinoL35__pinctrl_states__device_dts_ord_55E)
 .rodata._ZN6zephyr7arduinoL35__pinctrl_states__device_dts_ord_55E
                0x00000000000003f0        0x8 /Users/rouyun/Desktop/IYRC-2026/.arduino/build/unoq/core/core.a(zephyrPinctrl.cpp.o)
 *(.rodata._ZN6zephyr7arduinoL35__pinctrl_states__device_dts_ord_64E)
 .rodata._ZN6zephyr7arduinoL35__pinctrl_states__device_dts_ord_64E
                0x00000000000003f8        0x8 /Users/rouyun/Desktop/IYRC-2026/.arduino/build/unoq/core/core.a(zephyrPinctrl.cpp.o)
 *(.rodata._ZN6zephyr7arduinoL35__pinctrl_states__device_dts_ord_67E)
 .rodata._ZN6zephyr7arduinoL35__pinctrl_states__device_dts_ord_67E
                0x0000000000000400        0x8 /Users/rouyun/Desktop/IYRC-2026/.arduino/build/unoq/core/core.a(zephyrPinctrl.cpp.o)
 *(.rodata._ZN6zephyr7arduinoL35__pinctrl_states__device_dts_ord_72E)
 .rodata._ZN6zephyr7arduinoL35__pinctrl_states__device_dts_ord_72E
                0x0000000000000408        0x8 /Users/rouyun/Desktop/IYRC-2026/.arduino/build/unoq/core/core.a(zephyrPinctrl.cpp.o)
 *(.rodata._ZN6zephyr7arduinoL35__pinctrl_states__device_dts_ord_80E)
 .rodata._ZN6zephyr7arduinoL35__pinctrl_states__device_dts_ord_80E
                0x0000000000000410       0x10 /Users/rouyun/Desktop/IYRC-2026/.arduino/build/unoq/core/core.a(zephyrPinctrl.cpp.o)
 *(.rodata._ZN6zephyr7arduinoL35__pinctrl_states__device_dts_ord_85E)
 .rodata._ZN6zephyr7arduinoL35__pinctrl_states__device_dts_ord_85E
                0x0000000000000420        0x8 /Users/rouyun/Desktop/IYRC-2026/.arduino/build/unoq/core/core.a(zephyrPinctrl.cpp.o)
 *(.rodata._ZN6zephyr7arduinoL35__pinctrl_states__device_dts_ord_97E)
 .rodata._ZN6zephyr7arduinoL35__pinctrl_states__device_dts_ord_97E
                0x0000000000000428       0x18 /Users/rouyun/Desktop/IYRC-2026/.arduino/build/unoq/core/core.a(zephyrPinctrl.cpp.o)
 *(.rodata._ZN6zephyr7arduinoL36__pinctrl_states__device_dts_ord_102E)
 .rodata._ZN6zephyr7arduinoL36__pinctrl_states__device_dts_ord_102E
                0x0000000000000440       0x18 /Users/rouyun/Desktop/IYRC-2026/.arduino/build/unoq/core/core.a(zephyrPinctrl.cpp.o)
 *(.rodata._ZN6zephyr7arduinoL36__pinctrl_states__device_dts_ord_106E)
 .rodata._ZN6zephyr7arduinoL36__pinctrl_states__device_dts_ord_106E
                0x0000000000000458       0x18 /Users/rouyun/Desktop/IYRC-2026/.arduino/build/unoq/core/core.a(zephyrPinctrl.cpp.o)
 *(.rodata._ZN6zephyr7arduinoL36__pinctrl_states__device_dts_ord_111E)
 .rodata._ZN6zephyr7arduinoL36__pinctrl_states__device_dts_ord_111E
                0x0000000000000470       0x18 /Users/rouyun/Desktop/IYRC-2026/.arduino/build/unoq/core/core.a(zephyrPinctrl.cpp.o)
 *(.rodata._ZN6zephyr7arduinoL36__pinctrl_states__device_dts_ord_117E)
 .rodata._ZN6zephyr7arduinoL36__pinctrl_states__device_dts_ord_117E
                0x0000000000000488       0x18 /Users/rouyun/Desktop/IYRC-2026/.arduino/build/unoq/core/core.a(zephyrPinctrl.cpp.o)
 *(.rodata._ZN6zephyr7arduinoL36__pinctrl_states__device_dts_ord_120E)
 .rodata._ZN6zephyr7arduinoL36__pinctrl_states__device_dts_ord_120E
                0x00000000000004a0       0x18 /Users/rouyun/Desktop/IYRC-2026/.arduino/build/unoq/core/core.a(zephyrPinctrl.cpp.o)
 *(.rodata._ZN6zephyr7arduinoL39__pinctrl_dev_config__device_dts_ord_17E)
 .rodata._ZN6zephyr7arduinoL39__pinctrl_dev_config__device_dts_ord_17E
                0x00000000000004b8        0x8 /Users/rouyun/Desktop/IYRC-2026/.arduino/build/unoq/core/core.a(zephyrPinctrl.cpp.o)
 *(.rodata._ZN6zephyr7arduinoL39__pinctrl_dev_config__device_dts_ord_25E)
 .rodata._ZN6zephyr7arduinoL39__pinctrl_dev_config__device_dts_ord_25E
                0x00000000000004c0        0x8 /Users/rouyun/Desktop/IYRC-2026/.arduino/build/unoq/core/core.a(zephyrPinctrl.cpp.o)
 *(.rodata._ZN6zephyr7arduinoL39__pinctrl_dev_config__device_dts_ord_29E)
 .rodata._ZN6zephyr7arduinoL39__pinctrl_dev_config__device_dts_ord_29E
                0x00000000000004c8        0x8 /Users/rouyun/Desktop/IYRC-2026/.arduino/build/unoq/core/core.a(zephyrPinctrl.cpp.o)
 *(.rodata._ZN6zephyr7arduinoL39__pinctrl_dev_config__device_dts_ord_35E)
 .rodata._ZN6zephyr7arduinoL39__pinctrl_dev_config__device_dts_ord_35E
                0x00000000000004d0        0x8 /Users/rouyun/Desktop/IYRC-2026/.arduino/build/unoq/core/core.a(zephyrPinctrl.cpp.o)
 *(.rodata._ZN6zephyr7arduinoL39__pinctrl_dev_config__device_dts_ord_55E)
 .rodata._ZN6zephyr7arduinoL39__pinctrl_dev_config__device_dts_ord_55E
                0x00000000000004d8        0x8 /Users/rouyun/Desktop/IYRC-2026/.arduino/build/unoq/core/core.a(zephyrPinctrl.cpp.o)
 *(.rodata._ZN6zephyr7arduinoL39__pinctrl_dev_config__device_dts_ord_64E)
 .rodata._ZN6zephyr7arduinoL39__pinctrl_dev_config__device_dts_ord_64E
                0x00000000000004e0        0x8 /Users/rouyun/Desktop/IYRC-2026/.arduino/build/unoq/core/core.a(zephyrPinctrl.cpp.o)
 *(.rodata._ZN6zephyr7arduinoL39__pinctrl_dev_config__device_dts_ord_67E)
 .rodata._ZN6zephyr7arduinoL39__pinctrl_dev_config__device_dts_ord_67E
                0x00000000000004e8        0x8 /Users/rouyun/Desktop/IYRC-2026/.arduino/build/unoq/core/core.a(zephyrPinctrl.cpp.o)
 *(.rodata._ZN6zephyr7arduinoL39__pinctrl_dev_config__device_dts_ord_72E)
 .rodata._ZN6zephyr7arduinoL39__pinctrl_dev_config__device_dts_ord_72E
                0x00000000000004f0        0x8 /Users/rouyun/Desktop/IYRC-2026/.arduino/build/unoq/core/core.a(zephyrPinctrl.cpp.o)
 *(.rodata._ZN6zephyr7arduinoL39__pinctrl_dev_config__device_dts_ord_80E)
 .rodata._ZN6zephyr7arduinoL39__pinctrl_dev_config__device_dts_ord_80E
                0x00000000000004f8        0x8 /Users/rouyun/Desktop/IYRC-2026/.arduino/build/unoq/core/core.a(zephyrPinctrl.cpp.o)
 *(.rodata._ZN6zephyr7arduinoL39__pinctrl_dev_config__device_dts_ord_85E)
 .rodata._ZN6zephyr7arduinoL39__pinctrl_dev_config__device_dts_ord_85E
                0x0000000000000500        0x8 /Users/rouyun/Desktop/IYRC-2026/.arduino/build/unoq/core/core.a(zephyrPinctrl.cpp.o)
 *(.rodata._ZN6zephyr7arduinoL39__pinctrl_dev_config__device_dts_ord_97E)
 .rodata._ZN6zephyr7arduinoL39__pinctrl_dev_config__device_dts_ord_97E
                0x0000000000000508        0x8 /Users/rouyun/Desktop/IYRC-2026/.arduino/build/unoq/core/core.a(zephyrPinctrl.cpp.o)
 *(.rodata._ZN6zephyr7arduinoL40__pinctrl_dev_config__device_dts_ord_102E)
 .rodata._ZN6zephyr7arduinoL40__pinctrl_dev_config__device_dts_ord_102E
                0x0000000000000510        0x8 /Users/rouyun/Desktop/IYRC-2026/.arduino/build/unoq/core/core.a(zephyrPinctrl.cpp.o)
 *(.rodata._ZN6zephyr7arduinoL40__pinctrl_dev_config__device_dts_ord_106E)
 .rodata._ZN6zephyr7arduinoL40__pinctrl_dev_config__device_dts_ord_106E
                0x0000000000000518        0x8 /Users/rouyun/Desktop/IYRC-2026/.arduino/build/unoq/core/core.a(zephyrPinctrl.cpp.o)
 *(.rodata._ZN6zephyr7arduinoL40__pinctrl_dev_config__device_dts_ord_111E)
 .rodata._ZN6zephyr7arduinoL40__pinctrl_dev_config__device_dts_ord_111E
                0x0000000000000520        0x8 /Users/rouyun/Desktop/IYRC-2026/.arduino/build/unoq/core/core.a(zephyrPinctrl.cpp.o)
 *(.rodata._ZN6zephyr7arduinoL40__pinctrl_dev_config__device_dts_ord_117E)
 .rodata._ZN6zephyr7arduinoL40__pinctrl_dev_config__device_dts_ord_117E
                0x0000000000000528        0x8 /Users/rouyun/Desktop/IYRC-2026/.arduino/build/unoq/core/core.a(zephyrPinctrl.cpp.o)
 *(.rodata._ZN6zephyr7arduinoL40__pinctrl_dev_config__device_dts_ord_120E)
 .rodata._ZN6zephyr7arduinoL40__pinctrl_dev_config__device_dts_ord_120E
                0x0000000000000530        0x8 /Users/rouyun/Desktop/IYRC-2026/.arduino/build/unoq/core/core.a(zephyrPinctrl.cpp.o)
 *(.rodata._ZTV13BridgeMonitorILj512EE)
 .rodata._ZTV13BridgeMonitorILj512EE
                0x0000000000000538       0x24 /Users/rouyun/Desktop/IYRC-2026/.arduino/build/unoq/libraries/Arduino_RouterBridge/singletons.cpp.o
                0x0000000000000538                vtable for BridgeMonitor<512u>
 *(.rodata._ZTVN7arduino12ZephyrSerialE)
 .rodata._ZTVN7arduino12ZephyrSerialE
                0x000000000000055c       0x34 /Users/rouyun/Desktop/IYRC-2026/.arduino/build/unoq/core/core.a(zephyrSerial.cpp.o)
                0x000000000000055c                vtable for arduino::ZephyrSerial

.llext.rodata.noreloc
                0x0000000000000590      0x33b
 *(.rodata._ZN10RpcDecoderILj1024EE12get_responseIN7arduino7msgpack6object5nil_tEEEbjRT_R8RpcError.str1.1)
 .rodata._ZN10RpcDecoderILj1024EE12get_responseIN7arduino7msgpack6object5nil_tEEEbjRT_R8RpcError.str1.1
                0x0000000000000590       0x7b /Users/rouyun/Desktop/IYRC-2026/.arduino/build/unoq/libraries/Arduino_RouterBridge/singletons.cpp.o
 *(.rodata._ZN11BridgeClass11update_safeEv.str1.1)
 .rodata._ZN11BridgeClass11update_safeEv.str1.1
                0x000000000000060b        0x9 /Users/rouyun/Desktop/IYRC-2026/.arduino/build/unoq/sketch/LinkGuard_Arduino.ino.cpp.o
 *(.rodata._ZN12_GLOBAL__N_1L16arduino_pwm_pinsE)
 .rodata._ZN12_GLOBAL__N_1L16arduino_pwm_pinsE
                0x0000000000000614       0x10 /Users/rouyun/Desktop/IYRC-2026/.arduino/build/unoq/core/core.a(wiring_analog.cpp.o)
 *(.rodata._ZN13BridgeMonitorILj512EE5_readEj.str1.1)
 .rodata._ZN13BridgeMonitorILj512EE5_readEj.str1.1
                0x0000000000000624        0x9 /Users/rouyun/Desktop/IYRC-2026/.arduino/build/unoq/libraries/Arduino_RouterBridge/singletons.cpp.o
 *(.rodata._ZN13BridgeMonitorILj512EE5writeEPKhj.str1.1)
 .rodata._ZN13BridgeMonitorILj512EE5writeEPKhj.str1.1
                0x000000000000062d        0xa /Users/rouyun/Desktop/IYRC-2026/.arduino/build/unoq/libraries/Arduino_RouterBridge/singletons.cpp.o
 *(.rodata._ZN13BridgeMonitorILj512EEcvbEv.str1.1)
 .rodata._ZN13BridgeMonitorILj512EEcvbEv.str1.1
                0x0000000000000637       0x4d /Users/rouyun/Desktop/IYRC-2026/.arduino/build/unoq/libraries/Arduino_RouterBridge/singletons.cpp.o
 *(.rodata._ZN6zephyr7arduinoL41__pinctrl_state_pins_0__device_dts_ord_17E)
 .rodata._ZN6zephyr7arduinoL41__pinctrl_state_pins_0__device_dts_ord_17E
                0x0000000000000684        0x0 /Users/rouyun/Desktop/IYRC-2026/.arduino/build/unoq/core/core.a(zephyrPinctrl.cpp.o)
 *(.rodata._ZN6zephyr7arduinoL41__pinctrl_state_pins_0__device_dts_ord_25E)
 .rodata._ZN6zephyr7arduinoL41__pinctrl_state_pins_0__device_dts_ord_25E
                0x0000000000000684       0x10 /Users/rouyun/Desktop/IYRC-2026/.arduino/build/unoq/core/core.a(zephyrPinctrl.cpp.o)
 *(.rodata._ZN6zephyr7arduinoL41__pinctrl_state_pins_0__device_dts_ord_29E)
 .rodata._ZN6zephyr7arduinoL41__pinctrl_state_pins_0__device_dts_ord_29E
                0x0000000000000694       0x10 /Users/rouyun/Desktop/IYRC-2026/.arduino/build/unoq/core/core.a(zephyrPinctrl.cpp.o)
 *(.rodata._ZN6zephyr7arduinoL41__pinctrl_state_pins_0__device_dts_ord_35E)
 .rodata._ZN6zephyr7arduinoL41__pinctrl_state_pins_0__device_dts_ord_35E
                0x00000000000006a4       0x10 /Users/rouyun/Desktop/IYRC-2026/.arduino/build/unoq/core/core.a(zephyrPinctrl.cpp.o)
 *(.rodata._ZN6zephyr7arduinoL41__pinctrl_state_pins_0__device_dts_ord_55E)
 .rodata._ZN6zephyr7arduinoL41__pinctrl_state_pins_0__device_dts_ord_55E
                0x00000000000006b4       0x10 /Users/rouyun/Desktop/IYRC-2026/.arduino/build/unoq/core/core.a(zephyrPinctrl.cpp.o)
 *(.rodata._ZN6zephyr7arduinoL41__pinctrl_state_pins_0__device_dts_ord_64E)
 .rodata._ZN6zephyr7arduinoL41__pinctrl_state_pins_0__device_dts_ord_64E
                0x00000000000006c4       0x10 /Users/rouyun/Desktop/IYRC-2026/.arduino/build/unoq/core/core.a(zephyrPinctrl.cpp.o)
 *(.rodata._ZN6zephyr7arduinoL41__pinctrl_state_pins_0__device_dts_ord_67E)
 .rodata._ZN6zephyr7arduinoL41__pinctrl_state_pins_0__device_dts_ord_67E
                0x00000000000006d4       0x10 /Users/rouyun/Desktop/IYRC-2026/.arduino/build/unoq/core/core.a(zephyrPinctrl.cpp.o)
 *(.rodata._ZN6zephyr7arduinoL41__pinctrl_state_pins_0__device_dts_ord_72E)
 .rodata._ZN6zephyr7arduinoL41__pinctrl_state_pins_0__device_dts_ord_72E
                0x00000000000006e4       0x20 /Users/rouyun/Desktop/IYRC-2026/.arduino/build/unoq/core/core.a(zephyrPinctrl.cpp.o)
 *(.rodata._ZN6zephyr7arduinoL41__pinctrl_state_pins_0__device_dts_ord_80E)
 .rodata._ZN6zephyr7arduinoL41__pinctrl_state_pins_0__device_dts_ord_80E
                0x0000000000000704       0x20 /Users/rouyun/Desktop/IYRC-2026/.arduino/build/unoq/core/core.a(zephyrPinctrl.cpp.o)
 *(.rodata._ZN6zephyr7arduinoL41__pinctrl_state_pins_0__device_dts_ord_85E)
 .rodata._ZN6zephyr7arduinoL41__pinctrl_state_pins_0__device_dts_ord_85E
                0x0000000000000724       0x20 /Users/rouyun/Desktop/IYRC-2026/.arduino/build/unoq/core/core.a(zephyrPinctrl.cpp.o)
 *(.rodata._ZN6zephyr7arduinoL41__pinctrl_state_pins_0__device_dts_ord_97E)
 .rodata._ZN6zephyr7arduinoL41__pinctrl_state_pins_0__device_dts_ord_97E
                0x0000000000000744        0x0 /Users/rouyun/Desktop/IYRC-2026/.arduino/build/unoq/core/core.a(zephyrPinctrl.cpp.o)
 *(.rodata._ZN6zephyr7arduinoL41__pinctrl_state_pins_1__device_dts_ord_17E)
 .rodata._ZN6zephyr7arduinoL41__pinctrl_state_pins_1__device_dts_ord_17E
                0x0000000000000744        0x0 /Users/rouyun/Desktop/IYRC-2026/.arduino/build/unoq/core/core.a(zephyrPinctrl.cpp.o)
 *(.rodata._ZN6zephyr7arduinoL41__pinctrl_state_pins_1__device_dts_ord_35E)
 .rodata._ZN6zephyr7arduinoL41__pinctrl_state_pins_1__device_dts_ord_35E
                0x0000000000000744       0x10 /Users/rouyun/Desktop/IYRC-2026/.arduino/build/unoq/core/core.a(zephyrPinctrl.cpp.o)
 *(.rodata._ZN6zephyr7arduinoL41__pinctrl_state_pins_1__device_dts_ord_80E)
 .rodata._ZN6zephyr7arduinoL41__pinctrl_state_pins_1__device_dts_ord_80E
                0x0000000000000754       0x18 /Users/rouyun/Desktop/IYRC-2026/.arduino/build/unoq/core/core.a(zephyrPinctrl.cpp.o)
 *(.rodata._ZN6zephyr7arduinoL41__pinctrl_state_pins_1__device_dts_ord_97E)
 .rodata._ZN6zephyr7arduinoL41__pinctrl_state_pins_1__device_dts_ord_97E
                0x000000000000076c        0x0 /Users/rouyun/Desktop/IYRC-2026/.arduino/build/unoq/core/core.a(zephyrPinctrl.cpp.o)
 *(.rodata._ZN6zephyr7arduinoL41__pinctrl_state_pins_2__device_dts_ord_17E)
 .rodata._ZN6zephyr7arduinoL41__pinctrl_state_pins_2__device_dts_ord_17E
                0x000000000000076c       0x30 /Users/rouyun/Desktop/IYRC-2026/.arduino/build/unoq/core/core.a(zephyrPinctrl.cpp.o)
 *(.rodata._ZN6zephyr7arduinoL41__pinctrl_state_pins_2__device_dts_ord_97E)
 .rodata._ZN6zephyr7arduinoL41__pinctrl_state_pins_2__device_dts_ord_97E
                0x000000000000079c       0x18 /Users/rouyun/Desktop/IYRC-2026/.arduino/build/unoq/core/core.a(zephyrPinctrl.cpp.o)
 *(.rodata._ZN6zephyr7arduinoL42__pinctrl_state_pins_0__device_dts_ord_102E)
 .rodata._ZN6zephyr7arduinoL42__pinctrl_state_pins_0__device_dts_ord_102E
                0x00000000000007b4        0x0 /Users/rouyun/Desktop/IYRC-2026/.arduino/build/unoq/core/core.a(zephyrPinctrl.cpp.o)
 *(.rodata._ZN6zephyr7arduinoL42__pinctrl_state_pins_0__device_dts_ord_106E)
 .rodata._ZN6zephyr7arduinoL42__pinctrl_state_pins_0__device_dts_ord_106E
                0x00000000000007b4        0x0 /Users/rouyun/Desktop/IYRC-2026/.arduino/build/unoq/core/core.a(zephyrPinctrl.cpp.o)
 *(.rodata._ZN6zephyr7arduinoL42__pinctrl_state_pins_0__device_dts_ord_111E)
 .rodata._ZN6zephyr7arduinoL42__pinctrl_state_pins_0__device_dts_ord_111E
                0x00000000000007b4        0x0 /Users/rouyun/Desktop/IYRC-2026/.arduino/build/unoq/core/core.a(zephyrPinctrl.cpp.o)
 *(.rodata._ZN6zephyr7arduinoL42__pinctrl_state_pins_0__device_dts_ord_117E)
 .rodata._ZN6zephyr7arduinoL42__pinctrl_state_pins_0__device_dts_ord_117E
                0x00000000000007b4        0x0 /Users/rouyun/Desktop/IYRC-2026/.arduino/build/unoq/core/core.a(zephyrPinctrl.cpp.o)
 *(.rodata._ZN6zephyr7arduinoL42__pinctrl_state_pins_0__device_dts_ord_120E)
 .rodata._ZN6zephyr7arduinoL42__pinctrl_state_pins_0__device_dts_ord_120E
                0x00000000000007b4        0x0 /Users/rouyun/Desktop/IYRC-2026/.arduino/build/unoq/core/core.a(zephyrPinctrl.cpp.o)
 *(.rodata._ZN6zephyr7arduinoL42__pinctrl_state_pins_1__device_dts_ord_102E)
 .rodata._ZN6zephyr7arduinoL42__pinctrl_state_pins_1__device_dts_ord_102E
                0x00000000000007b4        0x0 /Users/rouyun/Desktop/IYRC-2026/.arduino/build/unoq/core/core.a(zephyrPinctrl.cpp.o)
 *(.rodata._ZN6zephyr7arduinoL42__pinctrl_state_pins_1__device_dts_ord_106E)
 .rodata._ZN6zephyr7arduinoL42__pinctrl_state_pins_1__device_dts_ord_106E
                0x00000000000007b4        0x0 /Users/rouyun/Desktop/IYRC-2026/.arduino/build/unoq/core/core.a(zephyrPinctrl.cpp.o)
 *(.rodata._ZN6zephyr7arduinoL42__pinctrl_state_pins_1__device_dts_ord_111E)
 .rodata._ZN6zephyr7arduinoL42__pinctrl_state_pins_1__device_dts_ord_111E
                0x00000000000007b4        0x0 /Users/rouyun/Desktop/IYRC-2026/.arduino/build/unoq/core/core.a(zephyrPinctrl.cpp.o)
 *(.rodata._ZN6zephyr7arduinoL42__pinctrl_state_pins_1__device_dts_ord_117E)
 .rodata._ZN6zephyr7arduinoL42__pinctrl_state_pins_1__device_dts_ord_117E
                0x00000000000007b4        0x0 /Users/rouyun/Desktop/IYRC-2026/.arduino/build/unoq/core/core.a(zephyrPinctrl.cpp.o)
 *(.rodata._ZN6zephyr7arduinoL42__pinctrl_state_pins_1__device_dts_ord_120E)
 .rodata._ZN6zephyr7arduinoL42__pinctrl_state_pins_1__device_dts_ord_120E
                0x00000000000007b4        0x0 /Users/rouyun/Desktop/IYRC-2026/.arduino/build/unoq/core/core.a(zephyrPinctrl.cpp.o)
 *(.rodata._ZN6zephyr7arduinoL42__pinctrl_state_pins_2__device_dts_ord_102E)
 .rodata._ZN6zephyr7arduinoL42__pinctrl_state_pins_2__device_dts_ord_102E
                0x00000000000007b4       0x18 /Users/rouyun/Desktop/IYRC-2026/.arduino/build/unoq/core/core.a(zephyrPinctrl.cpp.o)
 *(.rodata._ZN6zephyr7arduinoL42__pinctrl_state_pins_2__device_dts_ord_106E)
 .rodata._ZN6zephyr7arduinoL42__pinctrl_state_pins_2__device_dts_ord_106E
                0x00000000000007cc       0x10 /Users/rouyun/Desktop/IYRC-2026/.arduino/build/unoq/core/core.a(zephyrPinctrl.cpp.o)
 *(.rodata._ZN6zephyr7arduinoL42__pinctrl_state_pins_2__device_dts_ord_111E)
 .rodata._ZN6zephyr7arduinoL42__pinctrl_state_pins_2__device_dts_ord_111E
                0x00000000000007dc       0x18 /Users/rouyun/Desktop/IYRC-2026/.arduino/build/unoq/core/core.a(zephyrPinctrl.cpp.o)
 *(.rodata._ZN6zephyr7arduinoL42__pinctrl_state_pins_2__device_dts_ord_117E)
 .rodata._ZN6zephyr7arduinoL42__pinctrl_state_pins_2__device_dts_ord_117E
                0x00000000000007f4       0x20 /Users/rouyun/Desktop/IYRC-2026/.arduino/build/unoq/core/core.a(zephyrPinctrl.cpp.o)
 *(.rodata._ZN6zephyr7arduinoL42__pinctrl_state_pins_2__device_dts_ord_120E)
 .rodata._ZN6zephyr7arduinoL42__pinctrl_state_pins_2__device_dts_ord_120E
                0x0000000000000814        0x8 /Users/rouyun/Desktop/IYRC-2026/.arduino/build/unoq/core/core.a(zephyrPinctrl.cpp.o)
 *(.rodata._ZN7arduino7msgpack6object3extC2EaPKhj.str1.1)
 .rodata._ZN7arduino7msgpack6object3extC2EaPKhj.str1.1
                0x000000000000081c       0x28 /Users/rouyun/Desktop/IYRC-2026/.arduino/build/unoq/sketch/LinkGuard_Arduino.ino.cpp.o
 *(.rodata._ZN7arduino7msgpack8Unpacker11deserializeINS_6StringEJEEEbRT_DpOT0_.str1.1)
 .rodata._ZN7arduino7msgpack8Unpacker11deserializeINS_6StringEJEEEbRT_DpOT0_.str1.1
                0x0000000000000844        0x1 /Users/rouyun/Desktop/IYRC-2026/.arduino/build/unoq/sketch/LinkGuard_Arduino.ino.cpp.o
 *(.rodata._ZN8RpcErrorC2Ev.str1.1)
 .rodata._ZN8RpcErrorC2Ev.str1.1
                0x0000000000000845        0x1 /Users/rouyun/Desktop/IYRC-2026/.arduino/build/unoq/libraries/Arduino_RouterBridge/singletons.cpp.o
 *(.rodata._ZNSt6vectorIjSaIjEE17_M_realloc_insertIJRjEEEvN9__gnu_cxx17__normal_iteratorIPjS1_EEDpOT_.str1.1)
 .rodata._ZNSt6vectorIjSaIjEE17_M_realloc_insertIJRjEEEvN9__gnu_cxx17__normal_iteratorIPjS1_EEDpOT_.str1.1
                0x0000000000000846       0x1a /Users/rouyun/Desktop/IYRC-2026/.arduino/build/unoq/sketch/LinkGuard_Arduino.ino.cpp.o
 .rodata._ZNSt6vectorIjSaIjEE17_M_realloc_insertIJRjEEEvN9__gnu_cxx17__normal_iteratorIPjS1_EEDpOT_.str1.1
                0x0000000000000860       0x1a /Users/rouyun/Desktop/IYRC-2026/.arduino/build/unoq/libraries/Arduino_RouterBridge/singletons.cpp.o
 *(.rodata.str1.1)
 .rodata.str1.1
                0x000000000000087a       0x51 /Users/rouyun/Desktop/IYRC-2026/.arduino/build/unoq/core/core.a(main.cpp.o)

.rel.rodata
 *(.rel.rodata)
 *(.rel.rodata.*)

.rela.rodata
 *(.rela.rodata)
 *(.rela.rodata.*)

/DISCARD/
 *(.ARM.attributes)
 *(.ARM.attributes.*)
 *(.ARM.exidx)
 *(.ARM.exidx.*)
 *(.ARM.extidx)
 *(.ARM.extidx.*)
 *(.ARM.extab)
 *(.ARM.extab.*)
 *(.comment)
 *(.comment.*)
 *(.llvmbc)
 *(.llvmcmd)
 *(.eh_frame)
 *stdexcept.o()
 *eh_*.o()
 *cow-stdexcept.o()
 *cow-string-inst.o()

.text           0x0000000000000000     0x4e2c
 *(.text)
 *(.stub)
 *(.text*)
 .text.__tcf_0  0x0000000000000000       0x10 /Users/rouyun/Desktop/IYRC-2026/.arduino/build/unoq/sketch/LinkGuard_Arduino.ino.cpp.o
 .text._ZSt14__relocate_a_1IhhENSt9enable_ifIXsrSt24__is_bitwise_relocatableIT_vE5valueEPS2_E4typeES4_S4_S4_RSaIT0_E.isra.0
                0x0000000000000010       0x20 /Users/rouyun/Desktop/IYRC-2026/.arduino/build/unoq/sketch/LinkGuard_Arduino.ino.cpp.o
 .text._ZNSt12_Vector_baseIhSaIhEE11_M_allocateEj.isra.0
                0x0000000000000030       0x20 /Users/rouyun/Desktop/IYRC-2026/.arduino/build/unoq/sketch/LinkGuard_Arduino.ino.cpp.o
 .text.k_mutex_unlock.isra.0
                0x0000000000000050        0x8 /Users/rouyun/Desktop/IYRC-2026/.arduino/build/unoq/sketch/LinkGuard_Arduino.ino.cpp.o
 .text._ZN7arduino7msgpack8Unpacker11deserializeEv
                0x0000000000000058       0x16 /Users/rouyun/Desktop/IYRC-2026/.arduino/build/unoq/sketch/LinkGuard_Arduino.ino.cpp.o
                0x0000000000000058                arduino::msgpack::Unpacker::deserialize()
 .text._ZN7arduino7msgpack8Unpacker5clearEv
                0x000000000000006e       0x14 /Users/rouyun/Desktop/IYRC-2026/.arduino/build/unoq/sketch/LinkGuard_Arduino.ino.cpp.o
                0x000000000000006e                arduino::msgpack::Unpacker::clear()
 .text._ZNK7arduino7msgpack8Unpacker13getRawBytePtrEjj
                0x0000000000000082       0x1e /Users/rouyun/Desktop/IYRC-2026/.arduino/build/unoq/sketch/LinkGuard_Arduino.ino.cpp.o
                0x0000000000000082                arduino::msgpack::Unpacker::getRawBytePtr(unsigned int, unsigned int) const
 .text.setup    0x00000000000000a0       0x38 /Users/rouyun/Desktop/IYRC-2026/.arduino/build/unoq/sketch/LinkGuard_Arduino.ino.cpp.o
                0x00000000000000a0                setup
 .text.loop     0x00000000000000d8        0x2 /Users/rouyun/Desktop/IYRC-2026/.arduino/build/unoq/sketch/LinkGuard_Arduino.ino.cpp.o
                0x00000000000000d8                loop
 *fill*         0x00000000000000da        0x2 
 .text._ZNSt12_Vector_baseIhSaIhEED2Ev
                0x00000000000000dc       0x18 /Users/rouyun/Desktop/IYRC-2026/.arduino/build/unoq/sketch/LinkGuard_Arduino.ino.cpp.o
                0x00000000000000dc                std::_Vector_base<unsigned char, std::allocator<unsigned char> >::~_Vector_base()
                0x00000000000000dc                std::_Vector_base<unsigned char, std::allocator<unsigned char> >::~_Vector_base()
 .text.__tcf_2  0x00000000000000f4       0x14 /Users/rouyun/Desktop/IYRC-2026/.arduino/build/unoq/sketch/LinkGuard_Arduino.ino.cpp.o
 .text.__tcf_1  0x0000000000000108       0x14 /Users/rouyun/Desktop/IYRC-2026/.arduino/build/unoq/sketch/LinkGuard_Arduino.ino.cpp.o
 .text._ZNSt6vectorIhSaIhEE14_M_move_assignEOS1_St17integral_constantIbLb1EE.isra.0
                0x000000000000011c       0x34 /Users/rouyun/Desktop/IYRC-2026/.arduino/build/unoq/sketch/LinkGuard_Arduino.ino.cpp.o
 .text._ZNK7arduino7msgpack8Unpacker11getRawBytesIhEET_jj
                0x0000000000000150       0x1e /Users/rouyun/Desktop/IYRC-2026/.arduino/build/unoq/sketch/LinkGuard_Arduino.ino.cpp.o
                0x0000000000000150                unsigned char arduino::msgpack::Unpacker::getRawBytes<unsigned char>(unsigned int, unsigned int) const
 *fill*         0x000000000000016e        0x2 
 .text._ZNK7arduino7msgpack8Unpacker7getTypeEj
                0x0000000000000170       0x58 /Users/rouyun/Desktop/IYRC-2026/.arduino/build/unoq/sketch/LinkGuard_Arduino.ino.cpp.o
                0x0000000000000170                arduino::msgpack::Unpacker::getType(unsigned int) const
 .text._ZNK7arduino7msgpack8Unpacker7getTypeEv
                0x00000000000001c8       0x10 /Users/rouyun/Desktop/IYRC-2026/.arduino/build/unoq/sketch/LinkGuard_Arduino.ino.cpp.o
                0x00000000000001c8                arduino::msgpack::Unpacker::getType() const
 .text._ZN7arduino7msgpack8Unpacker11unpackInt32Ev
                0x00000000000001d8       0x58 /Users/rouyun/Desktop/IYRC-2026/.arduino/build/unoq/sketch/LinkGuard_Arduino.ino.cpp.o
                0x00000000000001d8                arduino::msgpack::Unpacker::unpackInt32()
 .text._ZN7arduino7msgpack8Unpacker11unpackInt64Ev
                0x0000000000000230       0x60 /Users/rouyun/Desktop/IYRC-2026/.arduino/build/unoq/sketch/LinkGuard_Arduino.ino.cpp.o
                0x0000000000000230                arduino::msgpack::Unpacker::unpackInt64()
 .text._ZNK7arduino7msgpack8Unpacker7isArrayEv
                0x0000000000000290       0x20 /Users/rouyun/Desktop/IYRC-2026/.arduino/build/unoq/sketch/LinkGuard_Arduino.ino.cpp.o
                0x0000000000000290                arduino::msgpack::Unpacker::isArray() const
 .text._ZNK7arduino7msgpack8Unpacker5isMapEv
                0x00000000000002b0       0x20 /Users/rouyun/Desktop/IYRC-2026/.arduino/build/unoq/sketch/LinkGuard_Arduino.ino.cpp.o
                0x00000000000002b0                arduino::msgpack::Unpacker::isMap() const
 .text._ZN7arduino7msgpack8Unpacker11unpackInt16Ev
                0x00000000000002d0       0x4c /Users/rouyun/Desktop/IYRC-2026/.arduino/build/unoq/sketch/LinkGuard_Arduino.ino.cpp.o
                0x00000000000002d0                arduino::msgpack::Unpacker::unpackInt16()
 .text._ZN7arduino7msgpack8Unpacker13unpackFloat32Ev
                0x000000000000031c       0x60 /Users/rouyun/Desktop/IYRC-2026/.arduino/build/unoq/sketch/LinkGuard_Arduino.ino.cpp.o
                0x000000000000031c                arduino::msgpack::Unpacker::unpackFloat32()
 *fill*         0x000000000000037c        0x4 
 .text._ZN7arduino7msgpack8Unpacker13unpackFloat64Ev
                0x0000000000000380       0x6c /Users/rouyun/Desktop/IYRC-2026/.arduino/build/unoq/sketch/LinkGuard_Arduino.ino.cpp.o
                0x0000000000000380                arduino::msgpack::Unpacker::unpackFloat64()
 .text._ZN7arduino7msgpack8Unpacker10unpackInt5Ev
                0x00000000000003ec       0x4c /Users/rouyun/Desktop/IYRC-2026/.arduino/build/unoq/sketch/LinkGuard_Arduino.ino.cpp.o
                0x00000000000003ec                arduino::msgpack::Unpacker::unpackInt5()
 .text._ZN7arduino7msgpack8Unpacker11unpackUInt7Ev
                0x0000000000000438       0x48 /Users/rouyun/Desktop/IYRC-2026/.arduino/build/unoq/sketch/LinkGuard_Arduino.ino.cpp.o
                0x0000000000000438                arduino::msgpack::Unpacker::unpackUInt7()
 .text._ZN7arduino7msgpack8Unpacker11unpackUInt8Ev
                0x0000000000000480       0x48 /Users/rouyun/Desktop/IYRC-2026/.arduino/build/unoq/sketch/LinkGuard_Arduino.ino.cpp.o
                0x0000000000000480                arduino::msgpack::Unpacker::unpackUInt8()
 .text._ZNK7arduino7msgpack8Unpacker11getRawBytesItEET_jj
                0x00000000000004c8       0x26 /Users/rouyun/Desktop/IYRC-2026/.arduino/build/unoq/sketch/LinkGuard_Arduino.ino.cpp.o
                0x00000000000004c8                unsigned short arduino::msgpack::Unpacker::getRawBytes<unsigned short>(unsigned int, unsigned int) const
 *fill*         0x00000000000004ee        0x2 
 .text._ZN7arduino7msgpack8Unpacker12unpackUInt16Ev
                0x00000000000004f0       0x48 /Users/rouyun/Desktop/IYRC-2026/.arduino/build/unoq/sketch/LinkGuard_Arduino.ino.cpp.o
                0x00000000000004f0                arduino::msgpack::Unpacker::unpackUInt16()
 .text._ZNK7arduino7msgpack8Unpacker11getRawBytesIjEET_jj
                0x0000000000000538       0x34 /Users/rouyun/Desktop/IYRC-2026/.arduino/build/unoq/sketch/LinkGuard_Arduino.ino.cpp.o
                0x0000000000000538                unsigned int arduino::msgpack::Unpacker::getRawBytes<unsigned int>(unsigned int, unsigned int) const
 .text._ZNK7arduino7msgpack8Unpacker14getElementSizeEj
                0x000000000000056c      0x11c /Users/rouyun/Desktop/IYRC-2026/.arduino/build/unoq/sketch/LinkGuard_Arduino.ino.cpp.o
                0x000000000000056c                arduino::msgpack::Unpacker::getElementSize(unsigned int) const
 .text._ZN7arduino7msgpack8Unpacker15unpackArraySizeEv
                0x0000000000000688       0x78 /Users/rouyun/Desktop/IYRC-2026/.arduino/build/unoq/sketch/LinkGuard_Arduino.ino.cpp.o
                0x0000000000000688                arduino::msgpack::Unpacker::unpackArraySize()
 .text._ZN7arduino7msgpack8Unpacker12unpackUInt32Ev
                0x0000000000000700       0x48 /Users/rouyun/Desktop/IYRC-2026/.arduino/build/unoq/sketch/LinkGuard_Arduino.ino.cpp.o
                0x0000000000000700                arduino::msgpack::Unpacker::unpackUInt32()
 .text._ZN7arduino7msgpack8Unpacker13unpackMapSizeEv
                0x0000000000000748       0x78 /Users/rouyun/Desktop/IYRC-2026/.arduino/build/unoq/sketch/LinkGuard_Arduino.ino.cpp.o
                0x0000000000000748                arduino::msgpack::Unpacker::unpackMapSize()
 .text._ZNK7arduino7msgpack8Unpacker11getRawBytesIyEET_jj
                0x00000000000007c0       0x3a /Users/rouyun/Desktop/IYRC-2026/.arduino/build/unoq/sketch/LinkGuard_Arduino.ino.cpp.o
                0x00000000000007c0                unsigned long long arduino::msgpack::Unpacker::getRawBytes<unsigned long long>(unsigned int, unsigned int) const
 *fill*         0x00000000000007fa        0x2 
 .text._ZN7arduino7msgpack8Unpacker12unpackUInt64Ev
                0x00000000000007fc       0x4c /Users/rouyun/Desktop/IYRC-2026/.arduino/build/unoq/sketch/LinkGuard_Arduino.ino.cpp.o
                0x00000000000007fc                arduino::msgpack::Unpacker::unpackUInt64()
 .text._ZNK7arduino7msgpack8Unpacker11getRawBytesIaEET_jj
                0x0000000000000848       0x1e /Users/rouyun/Desktop/IYRC-2026/.arduino/build/unoq/sketch/LinkGuard_Arduino.ino.cpp.o
                0x0000000000000848                signed char arduino::msgpack::Unpacker::getRawBytes<signed char>(unsigned int, unsigned int) const
 *fill*         0x0000000000000866        0x2 
 .text._ZN7arduino7msgpack8Unpacker10unpackInt8Ev
                0x0000000000000868       0x48 /Users/rouyun/Desktop/IYRC-2026/.arduino/build/unoq/sketch/LinkGuard_Arduino.ino.cpp.o
                0x0000000000000868                arduino::msgpack::Unpacker::unpackInt8()
 .text._ZNK7arduino7msgpack8Unpacker13isTimestamp32Ev
                0x00000000000008b0       0x2c /Users/rouyun/Desktop/IYRC-2026/.arduino/build/unoq/sketch/LinkGuard_Arduino.ino.cpp.o
                0x00000000000008b0                arduino::msgpack::Unpacker::isTimestamp32() const
 .text._ZNK7arduino7msgpack8Unpacker13isTimestamp64Ev
                0x00000000000008dc       0x2c /Users/rouyun/Desktop/IYRC-2026/.arduino/build/unoq/sketch/LinkGuard_Arduino.ino.cpp.o
                0x00000000000008dc                arduino::msgpack::Unpacker::isTimestamp64() const
 .text._ZNK7arduino7msgpack8Unpacker13isTimestamp96Ev
                0x0000000000000908       0x40 /Users/rouyun/Desktop/IYRC-2026/.arduino/build/unoq/sketch/LinkGuard_Arduino.ino.cpp.o
                0x0000000000000908                arduino::msgpack::Unpacker::isTimestamp96() const
 .text._ZNK7arduino7msgpack8Unpacker11getRawBytesIcEET_jj
                0x0000000000000948       0x1e /Users/rouyun/Desktop/IYRC-2026/.arduino/build/unoq/sketch/LinkGuard_Arduino.ino.cpp.o
                0x0000000000000948                char arduino::msgpack::Unpacker::getRawBytes<char>(unsigned int, unsigned int) const
 *fill*         0x0000000000000966        0x2 
 .text._ZN7arduino7msgpack8Unpacker11deserializeINS0_4type9ArraySizeEJEEEbRT_DpOT0_
                0x0000000000000968       0x40 /Users/rouyun/Desktop/IYRC-2026/.arduino/build/unoq/sketch/LinkGuard_Arduino.ino.cpp.o
                0x0000000000000968                bool arduino::msgpack::Unpacker::deserialize<arduino::msgpack::type::ArraySize>(arduino::msgpack::type::ArraySize&)
 .text._ZN7arduino7msgpack8Unpacker11deserializeINS_6StringEJEEEbRT_DpOT0_
                0x00000000000009a8      0x174 /Users/rouyun/Desktop/IYRC-2026/.arduino/build/unoq/sketch/LinkGuard_Arduino.ino.cpp.o
                0x00000000000009a8                bool arduino::msgpack::Unpacker::deserialize<arduino::String>(arduino::String&)
 .text._ZN7arduino7msgpack8Unpacker11deserializeINS0_6object8timespecEJEEEbRT_DpOT0_
                0x0000000000000b1c       0xc4 /Users/rouyun/Desktop/IYRC-2026/.arduino/build/unoq/sketch/LinkGuard_Arduino.ino.cpp.o
                0x0000000000000b1c                bool arduino::msgpack::Unpacker::deserialize<arduino::msgpack::object::timespec>(arduino::msgpack::object::timespec&)
 .text._ZNSt12_Vector_baseIjSaIjEED2Ev
                0x0000000000000be0       0x18 /Users/rouyun/Desktop/IYRC-2026/.arduino/build/unoq/sketch/LinkGuard_Arduino.ino.cpp.o
                0x0000000000000be0                std::_Vector_base<unsigned int, std::allocator<unsigned int> >::~_Vector_base()
                0x0000000000000be0                std::_Vector_base<unsigned int, std::allocator<unsigned int> >::~_Vector_base()
 .text._ZN10RPCRequestILj256EED2Ev
                0x0000000000000bf8       0x2c /Users/rouyun/Desktop/IYRC-2026/.arduino/build/unoq/sketch/LinkGuard_Arduino.ino.cpp.o
                0x0000000000000bf8                RPCRequest<256u>::~RPCRequest()
                0x0000000000000bf8                RPCRequest<256u>::~RPCRequest()
 .text._ZNSt6vectorIjSaIjEE17_M_realloc_insertIJRjEEEvN9__gnu_cxx17__normal_iteratorIPjS1_EEDpOT_
                0x0000000000000c24       0xdc /Users/rouyun/Desktop/IYRC-2026/.arduino/build/unoq/sketch/LinkGuard_Arduino.ino.cpp.o
                0x0000000000000c24                void std::vector<unsigned int, std::allocator<unsigned int> >::_M_realloc_insert<unsigned int&>(__gnu_cxx::__normal_iterator<unsigned int*, std::vector<unsigned int, std::allocator<unsigned int> > >, unsigned int&)
 .text._ZN7arduino7msgpack8Unpacker4feedEPKhj
                0x0000000000000d00       0x78 /Users/rouyun/Desktop/IYRC-2026/.arduino/build/unoq/sketch/LinkGuard_Arduino.ino.cpp.o
                0x0000000000000d00                arduino::msgpack::Unpacker::feed(unsigned char const*, unsigned int)
 .text._ZNKSt6vectorIhSaIhEE12_M_check_lenEjPKc
                0x0000000000000d78       0x38 /Users/rouyun/Desktop/IYRC-2026/.arduino/build/unoq/sketch/LinkGuard_Arduino.ino.cpp.o
                0x0000000000000d78                std::vector<unsigned char, std::allocator<unsigned char> >::_M_check_len(unsigned int, char const*) const
 .text._ZNSt6vectorIhSaIhEE12emplace_backIJhEEERhDpOT_.isra.0
                0x0000000000000db0       0x90 /Users/rouyun/Desktop/IYRC-2026/.arduino/build/unoq/sketch/LinkGuard_Arduino.ino.cpp.o
 .text._ZN7arduino7msgpack6Packer11packRawByteERKNS0_4TypeE.isra.0
                0x0000000000000e40       0x18 /Users/rouyun/Desktop/IYRC-2026/.arduino/build/unoq/sketch/LinkGuard_Arduino.ino.cpp.o
 .text._ZNSt6vectorIhSaIhEE12emplace_backIJRKhEEERhDpOT_.isra.0
                0x0000000000000e58       0x90 /Users/rouyun/Desktop/IYRC-2026/.arduino/build/unoq/sketch/LinkGuard_Arduino.ino.cpp.o
 .text._ZN7arduino7msgpack6Packer9packUInt8Eh
                0x0000000000000ee8       0x2c /Users/rouyun/Desktop/IYRC-2026/.arduino/build/unoq/sketch/LinkGuard_Arduino.ino.cpp.o
                0x0000000000000ee8                arduino::msgpack::Packer::packUInt8(unsigned char)
 .text._ZNSt6vectorIhSaIhEE12emplace_backIJRhEEES3_DpOT_.isra.0
                0x0000000000000f14       0x90 /Users/rouyun/Desktop/IYRC-2026/.arduino/build/unoq/sketch/LinkGuard_Arduino.ino.cpp.o
 .text._ZN7arduino7msgpack6Packer15packRawReversedIjEEvRKT_
                0x0000000000000fa4       0x1c /Users/rouyun/Desktop/IYRC-2026/.arduino/build/unoq/sketch/LinkGuard_Arduino.ino.cpp.o
                0x0000000000000fa4                void arduino::msgpack::Packer::packRawReversed<unsigned int>(unsigned int const&)
 .text._ZN7arduino7msgpack6Packer10packUInt32Ej
                0x0000000000000fc0       0x28 /Users/rouyun/Desktop/IYRC-2026/.arduino/build/unoq/sketch/LinkGuard_Arduino.ino.cpp.o
                0x0000000000000fc0                arduino::msgpack::Packer::packUInt32(unsigned int)
 .text._ZN7arduino7msgpack6Packer15packRawReversedItEEvRKT_
                0x0000000000000fe8       0x1c /Users/rouyun/Desktop/IYRC-2026/.arduino/build/unoq/sketch/LinkGuard_Arduino.ino.cpp.o
                0x0000000000000fe8                void arduino::msgpack::Packer::packRawReversed<unsigned short>(unsigned short const&)
 .text._ZN7arduino7msgpack6Packer13packArraySizeEj
                0x0000000000001004       0x58 /Users/rouyun/Desktop/IYRC-2026/.arduino/build/unoq/sketch/LinkGuard_Arduino.ino.cpp.o
                0x0000000000001004                arduino::msgpack::Packer::packArraySize(unsigned int)
 .text._ZN7arduino7msgpack6Packer10packUInt16Et
                0x000000000000105c       0x2c /Users/rouyun/Desktop/IYRC-2026/.arduino/build/unoq/sketch/LinkGuard_Arduino.ino.cpp.o
                0x000000000000105c                arduino::msgpack::Packer::packUInt16(unsigned short)
 .text._ZN7arduino7msgpack6Packer11packIntegerIiEENSt9enable_ifIXaaaaaasrSt13is_arithmeticIT_E5valuesrSt11is_integralIS5_E5valuentsrSt7is_sameIS5_bE5valuentsrS9_INSt9remove_cvIS5_E4typeEPcE5valueEvE4typeERKS5_.isra.0
                0x0000000000001088       0xb8 /Users/rouyun/Desktop/IYRC-2026/.arduino/build/unoq/sketch/LinkGuard_Arduino.ino.cpp.o
 .text._ZN7arduino7msgpack6Packer12packRawBytesEPKcj
                0x0000000000001140       0x9c /Users/rouyun/Desktop/IYRC-2026/.arduino/build/unoq/sketch/LinkGuard_Arduino.ino.cpp.o
                0x0000000000001140                arduino::msgpack::Packer::packRawBytes(char const*, unsigned int)
 .text._ZN7arduino7msgpack8Unpacker9unpackIntIiEENSt9enable_ifIXaaaaaaaasrSt13is_arithmeticIT_E5valuesrSt11is_integralIS5_E5valuentsrSt7is_sameIS5_bE5valuentsrS9_INSt9remove_cvIS5_E4typeEPcE5valuesrSt9is_signedIS5_E5valueES5_E4typeEv
                0x00000000000011dc       0xd0 /Users/rouyun/Desktop/IYRC-2026/.arduino/build/unoq/sketch/LinkGuard_Arduino.ino.cpp.o
                0x00000000000011dc                std::enable_if<(((std::is_arithmetic<int>::value&&std::is_integral<int>::value)&&(!std::is_same<int, bool>::value))&&(!std::is_same<std::remove_cv<int>::type, char*>::value))&&std::is_signed<int>::value, int>::type arduino::msgpack::Unpacker::unpackInt<int>()
 .text._ZN7arduino7msgpack8Unpacker11deserializeIiJEEEbRT_DpOT0_
                0x00000000000012ac       0x40 /Users/rouyun/Desktop/IYRC-2026/.arduino/build/unoq/sketch/LinkGuard_Arduino.ino.cpp.o
                0x00000000000012ac                bool arduino::msgpack::Unpacker::deserialize<int>(int&)
 .text._ZN7arduino7msgpack8Unpacker11unpackFloatIfEENSt9enable_ifIXaasrSt13is_arithmeticIT_E5valuesrSt17is_floating_pointIS5_E5valueES5_E4typeEv
                0x00000000000012ec      0x118 /Users/rouyun/Desktop/IYRC-2026/.arduino/build/unoq/sketch/LinkGuard_Arduino.ino.cpp.o
                0x00000000000012ec                std::enable_if<std::is_arithmetic<float>::value&&std::is_floating_point<float>::value, float>::type arduino::msgpack::Unpacker::unpackFloat<float>()
 *fill*         0x0000000000001404        0x4 
 .text._ZN7arduino7msgpack8Unpacker11unpackFloatIdEENSt9enable_ifIXaasrSt13is_arithmeticIT_E5valuesrSt17is_floating_pointIS5_E5valueES5_E4typeEv
                0x0000000000001408      0x118 /Users/rouyun/Desktop/IYRC-2026/.arduino/build/unoq/sketch/LinkGuard_Arduino.ino.cpp.o
                0x0000000000001408                std::enable_if<std::is_arithmetic<double>::value&&std::is_floating_point<double>::value, double>::type arduino::msgpack::Unpacker::unpackFloat<double>()
 .text._ZN7arduino7msgpack8Unpacker12unpackBinaryIhEENSt9enable_ifIXoosrSt7is_sameIT_cE5valuesrS4_IS5_hE5valueESt6vectorINS3_IXoosrS7_5valuesrS6_5valueES5_E4typeESaIS5_EEE4typeEv
                0x0000000000001520      0x114 /Users/rouyun/Desktop/IYRC-2026/.arduino/build/unoq/sketch/LinkGuard_Arduino.ino.cpp.o
                0x0000000000001520                std::enable_if<std::is_same<unsigned char, char>::value||std::is_same<unsigned char, unsigned char>::value, std::vector<std::enable_if<std::is_same<unsigned char, unsigned char>::value||std::is_same<unsigned char, char>::value, unsigned char>::type, std::allocator<unsigned char> > >::type arduino::msgpack::Unpacker::unpackBinary<unsigned char>()
 .text._ZN7arduino7msgpack8Unpacker11deserializeINS0_4type9ArraySizeEJRiEEEbRT_DpOT0_
                0x0000000000001634       0x44 /Users/rouyun/Desktop/IYRC-2026/.arduino/build/unoq/sketch/LinkGuard_Arduino.ino.cpp.o
                0x0000000000001634                bool arduino::msgpack::Unpacker::deserialize<arduino::msgpack::type::ArraySize, int&>(arduino::msgpack::type::ArraySize&, int&)
 .text._ZN7arduino7msgpack8Unpacker11deserializeIjJRNS_6StringEEEEbRT_DpOT0_
                0x0000000000001678       0xa0 /Users/rouyun/Desktop/IYRC-2026/.arduino/build/unoq/sketch/LinkGuard_Arduino.ino.cpp.o
                0x0000000000001678                bool arduino::msgpack::Unpacker::deserialize<unsigned int, arduino::String&>(unsigned int&, arduino::String&)
 .text._ZN10RPCRequestILj256EE22unpack_request_headersEv
                0x0000000000001718       0xb8 /Users/rouyun/Desktop/IYRC-2026/.arduino/build/unoq/sketch/LinkGuard_Arduino.ino.cpp.o
                0x0000000000001718                RPCRequest<256u>::unpack_request_headers()
 .text._ZN9RPCServer15process_requestILj256EEEvR10RPCRequestIXT_EE
                0x00000000000017d0      0x1ec /Users/rouyun/Desktop/IYRC-2026/.arduino/build/unoq/sketch/LinkGuard_Arduino.ino.cpp.o
                0x00000000000017d0                void RPCServer::process_request<256u>(RPCRequest<256u>&)
 .text._ZN10RpcDecoderILj1024EE7consumeEjj
                0x00000000000019bc       0x50 /Users/rouyun/Desktop/IYRC-2026/.arduino/build/unoq/sketch/LinkGuard_Arduino.ino.cpp.o
                0x00000000000019bc                RpcDecoder<1024u>::consume(unsigned int, unsigned int)
 .text._ZN10RpcDecoderILj1024EE7discardEv
                0x0000000000001a0c       0x2c /Users/rouyun/Desktop/IYRC-2026/.arduino/build/unoq/sketch/LinkGuard_Arduino.ino.cpp.o
                0x0000000000001a0c                RpcDecoder<1024u>::discard()
 .text._ZN10RpcDecoderILj1024EE16fetch_rpc_methodEv
                0x0000000000001a38       0xec /Users/rouyun/Desktop/IYRC-2026/.arduino/build/unoq/sketch/LinkGuard_Arduino.ino.cpp.o
                0x0000000000001a38                RpcDecoder<1024u>::fetch_rpc_method()
 .text._ZNSt11__copy_moveILb0ELb1ESt26random_access_iterator_tagE8__copy_mIhEEPT_PKS3_S6_S4_
                0x0000000000001b24       0x1c /Users/rouyun/Desktop/IYRC-2026/.arduino/build/unoq/sketch/LinkGuard_Arduino.ino.cpp.o
                0x0000000000001b24                unsigned char* std::__copy_move<false, true, std::random_access_iterator_tag>::__copy_m<unsigned char>(unsigned char const*, unsigned char const*, unsigned char*)
 .text._ZNSt11__copy_moveILb1ELb1ESt26random_access_iterator_tagE8__copy_mIhEEPT_PKS3_S6_S4_
                0x0000000000001b40       0x1c /Users/rouyun/Desktop/IYRC-2026/.arduino/build/unoq/sketch/LinkGuard_Arduino.ino.cpp.o
                0x0000000000001b40                unsigned char* std::__copy_move<true, true, std::random_access_iterator_tag>::__copy_m<unsigned char>(unsigned char const*, unsigned char const*, unsigned char*)
 .text._ZN7arduino7msgpack6object3extC2EaPKhj
                0x0000000000001b5c      0x104 /Users/rouyun/Desktop/IYRC-2026/.arduino/build/unoq/sketch/LinkGuard_Arduino.ino.cpp.o
                0x0000000000001b5c                arduino::msgpack::object::ext::ext(signed char, unsigned char const*, unsigned int)
                0x0000000000001b5c                arduino::msgpack::object::ext::ext(signed char, unsigned char const*, unsigned int)
 .text._ZN7arduino7msgpack8Unpacker9unpackExtEv
                0x0000000000001c60      0x178 /Users/rouyun/Desktop/IYRC-2026/.arduino/build/unoq/sketch/LinkGuard_Arduino.ino.cpp.o
                0x0000000000001c60                arduino::msgpack::Unpacker::unpackExt()
 .text._ZN8RpcUtils6detail12unpackObjectERN7arduino7msgpack8UnpackerE
                0x0000000000001dd8      0x310 /Users/rouyun/Desktop/IYRC-2026/.arduino/build/unoq/sketch/LinkGuard_Arduino.ino.cpp.o
                0x0000000000001dd8                RpcUtils::detail::unpackObject(arduino::msgpack::Unpacker&)
 .text._ZN10RpcDecoderILj1024EE12parse_packetEv
                0x00000000000020e8      0x140 /Users/rouyun/Desktop/IYRC-2026/.arduino/build/unoq/sketch/LinkGuard_Arduino.ino.cpp.o
                0x00000000000020e8                RpcDecoder<1024u>::parse_packet()
 .text._ZN9RPCServer7get_rpcILj256EEEbR10RPCRequestIXT_EEN7arduino6StringE
                0x0000000000002228      0x104 /Users/rouyun/Desktop/IYRC-2026/.arduino/build/unoq/sketch/LinkGuard_Arduino.ino.cpp.o
                0x0000000000002228                bool RPCServer::get_rpc<256u>(RPCRequest<256u>&, arduino::String)
 .text._ZN11BridgeClass11update_safeEv
                0x000000000000232c      0x110 /Users/rouyun/Desktop/IYRC-2026/.arduino/build/unoq/sketch/LinkGuard_Arduino.ino.cpp.o
                0x000000000000232c                BridgeClass::update_safe()
 .text._Z10__loopHookv
                0x000000000000243c       0x44 /Users/rouyun/Desktop/IYRC-2026/.arduino/build/unoq/sketch/LinkGuard_Arduino.ino.cpp.o
                0x000000000000243c                __loopHook()
 .text._ZN8RpcUtils6detail9unpackMapERN7arduino7msgpack8UnpackerERj
                0x0000000000002480       0x80 /Users/rouyun/Desktop/IYRC-2026/.arduino/build/unoq/sketch/LinkGuard_Arduino.ino.cpp.o
                0x0000000000002480                RpcUtils::detail::unpackMap(arduino::msgpack::Unpacker&, unsigned int&)
 .text._GLOBAL__sub_I_setup
                0x0000000000002500       0x2c /Users/rouyun/Desktop/IYRC-2026/.arduino/build/unoq/sketch/LinkGuard_Arduino.ino.cpp.o
 .text._GLOBAL__sub_D_setup
                0x000000000000252c       0x20 /Users/rouyun/Desktop/IYRC-2026/.arduino/build/unoq/sketch/LinkGuard_Arduino.ino.cpp.o
 .text._ZN7arduino5Print17availableForWriteEv
                0x000000000000254c        0x4 /Users/rouyun/Desktop/IYRC-2026/.arduino/build/unoq/libraries/Arduino_RouterBridge/singletons.cpp.o
                0x000000000000254c                arduino::Print::availableForWrite()
 .text._ZN7arduino5Print5flushEv
                0x0000000000002550        0x2 /Users/rouyun/Desktop/IYRC-2026/.arduino/build/unoq/libraries/Arduino_RouterBridge/singletons.cpp.o
                0x0000000000002550                arduino::Print::flush()
 .text._ZN13BridgeMonitorILj512EE5writeEh
                0x0000000000002552       0x18 /Users/rouyun/Desktop/IYRC-2026/.arduino/build/unoq/libraries/Arduino_RouterBridge/singletons.cpp.o
                0x0000000000002552                BridgeMonitor<512u>::write(unsigned char)
 *fill*         0x000000000000256a        0x2 
 .text.k_yield  0x000000000000256c        0x8 /Users/rouyun/Desktop/IYRC-2026/.arduino/build/unoq/libraries/Arduino_RouterBridge/singletons.cpp.o
 .text.k_mutex_lock
                0x0000000000002574        0x8 /Users/rouyun/Desktop/IYRC-2026/.arduino/build/unoq/libraries/Arduino_RouterBridge/singletons.cpp.o
 .text._ZSt14__relocate_a_1IhhENSt9enable_ifIXsrSt24__is_bitwise_relocatableIT_vE5valueEPS2_E4typeES4_S4_S4_RSaIT0_E.isra.0
                0x000000000000257c       0x20 /Users/rouyun/Desktop/IYRC-2026/.arduino/build/unoq/libraries/Arduino_RouterBridge/singletons.cpp.o
 .text._ZNSt12_Vector_baseIhSaIhEE11_M_allocateEj.isra.0
                0x000000000000259c       0x20 /Users/rouyun/Desktop/IYRC-2026/.arduino/build/unoq/libraries/Arduino_RouterBridge/singletons.cpp.o
 .text.k_mutex_unlock.isra.0
                0x00000000000025bc        0x8 /Users/rouyun/Desktop/IYRC-2026/.arduino/build/unoq/libraries/Arduino_RouterBridge/singletons.cpp.o
 .text._ZN7RpcCallIJEE7isErrorEv.isra.0
                0x00000000000025c4       0x28 /Users/rouyun/Desktop/IYRC-2026/.arduino/build/unoq/libraries/Arduino_RouterBridge/singletons.cpp.o
 .text._ZN7RpcCallIJRN7arduino6StringEEE7isErrorEv.isra.0
                0x00000000000025ec       0x28 /Users/rouyun/Desktop/IYRC-2026/.arduino/build/unoq/libraries/Arduino_RouterBridge/singletons.cpp.o
 .text._ZN13BridgeMonitorILj512EE4readEv
                0x0000000000002614       0x68 /Users/rouyun/Desktop/IYRC-2026/.arduino/build/unoq/libraries/Arduino_RouterBridge/singletons.cpp.o
                0x0000000000002614                BridgeMonitor<512u>::read()
 .text._ZN13BridgeMonitorILj512EE4peekEv
                0x000000000000267c       0x44 /Users/rouyun/Desktop/IYRC-2026/.arduino/build/unoq/libraries/Arduino_RouterBridge/singletons.cpp.o
                0x000000000000267c                BridgeMonitor<512u>::peek()
 .text.k_msleep.constprop.0.isra.0
                0x00000000000026c0        0xc /Users/rouyun/Desktop/IYRC-2026/.arduino/build/unoq/libraries/Arduino_RouterBridge/singletons.cpp.o
 .text._ZN8RpcErrorC2Ev
                0x00000000000026cc       0x2c /Users/rouyun/Desktop/IYRC-2026/.arduino/build/unoq/libraries/Arduino_RouterBridge/singletons.cpp.o
                0x00000000000026cc                RpcError::RpcError()
                0x00000000000026cc                RpcError::RpcError()
 .text._ZN7arduino7msgpack8UnpackerC2Ev
                0x00000000000026f8       0x10 /Users/rouyun/Desktop/IYRC-2026/.arduino/build/unoq/libraries/Arduino_RouterBridge/singletons.cpp.o
                0x00000000000026f8                arduino::msgpack::Unpacker::Unpacker()
                0x00000000000026f8                arduino::msgpack::Unpacker::Unpacker()
 .text._ZNSt6vectorIhSaIhEE14_M_move_assignEOS1_St17integral_constantIbLb1EE.isra.0
                0x0000000000002708       0x34 /Users/rouyun/Desktop/IYRC-2026/.arduino/build/unoq/libraries/Arduino_RouterBridge/singletons.cpp.o
 .text._ZN7arduino7msgpack8Unpacker9unpackNilEv
                0x000000000000273c       0x3c /Users/rouyun/Desktop/IYRC-2026/.arduino/build/unoq/libraries/Arduino_RouterBridge/singletons.cpp.o
                0x000000000000273c                arduino::msgpack::Unpacker::unpackNil()
 .text._ZN7arduino7msgpack8Unpacker11deserializeINS0_6object5nil_tEJEEEbRT_DpOT0_
                0x0000000000002778       0x40 /Users/rouyun/Desktop/IYRC-2026/.arduino/build/unoq/libraries/Arduino_RouterBridge/singletons.cpp.o
                0x0000000000002778                bool arduino::msgpack::Unpacker::deserialize<arduino::msgpack::object::nil_t>(arduino::msgpack::object::nil_t&)
 .text._ZN7arduino7msgpack8Unpacker11deserializeIbJEEEbRT_DpOT0_
                0x00000000000027b8       0x68 /Users/rouyun/Desktop/IYRC-2026/.arduino/build/unoq/libraries/Arduino_RouterBridge/singletons.cpp.o
                0x00000000000027b8                bool arduino::msgpack::Unpacker::deserialize<bool>(bool&)
 .text._ZN7RpcCallIJEE8setErrorEiN7arduino6StringE
                0x0000000000002820       0x40 /Users/rouyun/Desktop/IYRC-2026/.arduino/build/unoq/libraries/Arduino_RouterBridge/singletons.cpp.o
                0x0000000000002820                RpcCall<>::setError(int, arduino::String)
 .text._ZNSt6vectorIhSaIhEE12emplace_backIJRKhEEERhDpOT_.isra.0
                0x0000000000002860       0x90 /Users/rouyun/Desktop/IYRC-2026/.arduino/build/unoq/libraries/Arduino_RouterBridge/singletons.cpp.o
 .text._ZNSt6vectorIhSaIhEE12emplace_backIJhEEERhDpOT_.isra.0
                0x00000000000028f0       0x90 /Users/rouyun/Desktop/IYRC-2026/.arduino/build/unoq/libraries/Arduino_RouterBridge/singletons.cpp.o
 .text._ZN7arduino7msgpack8Unpacker11deserializeISt6vectorIhSaIhEEJEEEbRT_DpOT0_
                0x0000000000002980      0x13c /Users/rouyun/Desktop/IYRC-2026/.arduino/build/unoq/libraries/Arduino_RouterBridge/singletons.cpp.o
                0x0000000000002980                bool arduino::msgpack::Unpacker::deserialize<std::vector<unsigned char, std::allocator<unsigned char> >>(std::vector<unsigned char, std::allocator<unsigned char> >&)
 .text._ZN7arduino7msgpack6Packer11packRawByteERKNS0_4TypeE.isra.0
                0x0000000000002abc       0x18 /Users/rouyun/Desktop/IYRC-2026/.arduino/build/unoq/libraries/Arduino_RouterBridge/singletons.cpp.o
 .text._ZNSt6vectorIhSaIhEE12emplace_backIJRhEEES3_DpOT_.isra.0
                0x0000000000002ad4       0x90 /Users/rouyun/Desktop/IYRC-2026/.arduino/build/unoq/libraries/Arduino_RouterBridge/singletons.cpp.o
 .text._ZN7arduino7msgpack6Packer11packIntegerIjEENSt9enable_ifIXaaaaaasrSt13is_arithmeticIT_E5valuesrSt11is_integralIS5_E5valuentsrSt7is_sameIS5_bE5valuentsrS9_INSt9remove_cvIS5_E4typeEPcE5valueEvE4typeERKS5_.isra.0
                0x0000000000002b64       0x50 /Users/rouyun/Desktop/IYRC-2026/.arduino/build/unoq/libraries/Arduino_RouterBridge/singletons.cpp.o
 .text._ZN7arduino7msgpack6Packer11packIntegerIiEENSt9enable_ifIXaaaaaasrSt13is_arithmeticIT_E5valuesrSt11is_integralIS5_E5valuentsrSt7is_sameIS5_bE5valuentsrS9_INSt9remove_cvIS5_E4typeEPcE5valueEvE4typeERKS5_.isra.0
                0x0000000000002bb4       0xb8 /Users/rouyun/Desktop/IYRC-2026/.arduino/build/unoq/libraries/Arduino_RouterBridge/singletons.cpp.o
 .text._ZN7arduino7msgpack6Packer4packERKNS_6StringE
                0x0000000000002c6c       0x7c /Users/rouyun/Desktop/IYRC-2026/.arduino/build/unoq/libraries/Arduino_RouterBridge/singletons.cpp.o
                0x0000000000002c6c                arduino::msgpack::Packer::pack(arduino::String const&)
 .text._ZN7arduino7msgpack6Packer9serializeIJRKiRjRKNS_6StringEEEEvRKNS0_4type9ArraySizeEDpOT_.isra.0
                0x0000000000002ce8       0x38 /Users/rouyun/Desktop/IYRC-2026/.arduino/build/unoq/libraries/Arduino_RouterBridge/singletons.cpp.o
 .text._ZNK10RpcDecoderILj1024EE4sendEPKhj
                0x0000000000002d20       0x22 /Users/rouyun/Desktop/IYRC-2026/.arduino/build/unoq/libraries/Arduino_RouterBridge/singletons.cpp.o
                0x0000000000002d20                RpcDecoder<1024u>::send(unsigned char const*, unsigned int) const
 *fill*         0x0000000000002d42        0x2 
 .text._ZN9RPCClient8send_rpcIJEEEbRKN7arduino6StringERjDpOT_.isra.0
                0x0000000000002d44       0x74 /Users/rouyun/Desktop/IYRC-2026/.arduino/build/unoq/libraries/Arduino_RouterBridge/singletons.cpp.o
 .text._ZN9RPCClient8send_rpcIJRKN7arduino6StringEEEEbS4_RjDpOT_.isra.0
                0x0000000000002db8       0x84 /Users/rouyun/Desktop/IYRC-2026/.arduino/build/unoq/libraries/Arduino_RouterBridge/singletons.cpp.o
 .text._ZN9RPCClient8send_rpcIJRKjEEEbRKN7arduino6StringERjDpOT_.isra.0
                0x0000000000002e3c       0x84 /Users/rouyun/Desktop/IYRC-2026/.arduino/build/unoq/libraries/Arduino_RouterBridge/singletons.cpp.o
 .text._ZN7arduino7msgpack8Unpacker11deserializeI8RpcErrorJRNS0_6object5nil_tEEEEbRT_DpOT0_
                0x0000000000002ec0       0x90 /Users/rouyun/Desktop/IYRC-2026/.arduino/build/unoq/libraries/Arduino_RouterBridge/singletons.cpp.o
                0x0000000000002ec0                bool arduino::msgpack::Unpacker::deserialize<RpcError, arduino::msgpack::object::nil_t&>(RpcError&, arduino::msgpack::object::nil_t&)
 .text._ZN7arduino7msgpack8Unpacker10unpackUIntIjEENSt9enable_ifIXaaaaaaaasrSt13is_arithmeticIT_E5valuesrSt11is_integralIS5_E5valuentsrSt7is_sameIS5_bE5valuentsrS9_INSt9remove_cvIS5_E4typeEPcE5valuentsrSt9is_signedIS5_E5valueES5_E4typeEv
                0x0000000000002f50       0x80 /Users/rouyun/Desktop/IYRC-2026/.arduino/build/unoq/libraries/Arduino_RouterBridge/singletons.cpp.o
                0x0000000000002f50                std::enable_if<(((std::is_arithmetic<unsigned int>::value&&std::is_integral<unsigned int>::value)&&(!std::is_same<unsigned int, bool>::value))&&(!std::is_same<std::remove_cv<unsigned int>::type, char*>::value))&&(!std::is_signed<unsigned int>::value), unsigned int>::type arduino::msgpack::Unpacker::unpackUInt<unsigned int>()
 .text._ZN7arduino7msgpack8Unpacker11deserializeIjJEEEbRT_DpOT0_
                0x0000000000002fd0       0x40 /Users/rouyun/Desktop/IYRC-2026/.arduino/build/unoq/libraries/Arduino_RouterBridge/singletons.cpp.o
                0x0000000000002fd0                bool arduino::msgpack::Unpacker::deserialize<unsigned int>(unsigned int&)
 .text._ZN7arduino7msgpack8Unpacker11deserializeINS0_4type9ArraySizeEJRiRjEEEbRT_DpOT0_
                0x0000000000003010       0x78 /Users/rouyun/Desktop/IYRC-2026/.arduino/build/unoq/libraries/Arduino_RouterBridge/singletons.cpp.o
                0x0000000000003010                bool arduino::msgpack::Unpacker::deserialize<arduino::msgpack::type::ArraySize, int&, unsigned int&>(arduino::msgpack::type::ArraySize&, int&, unsigned int&)
 .text._ZN10RpcDecoderILj1024EE12get_responseIN7arduino7msgpack6object5nil_tEEEbjRT_R8RpcError
                0x0000000000003088      0x17c /Users/rouyun/Desktop/IYRC-2026/.arduino/build/unoq/libraries/Arduino_RouterBridge/singletons.cpp.o
                0x0000000000003088                bool RpcDecoder<1024u>::get_response<arduino::msgpack::object::nil_t>(unsigned int, arduino::msgpack::object::nil_t&, RpcError&)
 .text._ZN10RpcDecoderILj1024EE12get_responseIbEEbjRT_R8RpcError
                0x0000000000003204      0x17c /Users/rouyun/Desktop/IYRC-2026/.arduino/build/unoq/libraries/Arduino_RouterBridge/singletons.cpp.o
                0x0000000000003204                bool RpcDecoder<1024u>::get_response<bool>(unsigned int, bool&, RpcError&)
 .text._ZN10RpcDecoderILj1024EE6decodeEv
                0x0000000000003380       0x40 /Users/rouyun/Desktop/IYRC-2026/.arduino/build/unoq/libraries/Arduino_RouterBridge/singletons.cpp.o
                0x0000000000003380                RpcDecoder<1024u>::decode()
 .text._ZN9RPCClient12get_responseIN7arduino7msgpack6object5nil_tEEEbjRT_R8RpcError
                0x00000000000033c0       0x40 /Users/rouyun/Desktop/IYRC-2026/.arduino/build/unoq/libraries/Arduino_RouterBridge/singletons.cpp.o
                0x00000000000033c0                bool RPCClient::get_response<arduino::msgpack::object::nil_t>(unsigned int, arduino::msgpack::object::nil_t&, RpcError&)
 .text._ZN13BridgeMonitorILj512EEcvbEv
                0x0000000000003400      0x28c /Users/rouyun/Desktop/IYRC-2026/.arduino/build/unoq/libraries/Arduino_RouterBridge/singletons.cpp.o
                0x0000000000003400                BridgeMonitor<512u>::operator bool()
 .text._ZN11BridgeClass6notifyIJRN7arduino6StringEEEEvS2_DpOT_
                0x000000000000368c       0xac /Users/rouyun/Desktop/IYRC-2026/.arduino/build/unoq/libraries/Arduino_RouterBridge/singletons.cpp.o
                0x000000000000368c                void BridgeClass::notify<arduino::String&>(arduino::String, arduino::String&)
 .text._ZN7RpcCallIJRN7arduino6StringEEE8setErrorEiS1_
                0x0000000000003738       0x40 /Users/rouyun/Desktop/IYRC-2026/.arduino/build/unoq/libraries/Arduino_RouterBridge/singletons.cpp.o
                0x0000000000003738                RpcCall<arduino::String&>::setError(int, arduino::String)
 .text._ZN7RpcCallIJRN7arduino6StringEEED2Ev
                0x0000000000003778      0x118 /Users/rouyun/Desktop/IYRC-2026/.arduino/build/unoq/libraries/Arduino_RouterBridge/singletons.cpp.o
                0x0000000000003778                RpcCall<arduino::String&>::~RpcCall()
                0x0000000000003778                RpcCall<arduino::String&>::~RpcCall()
 .text._ZN10RpcDecoderILj1024EE12get_responseIjEEbjRT_R8RpcError
                0x0000000000003890      0x17c /Users/rouyun/Desktop/IYRC-2026/.arduino/build/unoq/libraries/Arduino_RouterBridge/singletons.cpp.o
                0x0000000000003890                bool RpcDecoder<1024u>::get_response<unsigned int>(unsigned int, unsigned int&, RpcError&)
 .text._ZN13BridgeMonitorILj512EE5writeEPKhj
                0x0000000000003a0c      0x1fc /Users/rouyun/Desktop/IYRC-2026/.arduino/build/unoq/libraries/Arduino_RouterBridge/singletons.cpp.o
                0x0000000000003a0c                BridgeMonitor<512u>::write(unsigned char const*, unsigned int)
 .text._ZN7RpcCallIJRjEE8setErrorEiN7arduino6StringE
                0x0000000000003c08       0x40 /Users/rouyun/Desktop/IYRC-2026/.arduino/build/unoq/libraries/Arduino_RouterBridge/singletons.cpp.o
                0x0000000000003c08                RpcCall<unsigned int&>::setError(int, arduino::String)
 .text._ZN7RpcCallIJRjEE7isErrorEv
                0x0000000000003c48       0x34 /Users/rouyun/Desktop/IYRC-2026/.arduino/build/unoq/libraries/Arduino_RouterBridge/singletons.cpp.o
                0x0000000000003c48                RpcCall<unsigned int&>::isError()
 .text._ZN7RpcCallIJRjEED2Ev
                0x0000000000003c7c      0x118 /Users/rouyun/Desktop/IYRC-2026/.arduino/build/unoq/libraries/Arduino_RouterBridge/singletons.cpp.o
                0x0000000000003c7c                RpcCall<unsigned int&>::~RpcCall()
                0x0000000000003c7c                RpcCall<unsigned int&>::~RpcCall()
 .text._ZN10RpcDecoderILj1024EE12get_responseISt6vectorIhSaIhEEEEbjRT_R8RpcError
                0x0000000000003d94      0x17c /Users/rouyun/Desktop/IYRC-2026/.arduino/build/unoq/libraries/Arduino_RouterBridge/singletons.cpp.o
                0x0000000000003d94                bool RpcDecoder<1024u>::get_response<std::vector<unsigned char, std::allocator<unsigned char> > >(unsigned int, std::vector<unsigned char, std::allocator<unsigned char> >&, RpcError&)
 .text._ZN7RpcCallIJRjEE6resultISt6vectorIhSaIhEEEEbRT_
                0x0000000000003f10      0x134 /Users/rouyun/Desktop/IYRC-2026/.arduino/build/unoq/libraries/Arduino_RouterBridge/singletons.cpp.o
                0x0000000000003f10                bool RpcCall<unsigned int&>::result<std::vector<unsigned char, std::allocator<unsigned char> > >(std::vector<unsigned char, std::allocator<unsigned char> >&)
 .text._ZN13BridgeMonitorILj512EE5_readEj
                0x0000000000004044      0x120 /Users/rouyun/Desktop/IYRC-2026/.arduino/build/unoq/libraries/Arduino_RouterBridge/singletons.cpp.o
                0x0000000000004044                BridgeMonitor<512u>::_read(unsigned int)
 .text._ZN13BridgeMonitorILj512EE9availableEv
                0x0000000000004164       0x44 /Users/rouyun/Desktop/IYRC-2026/.arduino/build/unoq/libraries/Arduino_RouterBridge/singletons.cpp.o
                0x0000000000004164                BridgeMonitor<512u>::available()
 .text._GLOBAL__sub_I_Bridge
                0x00000000000041a8       0xc0 /Users/rouyun/Desktop/IYRC-2026/.arduino/build/unoq/libraries/Arduino_RouterBridge/singletons.cpp.o
 .text._GLOBAL__sub_D_Bridge
                0x0000000000004268       0x20 /Users/rouyun/Desktop/IYRC-2026/.arduino/build/unoq/libraries/Arduino_RouterBridge/singletons.cpp.o
 .text._ZN7arduino6StringC2EOS0_
                0x0000000000004288       0x16 /Users/rouyun/Desktop/IYRC-2026/.arduino/build/unoq/core/core.a(String.cpp.o)
                0x0000000000004288                arduino::String::String(arduino::String&&)
                0x0000000000004288                arduino::String::String(arduino::String&&)
 *fill*         0x000000000000429e        0x2 
 .text._ZN7arduino6StringD2Ev
                0x00000000000042a0       0x14 /Users/rouyun/Desktop/IYRC-2026/.arduino/build/unoq/core/core.a(String.cpp.o)
                0x00000000000042a0                arduino::String::~String()
                0x00000000000042a0                arduino::String::~String()
 .text._ZN7arduino6String10invalidateEv
                0x00000000000042b4       0x1c /Users/rouyun/Desktop/IYRC-2026/.arduino/build/unoq/core/core.a(String.cpp.o)
                0x00000000000042b4                arduino::String::invalidate()
 .text._ZN7arduino6String12changeBufferEj
                0x00000000000042d0       0x1c /Users/rouyun/Desktop/IYRC-2026/.arduino/build/unoq/core/core.a(String.cpp.o)
                0x00000000000042d0                arduino::String::changeBuffer(unsigned int)
 .text._ZN7arduino6String7reserveEj
                0x00000000000042ec       0x28 /Users/rouyun/Desktop/IYRC-2026/.arduino/build/unoq/core/core.a(String.cpp.o)
                0x00000000000042ec                arduino::String::reserve(unsigned int)
 .text._ZN7arduino6String4copyEPKcj
                0x0000000000004314       0x3c /Users/rouyun/Desktop/IYRC-2026/.arduino/build/unoq/core/core.a(String.cpp.o)
                0x0000000000004314                arduino::String::copy(char const*, unsigned int)
 .text._ZN7arduino6StringC2EPKc
                0x0000000000004350       0x2c /Users/rouyun/Desktop/IYRC-2026/.arduino/build/unoq/core/core.a(String.cpp.o)
                0x0000000000004350                arduino::String::String(char const*)
                0x0000000000004350                arduino::String::String(char const*)
 .text._ZN7arduino6String4moveERS0_
                0x000000000000437c       0x2c /Users/rouyun/Desktop/IYRC-2026/.arduino/build/unoq/core/core.a(String.cpp.o)
                0x000000000000437c                arduino::String::move(arduino::String&)
 .text._ZN7arduino6StringaSERKS0_
                0x00000000000043a8       0x28 /Users/rouyun/Desktop/IYRC-2026/.arduino/build/unoq/core/core.a(String.cpp.o)
                0x00000000000043a8                arduino::String::operator=(arduino::String const&)
 .text._ZN7arduino6StringC2ERKS0_
                0x00000000000043d0       0x18 /Users/rouyun/Desktop/IYRC-2026/.arduino/build/unoq/core/core.a(String.cpp.o)
                0x00000000000043d0                arduino::String::String(arduino::String const&)
                0x00000000000043d0                arduino::String::String(arduino::String const&)
 .text._ZN7arduino6StringaSEOS0_
                0x00000000000043e8       0x10 /Users/rouyun/Desktop/IYRC-2026/.arduino/build/unoq/core/core.a(String.cpp.o)
                0x00000000000043e8                arduino::String::operator=(arduino::String&&)
 .text._ZN7arduino6StringaSEPKc
                0x00000000000043f8       0x30 /Users/rouyun/Desktop/IYRC-2026/.arduino/build/unoq/core/core.a(String.cpp.o)
                0x00000000000043f8                arduino::String::operator=(char const*)
 .text._ZN7arduino6String6concatEPKcj
                0x0000000000004428       0x40 /Users/rouyun/Desktop/IYRC-2026/.arduino/build/unoq/core/core.a(String.cpp.o)
                0x0000000000004428                arduino::String::concat(char const*, unsigned int)
 .text._ZN7arduino6String6concatEc
                0x0000000000004468       0x1c /Users/rouyun/Desktop/IYRC-2026/.arduino/build/unoq/core/core.a(String.cpp.o)
                0x0000000000004468                arduino::String::concat(char)
 .text._ZNK7arduino6String9compareToERKS0_
                0x0000000000004484       0x30 /Users/rouyun/Desktop/IYRC-2026/.arduino/build/unoq/core/core.a(String.cpp.o)
                0x0000000000004484                arduino::String::compareTo(arduino::String const&) const
 .text._ZNK7arduino6String6equalsERKS0_
                0x00000000000044b4       0x20 /Users/rouyun/Desktop/IYRC-2026/.arduino/build/unoq/core/core.a(String.cpp.o)
                0x00000000000044b4                arduino::String::equals(arduino::String const&) const
 .text._ZNK7arduino6String6equalsEPKc
                0x00000000000044d4       0x28 /Users/rouyun/Desktop/IYRC-2026/.arduino/build/unoq/core/core.a(String.cpp.o)
                0x00000000000044d4                arduino::String::equals(char const*) const
 .text.memcpy   0x00000000000044fc        0x8 /Users/rouyun/Desktop/IYRC-2026/.arduino/build/unoq/core/core.a(llext_wrappers.c.o)
                0x00000000000044fc                memcpy
 .text.memmove  0x0000000000004504        0x8 /Users/rouyun/Desktop/IYRC-2026/.arduino/build/unoq/core/core.a(llext_wrappers.c.o)
                0x0000000000004504                memmove
 .text.strlen   0x000000000000450c        0x8 /Users/rouyun/Desktop/IYRC-2026/.arduino/build/unoq/core/core.a(llext_wrappers.c.o)
                0x000000000000450c                strlen
 .text.strcmp   0x0000000000004514        0x8 /Users/rouyun/Desktop/IYRC-2026/.arduino/build/unoq/core/core.a(llext_wrappers.c.o)
                0x0000000000004514                strcmp
 .text.memset   0x000000000000451c        0x8 /Users/rouyun/Desktop/IYRC-2026/.arduino/build/unoq/core/core.a(llext_wrappers.c.o)
                0x000000000000451c                memset
 .text.malloc   0x0000000000004524        0x8 /Users/rouyun/Desktop/IYRC-2026/.arduino/build/unoq/core/core.a(llext_wrappers.c.o)
                0x0000000000004524                malloc
 .text.realloc  0x000000000000452c        0x8 /Users/rouyun/Desktop/IYRC-2026/.arduino/build/unoq/core/core.a(llext_wrappers.c.o)
                0x000000000000452c                realloc
 .text.free     0x0000000000004534        0x8 /Users/rouyun/Desktop/IYRC-2026/.arduino/build/unoq/core/core.a(llext_wrappers.c.o)
                0x0000000000004534                free
 .text.__aeabi_i2d
                0x000000000000453c        0xa /Users/rouyun/Desktop/IYRC-2026/.arduino/build/unoq/core/core.a(llext_wrappers.c.o)
                0x000000000000453c                __aeabi_i2d
 .text.__aeabi_ui2d
                0x0000000000004546        0xa /Users/rouyun/Desktop/IYRC-2026/.arduino/build/unoq/core/core.a(llext_wrappers.c.o)
                0x0000000000004546                __aeabi_ui2d
 .text.__aeabi_l2d
                0x0000000000004550        0xa /Users/rouyun/Desktop/IYRC-2026/.arduino/build/unoq/core/core.a(llext_wrappers.c.o)
                0x0000000000004550                __aeabi_l2d
 .text.__aeabi_ul2d
                0x000000000000455a        0xa /Users/rouyun/Desktop/IYRC-2026/.arduino/build/unoq/core/core.a(llext_wrappers.c.o)
                0x000000000000455a                __aeabi_ul2d
 .text.__aeabi_d2f
                0x0000000000004564        0xa /Users/rouyun/Desktop/IYRC-2026/.arduino/build/unoq/core/core.a(llext_wrappers.c.o)
                0x0000000000004564                __aeabi_d2f
 .text.__aeabi_f2d
                0x000000000000456e        0xa /Users/rouyun/Desktop/IYRC-2026/.arduino/build/unoq/core/core.a(llext_wrappers.c.o)
                0x000000000000456e                __aeabi_f2d
 .text.__aeabi_l2f
                0x0000000000004578        0xa /Users/rouyun/Desktop/IYRC-2026/.arduino/build/unoq/core/core.a(llext_wrappers.c.o)
                0x0000000000004578                __aeabi_l2f
 .text.__aeabi_ul2f
                0x0000000000004582        0xa /Users/rouyun/Desktop/IYRC-2026/.arduino/build/unoq/core/core.a(llext_wrappers.c.o)
                0x0000000000004582                __aeabi_ul2f
 .text.__aeabi_uldivmod
                0x000000000000458c        0xa /Users/rouyun/Desktop/IYRC-2026/.arduino/build/unoq/core/core.a(llext_wrappers.c.o)
                0x000000000000458c                __aeabi_uldivmod
 *fill*         0x0000000000004596        0x2 
 .text.atexit   0x0000000000004598        0x8 /Users/rouyun/Desktop/IYRC-2026/.arduino/build/unoq/core/core.a(llext_wrappers.c.o)
                0x0000000000004598                atexit
 .text.abort    0x00000000000045a0        0xc /Users/rouyun/Desktop/IYRC-2026/.arduino/build/unoq/core/core.a(llext_wrappers.c.o)
                0x00000000000045a0                abort
 .text.initVariant
                0x00000000000045ac        0x2 /Users/rouyun/Desktop/IYRC-2026/.arduino/build/unoq/core/core.a(main.cpp.o)
                0x00000000000045ac                initVariant
 *fill*         0x00000000000045ae        0x2 
 .text.main     0x00000000000045b0       0x2c /Users/rouyun/Desktop/IYRC-2026/.arduino/build/unoq/core/core.a(main.cpp.o)
                0x00000000000045b0                main
 .text._ZL10new_helperj
                0x00000000000045dc       0x10 /Users/rouyun/Desktop/IYRC-2026/.arduino/build/unoq/core/core.a(new.cpp.o)
 .text._Znwj    0x00000000000045ec        0x8 /Users/rouyun/Desktop/IYRC-2026/.arduino/build/unoq/core/core.a(new.cpp.o)
                0x00000000000045ec                operator new(unsigned int)
 .text._ZnwjPv  0x00000000000045f4        0x4 /Users/rouyun/Desktop/IYRC-2026/.arduino/build/unoq/core/core.a(new.cpp.o)
                0x00000000000045f4                operator new(unsigned int, void*)
 .text._ZdlPvj  0x00000000000045f8        0x8 /Users/rouyun/Desktop/IYRC-2026/.arduino/build/unoq/core/core.a(new.cpp.o)
                0x00000000000045f8                operator delete(void*, unsigned int)
 .text._Z20start_static_threadsv
                0x0000000000004600       0x6c /Users/rouyun/Desktop/IYRC-2026/.arduino/build/unoq/core/core.a(threads.cpp.o)
                0x0000000000004600                start_static_threads()
 *fill*         0x000000000000466c        0x4 
 .text.analogWrite
                0x0000000000004670      0x15c /Users/rouyun/Desktop/IYRC-2026/.arduino/build/unoq/core/core.a(wiring_analog.cpp.o)
                0x0000000000004670                analogWrite
 .text.gpio_pin_configure_dt.isra.0
                0x00000000000047cc       0x2a /Users/rouyun/Desktop/IYRC-2026/.arduino/build/unoq/core/core.a(wiring_digital.cpp.o)
 *fill*         0x00000000000047f6        0x2 
 .text.pinMode  0x00000000000047f8       0x40 /Users/rouyun/Desktop/IYRC-2026/.arduino/build/unoq/core/core.a(wiring_digital.cpp.o)
                0x00000000000047f8                pinMode
 .text.digitalWrite
                0x0000000000004838       0x3c /Users/rouyun/Desktop/IYRC-2026/.arduino/build/unoq/core/core.a(wiring_digital.cpp.o)
                0x0000000000004838                digitalWrite
 .text._ZN6zephyr7arduinoL29init_device_with_dependenciesEPK6device
                0x0000000000004874       0xd4 /Users/rouyun/Desktop/IYRC-2026/.arduino/build/unoq/core/core.a(zephyrPinctrl.cpp.o)
 .text._ZN6zephyr7arduino30init_dev_apply_channel_pinctrlEPK6devicej
                0x0000000000004948       0x80 /Users/rouyun/Desktop/IYRC-2026/.arduino/build/unoq/core/core.a(zephyrPinctrl.cpp.o)
                0x0000000000004948                zephyr::arduino::init_dev_apply_channel_pinctrl(device const*, unsigned int)
 .text._ZN6zephyr7arduino22init_dev_apply_pinctrlEPK6device
                0x00000000000049c8       0x10 /Users/rouyun/Desktop/IYRC-2026/.arduino/build/unoq/core/core.a(zephyrPinctrl.cpp.o)
                0x00000000000049c8                zephyr::arduino::init_dev_apply_pinctrl(device const*)
 .text.z_impl_uart_irq_tx_enable
                0x00000000000049d8        0xa /Users/rouyun/Desktop/IYRC-2026/.arduino/build/unoq/core/core.a(zephyrSerial.cpp.o)
 .text._ZN7arduino12ZephyrSerial5beginEm
                0x00000000000049e2        0xa /Users/rouyun/Desktop/IYRC-2026/.arduino/build/unoq/core/core.a(zephyrSerial.cpp.o)
                0x00000000000049e2                arduino::ZephyrSerial::begin(unsigned long)
 .text._ZN7arduino12ZephyrSerial5writeEh
                0x00000000000049ec       0x18 /Users/rouyun/Desktop/IYRC-2026/.arduino/build/unoq/core/core.a(zephyrSerial.cpp.o)
                0x00000000000049ec                arduino::ZephyrSerial::write(unsigned char)
 .text._ZN7arduino12ZephyrSerialcvbEv
                0x0000000000004a04        0x4 /Users/rouyun/Desktop/IYRC-2026/.arduino/build/unoq/core/core.a(zephyrSerial.cpp.o)
                0x0000000000004a04                arduino::ZephyrSerial::operator bool()
 .text.k_sem_give
                0x0000000000004a08        0x8 /Users/rouyun/Desktop/IYRC-2026/.arduino/build/unoq/core/core.a(zephyrSerial.cpp.o)
 .text.k_sem_take.isra.0
                0x0000000000004a10        0x8 /Users/rouyun/Desktop/IYRC-2026/.arduino/build/unoq/core/core.a(zephyrSerial.cpp.o)
 .text._ZN7arduino12ZephyrSerial4readEv
                0x0000000000004a18       0x48 /Users/rouyun/Desktop/IYRC-2026/.arduino/build/unoq/core/core.a(zephyrSerial.cpp.o)
                0x0000000000004a18                arduino::ZephyrSerial::read()
 .text._ZN7arduino12ZephyrSerial4peekEv
                0x0000000000004a60       0x48 /Users/rouyun/Desktop/IYRC-2026/.arduino/build/unoq/core/core.a(zephyrSerial.cpp.o)
                0x0000000000004a60                arduino::ZephyrSerial::peek()
 .text._ZN7arduino12ZephyrSerial17availableForWriteEv
                0x0000000000004aa8       0x34 /Users/rouyun/Desktop/IYRC-2026/.arduino/build/unoq/core/core.a(zephyrSerial.cpp.o)
                0x0000000000004aa8                arduino::ZephyrSerial::availableForWrite()
 .text._ZN7arduino12ZephyrSerial9availableEv
                0x0000000000004adc       0x34 /Users/rouyun/Desktop/IYRC-2026/.arduino/build/unoq/core/core.a(zephyrSerial.cpp.o)
                0x0000000000004adc                arduino::ZephyrSerial::available()
 .text._ZN7arduino12ZephyrSerial5beginEmt
                0x0000000000004b10       0xc4 /Users/rouyun/Desktop/IYRC-2026/.arduino/build/unoq/core/core.a(zephyrSerial.cpp.o)
                0x0000000000004b10                arduino::ZephyrSerial::begin(unsigned long, unsigned short)
 .text._ZN7arduino12ZephyrSerial3endEv
                0x0000000000004bd4        0xc /Users/rouyun/Desktop/IYRC-2026/.arduino/build/unoq/core/core.a(zephyrSerial.cpp.o)
                0x0000000000004bd4                arduino::ZephyrSerial::end()
 .text._ZN7arduino12ZephyrSerial5flushEv
                0x0000000000004be0       0x2c /Users/rouyun/Desktop/IYRC-2026/.arduino/build/unoq/core/core.a(zephyrSerial.cpp.o)
                0x0000000000004be0                arduino::ZephyrSerial::flush()
 .text._ZN7arduino12ZephyrSerial5writeEPKhj
                0x0000000000004c0c       0x70 /Users/rouyun/Desktop/IYRC-2026/.arduino/build/unoq/core/core.a(zephyrSerial.cpp.o)
                0x0000000000004c0c                arduino::ZephyrSerial::write(unsigned char const*, unsigned int)
 .text._ZN7arduino12ZephyrSerial10IrqHandlerEv
                0x0000000000004c7c       0xec /Users/rouyun/Desktop/IYRC-2026/.arduino/build/unoq/core/core.a(zephyrSerial.cpp.o)
                0x0000000000004c7c                arduino::ZephyrSerial::IrqHandler()
 .text._ZN7arduino12ZephyrSerial11IrqDispatchEPK6devicePv
                0x0000000000004d68        0xc /Users/rouyun/Desktop/IYRC-2026/.arduino/build/unoq/core/core.a(zephyrSerial.cpp.o)
                0x0000000000004d68                arduino::ZephyrSerial::IrqDispatch(device const*, void*)
 .text._ZN7arduino12ZephyrSerial18ZephyrSerialBufferILi64EEC2Ev
                0x0000000000004d74       0x28 /Users/rouyun/Desktop/IYRC-2026/.arduino/build/unoq/core/core.a(zephyrSerial.cpp.o)
                0x0000000000004d74                arduino::ZephyrSerial::ZephyrSerialBuffer<64>::ZephyrSerialBuffer()
                0x0000000000004d74                arduino::ZephyrSerial::ZephyrSerialBuffer<64>::ZephyrSerialBuffer()
 .text._GLOBAL__sub_I__ZN7arduino12ZephyrSerial5beginEmt
                0x0000000000004d9c       0x7c /Users/rouyun/Desktop/IYRC-2026/.arduino/build/unoq/core/core.a(zephyrSerial.cpp.o)
 .text.yield    0x0000000000004e18        0x8 /Users/rouyun/Desktop/IYRC-2026/.arduino/build/unoq/core/core.a(zephyrCommon.cpp.o)
                0x0000000000004e18                yield
 .text.unlikely._ZSt17__throw_bad_allocv
                0x0000000000004e20        0x6 /Users/rouyun/Desktop/IYRC-2026/.arduino/data/packages/zephyr/tools/arm-zephyr-eabi/0.16.8/bin/../lib/gcc/arm-zephyr-eabi/12.2.0/../../../../arm-zephyr-eabi/lib/thumb/v8-m.main+fp/hard/libstdc++_nano.a(functexcept.o)
                0x0000000000004e20                std::__throw_bad_alloc()
 .text.unlikely._ZSt20__throw_length_errorPKc
                0x0000000000004e26        0x6 /Users/rouyun/Desktop/IYRC-2026/.arduino/data/packages/zephyr/tools/arm-zephyr-eabi/0.16.8/bin/../lib/gcc/arm-zephyr-eabi/12.2.0/../../../../arm-zephyr-eabi/lib/thumb/v8-m.main+fp/hard/libstdc++_nano.a(functexcept.o)
                0x0000000000004e26                std::__throw_length_error(char const*)
 *(.text.*)
 *(.text._*)
 *(.init)
 *(.ctors)
 *(.dtors)
 *(.fini)

.static_thread_data_area
                0x0000000000004e2c        0x0
                0x0000000000004e2c                __static_thread_data_list_start = .
 *(.static_thread_data_area SORT_BY_NAME(.__static_thread_data.*))
                0x0000000000004e2c                __static_thread_data_list_end = .

.data           0x0000000000004e2c        0x4
 *(.data .data.*)
 .data._ZN12_GLOBAL__N_124_analog_write_resolutionE
                0x0000000000004e2c        0x4 /Users/rouyun/Desktop/IYRC-2026/.arduino/build/unoq/core/core.a(wiring_analog.cpp.o)

.bss            0x0000000000004e30      0x6fc
 *(.bss .bss.* COMMON)
 .bss._ZGVN12RouterBridge3HCIE
                0x0000000000004e30        0x4 /Users/rouyun/Desktop/IYRC-2026/.arduino/build/unoq/sketch/LinkGuard_Arduino.ino.cpp.o
                0x0000000000004e30                guard variable for RouterBridge::HCI
 .bss._ZN12RouterBridge3HCIE
                0x0000000000004e34       0x28 /Users/rouyun/Desktop/IYRC-2026/.arduino/build/unoq/sketch/LinkGuard_Arduino.ino.cpp.o
                0x0000000000004e34                RouterBridge::HCI
 *fill*         0x0000000000004e5c        0x4 
 .bss._ZZN8RpcUtils6detail12unpackObjectERN7arduino7msgpack8UnpackerEE1t
                0x0000000000004e60       0x10 /Users/rouyun/Desktop/IYRC-2026/.arduino/build/unoq/sketch/LinkGuard_Arduino.ino.cpp.o
                0x0000000000004e60                RpcUtils::detail::unpackObject(arduino::msgpack::Unpacker&)::t
 .bss._ZGVZN8RpcUtils6detail12unpackObjectERN7arduino7msgpack8UnpackerEE1e
                0x0000000000004e70        0x4 /Users/rouyun/Desktop/IYRC-2026/.arduino/build/unoq/sketch/LinkGuard_Arduino.ino.cpp.o
                0x0000000000004e70                guard variable for RpcUtils::detail::unpackObject(arduino::msgpack::Unpacker&)::e
 .bss._ZZN8RpcUtils6detail12unpackObjectERN7arduino7msgpack8UnpackerEE1e
                0x0000000000004e74        0xc /Users/rouyun/Desktop/IYRC-2026/.arduino/build/unoq/sketch/LinkGuard_Arduino.ino.cpp.o
                0x0000000000004e74                RpcUtils::detail::unpackObject(arduino::msgpack::Unpacker&)::e
 .bss._ZZN8RpcUtils6detail12unpackObjectERN7arduino7msgpack8UnpackerEE6map_sz
                0x0000000000004e80        0x4 /Users/rouyun/Desktop/IYRC-2026/.arduino/build/unoq/sketch/LinkGuard_Arduino.ino.cpp.o
                0x0000000000004e80                RpcUtils::detail::unpackObject(arduino::msgpack::Unpacker&)::map_sz
 .bss._ZZN8RpcUtils6detail12unpackObjectERN7arduino7msgpack8UnpackerEE6arr_sz
                0x0000000000004e84        0x4 /Users/rouyun/Desktop/IYRC-2026/.arduino/build/unoq/sketch/LinkGuard_Arduino.ino.cpp.o
                0x0000000000004e84                RpcUtils::detail::unpackObject(arduino::msgpack::Unpacker&)::arr_sz
 .bss._ZGVZN8RpcUtils6detail12unpackObjectERN7arduino7msgpack8UnpackerEE5bytes
                0x0000000000004e88        0x4 /Users/rouyun/Desktop/IYRC-2026/.arduino/build/unoq/sketch/LinkGuard_Arduino.ino.cpp.o
                0x0000000000004e88                guard variable for RpcUtils::detail::unpackObject(arduino::msgpack::Unpacker&)::bytes
 .bss._ZZN8RpcUtils6detail12unpackObjectERN7arduino7msgpack8UnpackerEE5bytes
                0x0000000000004e8c        0xc /Users/rouyun/Desktop/IYRC-2026/.arduino/build/unoq/sketch/LinkGuard_Arduino.ino.cpp.o
                0x0000000000004e8c                RpcUtils::detail::unpackObject(arduino::msgpack::Unpacker&)::bytes
 .bss._ZGVZN8RpcUtils6detail12unpackObjectERN7arduino7msgpack8UnpackerEE6string
                0x0000000000004e98        0x4 /Users/rouyun/Desktop/IYRC-2026/.arduino/build/unoq/sketch/LinkGuard_Arduino.ino.cpp.o
                0x0000000000004e98                guard variable for RpcUtils::detail::unpackObject(arduino::msgpack::Unpacker&)::string
 .bss._ZZN8RpcUtils6detail12unpackObjectERN7arduino7msgpack8UnpackerEE6string
                0x0000000000004e9c        0xc /Users/rouyun/Desktop/IYRC-2026/.arduino/build/unoq/sketch/LinkGuard_Arduino.ino.cpp.o
                0x0000000000004e9c                RpcUtils::detail::unpackObject(arduino::msgpack::Unpacker&)::string
 .bss._ZZN8RpcUtils6detail12unpackObjectERN7arduino7msgpack8UnpackerEE5num64
                0x0000000000004ea8        0x8 /Users/rouyun/Desktop/IYRC-2026/.arduino/build/unoq/sketch/LinkGuard_Arduino.ino.cpp.o
                0x0000000000004ea8                RpcUtils::detail::unpackObject(arduino::msgpack::Unpacker&)::num64
 .bss._ZZN8RpcUtils6detail12unpackObjectERN7arduino7msgpack8UnpackerEE5num32
                0x0000000000004eb0        0x4 /Users/rouyun/Desktop/IYRC-2026/.arduino/build/unoq/sketch/LinkGuard_Arduino.ino.cpp.o
                0x0000000000004eb0                RpcUtils::detail::unpackObject(arduino::msgpack::Unpacker&)::num32
 .bss._ZZN8RpcUtils6detail12unpackObjectERN7arduino7msgpack8UnpackerEE7integer
                0x0000000000004eb4        0x4 /Users/rouyun/Desktop/IYRC-2026/.arduino/build/unoq/sketch/LinkGuard_Arduino.ino.cpp.o
                0x0000000000004eb4                RpcUtils::detail::unpackObject(arduino::msgpack::Unpacker&)::integer
 .bss._ZZN8RpcUtils6detail12unpackObjectERN7arduino7msgpack8UnpackerEE1b
                0x0000000000004eb8        0x1 /Users/rouyun/Desktop/IYRC-2026/.arduino/build/unoq/sketch/LinkGuard_Arduino.ino.cpp.o
                0x0000000000004eb8                RpcUtils::detail::unpackObject(arduino::msgpack::Unpacker&)::b
 .bss._ZZN8RpcUtils6detail12unpackObjectERN7arduino7msgpack8UnpackerEE3nil
                0x0000000000004eb9        0x1 /Users/rouyun/Desktop/IYRC-2026/.arduino/build/unoq/sketch/LinkGuard_Arduino.ino.cpp.o
                0x0000000000004eb9                RpcUtils::detail::unpackObject(arduino::msgpack::Unpacker&)::nil
 *fill*         0x0000000000004eba        0x2 
 .bss._ZGVZN7arduino7msgpack8Unpacker10from_arrayIJRiRNS_6StringEEEEbDpOT_E2sz
                0x0000000000004ebc        0x4 /Users/rouyun/Desktop/IYRC-2026/.arduino/build/unoq/libraries/Arduino_RouterBridge/singletons.cpp.o
                0x0000000000004ebc                guard variable for arduino::msgpack::Unpacker::from_array<int&, arduino::String&>(int&, arduino::String&)::sz
 .bss._ZZN7arduino7msgpack8Unpacker10from_arrayIJRiRNS_6StringEEEEbDpOT_E2sz
                0x0000000000004ec0        0x4 /Users/rouyun/Desktop/IYRC-2026/.arduino/build/unoq/libraries/Arduino_RouterBridge/singletons.cpp.o
                0x0000000000004ec0                arduino::msgpack::Unpacker::from_array<int&, arduino::String&>(int&, arduino::String&)::sz
 .bss.Monitor   0x0000000000004ec4      0x238 /Users/rouyun/Desktop/IYRC-2026/.arduino/build/unoq/libraries/Arduino_RouterBridge/singletons.cpp.o
                0x0000000000004ec4                Serial
                0x0000000000004ec4                Monitor
 *fill*         0x00000000000050fc        0x4 
 .bss.Bridge    0x0000000000005100      0x168 /Users/rouyun/Desktop/IYRC-2026/.arduino/build/unoq/libraries/Arduino_RouterBridge/singletons.cpp.o
                0x0000000000005100                Bridge
 .bss.Serial3   0x0000000000005268       0xec /Users/rouyun/Desktop/IYRC-2026/.arduino/build/unoq/core/core.a(zephyrSerial.cpp.o)
                0x0000000000005268                Serial3
 .bss.Serial2   0x0000000000005354       0xec /Users/rouyun/Desktop/IYRC-2026/.arduino/build/unoq/core/core.a(zephyrSerial.cpp.o)
                0x0000000000005354                Serial2
 .bss.Serial1   0x0000000000005440       0xec /Users/rouyun/Desktop/IYRC-2026/.arduino/build/unoq/core/core.a(zephyrSerial.cpp.o)
                0x0000000000005440                Serial1
 *(.noinit .noinit.*)

.exported_sym   0x000000000000552c        0x8
 *(.exported_sym)
 .exported_sym  0x000000000000552c        0x8 /Users/rouyun/Desktop/IYRC-2026/.arduino/build/unoq/core/core.a(main.cpp.o)
 *(.exported_sym.*)

.init_array     0x0000000000005534        0xc
 *(.init_array)
 .init_array    0x0000000000005534        0x4 /Users/rouyun/Desktop/IYRC-2026/.arduino/build/unoq/sketch/LinkGuard_Arduino.ino.cpp.o
 .init_array    0x0000000000005538        0x4 /Users/rouyun/Desktop/IYRC-2026/.arduino/build/unoq/libraries/Arduino_RouterBridge/singletons.cpp.o
 .init_array    0x000000000000553c        0x4 /Users/rouyun/Desktop/IYRC-2026/.arduino/build/unoq/core/core.a(zephyrSerial.cpp.o)

.fini_array     0x0000000000005540        0x8
 *(.fini_array)
 .fini_array    0x0000000000005540        0x4 /Users/rouyun/Desktop/IYRC-2026/.arduino/build/unoq/sketch/LinkGuard_Arduino.ino.cpp.o
 .fini_array    0x0000000000005544        0x4 /Users/rouyun/Desktop/IYRC-2026/.arduino/build/unoq/libraries/Arduino_RouterBridge/singletons.cpp.o

.symtab
 *(.symtab)

.strtab
 *(.strtab)

.shstrtab
 *(.shstrtab)

.got
 *(.got .got.* .got.plt .got.plt*)
OUTPUT(/Users/rouyun/Desktop/IYRC-2026/.arduino/build/unoq/LinkGuard_Arduino.ino_debug.elf elf32-littlearm)
LOAD linker stubs

.debug_info     0x0000000000000000    0x65653
 .debug_info    0x0000000000000000    0x22575 /Users/rouyun/Desktop/IYRC-2026/.arduino/build/unoq/sketch/LinkGuard_Arduino.ino.cpp.o
 .debug_info    0x0000000000022575    0x2be0d /Users/rouyun/Desktop/IYRC-2026/.arduino/build/unoq/libraries/Arduino_RouterBridge/singletons.cpp.o
 .debug_info    0x000000000004e382     0x3e0e /Users/rouyun/Desktop/IYRC-2026/.arduino/build/unoq/core/core.a(String.cpp.o)
 .debug_info    0x0000000000052190     0x1e60 /Users/rouyun/Desktop/IYRC-2026/.arduino/build/unoq/core/core.a(llext_wrappers.c.o)
 .debug_info    0x0000000000053ff0     0x1e2d /Users/rouyun/Desktop/IYRC-2026/.arduino/build/unoq/core/core.a(main.cpp.o)
 .debug_info    0x0000000000055e1d      0x7b1 /Users/rouyun/Desktop/IYRC-2026/.arduino/build/unoq/core/core.a(new.cpp.o)
 .debug_info    0x00000000000565ce     0x1f7c /Users/rouyun/Desktop/IYRC-2026/.arduino/build/unoq/core/core.a(threads.cpp.o)
 .debug_info    0x000000000005854a     0x2d9e /Users/rouyun/Desktop/IYRC-2026/.arduino/build/unoq/core/core.a(wiring_analog.cpp.o)
 .debug_info    0x000000000005b2e8     0x24db /Users/rouyun/Desktop/IYRC-2026/.arduino/build/unoq/core/core.a(wiring_digital.cpp.o)
 .debug_info    0x000000000005d7c3     0x282d /Users/rouyun/Desktop/IYRC-2026/.arduino/build/unoq/core/core.a(zephyrPinctrl.cpp.o)
 .debug_info    0x000000000005fff0     0x3ac3 /Users/rouyun/Desktop/IYRC-2026/.arduino/build/unoq/core/core.a(zephyrSerial.cpp.o)